Archive member included because of file (symbol)

O:\fehqt\Proteus/EWL/lib/armv7e-m\libm.a(s_cos.o)
                              ..\main.o (cos)
O:\fehqt\Proteus/EWL/lib/armv7e-m\libm.a(s_sin.o)
                              ..\main.o (sin)
O:\fehqt\Proteus/EWL/lib/armv7e-m\libm.a(e_rem_pio2.o)
                              O:\fehqt\Proteus/EWL/lib/armv7e-m\libm.a(s_cos.o) (__ieee754_rem_pio2)
O:\fehqt\Proteus/EWL/lib/armv7e-m\libm.a(k_cos.o)
                              O:\fehqt\Proteus/EWL/lib/armv7e-m\libm.a(s_cos.o) (__kernel_cos)
O:\fehqt\Proteus/EWL/lib/armv7e-m\libm.a(k_rem_pio2.o)
                              O:\fehqt\Proteus/EWL/lib/armv7e-m\libm.a(e_rem_pio2.o) (__kernel_rem_pio2)
O:\fehqt\Proteus/EWL/lib/armv7e-m\libm.a(k_sin.o)
                              O:\fehqt\Proteus/EWL/lib/armv7e-m\libm.a(s_cos.o) (__kernel_sin)
O:\fehqt\Proteus/EWL/lib/armv7e-m\libm.a(s_floor.o)
                              O:\fehqt\Proteus/EWL/lib/armv7e-m\libm.a(k_rem_pio2.o) (floor)
O:\fehqt\Proteus/EWL/lib/armv7e-m\libm.a(scalbn.o)
                              O:\fehqt\Proteus/EWL/lib/armv7e-m\libm.a(k_rem_pio2.o) (scalbn)
O:\fehqt\Proteus/EWL/lib/armv7e-m\libm.a(s_frexp.o)
                              O:\fehqt\Proteus/EWL/lib/armv7e-m\libm.a(scalbn.o) (frexp)
O:\fehqt\Proteus/EWL/lib/armv7e-m\libm.a(s_ldexp.o)
                              O:\fehqt\Proteus/EWL/lib/armv7e-m\libm.a(scalbn.o) (ldexp)
O:\fehqt\Proteus/EWL/lib/armv7e-m\libm.a(math_api.o)
                              O:\fehqt\Proteus/EWL/lib/armv7e-m\libm.a(s_ldexp.o) (__fpclassifyd)
O:\fehqt\Proteus/EWL/lib/armv7e-m\libc.a(sprintf.o)
                              Libraries\FEHLCD.o (sprintf)
O:\fehqt\Proteus/EWL/lib/armv7e-m\libc.a(vsnprintf.o)
                              O:\fehqt\Proteus/EWL/lib/armv7e-m\libc.a(sprintf.o) (vsnprintf)
O:\fehqt\Proteus/EWL/lib/armv7e-m\libc.a(exit.o)
                              Startup\__arm_start.o (exit)
O:\fehqt\Proteus/EWL/lib/armv7e-m\libc.a(memcpy.o)
                              O:\fehqt\Proteus/EWL/lib/armv7e-m\libc.a(vsnprintf.o) (memcpy)
O:\fehqt\Proteus/EWL/lib/armv7e-m\libc.a(memset.o)
                              Startup\__arm_start.o (memset)
O:\fehqt\Proteus/EWL/lib/armv7e-m\libc.a(strcmp.o)
                              Libraries\FEHLCD.o (strcmp)
O:\fehqt\Proteus/EWL/lib/armv7e-m\libc.a(strcpy.o)
                              Libraries\FEHLCD.o (strcpy)
O:\fehqt\Proteus/EWL/lib/armv7e-m\libc.a(strlen.o)
                              Libraries\FEHLCD.o (strlen)
O:\fehqt\Proteus/EWL/lib/armv7e-m\libc.a(math_ARM.o)
                              O:\fehqt\Proteus/EWL/lib/armv7e-m\libm.a(math_api.o) (__ewl_count_bits32)
O:\fehqt\Proteus/EWL/lib/armv7e-m\libc.a(printformat_.o)
                              (__pformatter_)
O:\fehqt\Proteus/EWL/lib/armv7e-m\libc.a(scanformat_.o)
                              (__sformatter)
O:\fehqt\Proteus/EWL/lib/armv7e-m\libc.a(ctype_aeabi.o)
                              O:\fehqt\Proteus/EWL/lib/armv7e-m\libc.a(scanformat_.o) (isspace)
O:\fehqt\Proteus/EWL/lib/armv7e-m\libc.a(__strtoul.o)
                              O:\fehqt\Proteus/EWL/lib/armv7e-m\libc.a(scanformat_.o) (__strtoul)
O:\fehqt\Proteus/EWL/lib/armv7e-m\libc.a(__filll_mem.o)
                              O:\fehqt\Proteus/EWL/lib/armv7e-m\libc.a(memset.o) (__fill_mem)
O:\fehqt\Proteus/EWL/lib/armv7e-m\libc.a(memchr.o)
                              O:\fehqt\Proteus/EWL/lib/armv7e-m\libc.a(printformat_.o) (memchr)
O:\fehqt\Proteus/EWL/lib/armv7e-m\libc.a(strchr.o)
                              O:\fehqt\Proteus/EWL/lib/armv7e-m\libc.a(printformat_.o) (strchr)
o:/fehqt/proteus/gcc/bin/../lib/gcc/arm-none-eabi/4.6.2/armv7e-m\libgcc.a(_lshrdi3.o)
                              O:\fehqt\Proteus/EWL/lib/armv7e-m\libc.a(math_ARM.o) (__aeabi_llsr)
o:/fehqt/proteus/gcc/bin/../lib/gcc/arm-none-eabi/4.6.2/armv7e-m\libgcc.a(_ashldi3.o)
                              O:\fehqt\Proteus/EWL/lib/armv7e-m\libc.a(math_ARM.o) (__aeabi_llsl)
o:/fehqt/proteus/gcc/bin/../lib/gcc/arm-none-eabi/4.6.2/armv7e-m\libgcc.a(_arm_addsubdf3.o)
                              ..\main.o (__aeabi_dsub)
o:/fehqt/proteus/gcc/bin/../lib/gcc/arm-none-eabi/4.6.2/armv7e-m\libgcc.a(_arm_muldivdf3.o)
                              ..\main.o (__aeabi_dmul)
o:/fehqt/proteus/gcc/bin/../lib/gcc/arm-none-eabi/4.6.2/armv7e-m\libgcc.a(_arm_cmpdf2.o)
                              O:\fehqt\Proteus/EWL/lib/armv7e-m\libm.a(e_rem_pio2.o) (__aeabi_dcmpeq)
o:/fehqt/proteus/gcc/bin/../lib/gcc/arm-none-eabi/4.6.2/armv7e-m\libgcc.a(_arm_fixdfsi.o)
                              Libraries\FEHMotor.o (__aeabi_d2iz)
o:/fehqt/proteus/gcc/bin/../lib/gcc/arm-none-eabi/4.6.2/armv7e-m\libgcc.a(_arm_fixunsdfsi.o)
                              Libraries\FEHUtility.o (__aeabi_d2uiz)
o:/fehqt/proteus/gcc/bin/../lib/gcc/arm-none-eabi/4.6.2/armv7e-m\libgcc.a(_arm_truncdfsf2.o)
                              ..\main.o (__aeabi_d2f)
[...]
Memory Configuration

Name             Origin             Length             Attributes
m_interrupts     0x0000c000         0x00000400         xr
m_cfmprotrom     0x0000c400         0x00000010         xr
m_text           0x0000c410         0x00073bf0         xr
m_data           0x1fff0400         0x0000fc00         xrw
m_data2          0x20000000         0x00010000         xrw
*default*        0x00000000         0xffffffff

Linker script and memory map

LOAD ..\main.o
LOAD Startup\__arm_start.o
LOAD Startup\__arm_end.o
LOAD Startup\kinetis_sysinit.o
LOAD Libraries\FEHMotor.o
LOAD Drivers\mcg.o
LOAD Drivers\i2c.o
LOAD Drivers\spi.o
LOAD Drivers\uart.o
LOAD Drivers\ff.o
LOAD Drivers\SDHC.o
LOAD Drivers\lptmr.o
LOAD FEHProteus.o
LOAD Drivers\FEHPropeller.o
LOAD Libraries\FEHUtility.o
LOAD Libraries\FEHIO.o
LOAD Drivers\adc16.o
LOAD Libraries\FEHBuzzer.o
LOAD Libraries\FEHServo.o
LOAD Libraries\FEHLCD.o
LOAD Libraries\FEHAccel.o
LOAD Libraries\FEHBattery.o
LOAD Drivers\FEHXBee.o
LOAD Libraries\FEHRPS.o
LOAD Libraries\FEHSD.o
                0x00016158                __pformatter = __pformatter_
                [0x00016550]                __sformatter = __sformatter
LOAD O:\fehqt\Proteus/EWL/lib/armv7e-m\libstdc++.a
LOAD O:\fehqt\Proteus/EWL/lib/armv7e-m\libm.a
START GROUP
LOAD O:\fehqt\Proteus/EWL/lib/armv7e-m\libc.a
LOAD O:\fehqt\Proteus/EWL/lib/armv7e-m\libc++.a
LOAD O:\fehqt\Proteus/EWL/lib/armv7e-m\libm.a
LOAD o:/fehqt/proteus/gcc/bin/../lib/gcc/arm-none-eabi/4.6.2/armv7e-m\libgcc.a
LOAD O:\fehqt\Proteus/EWL/lib/armv7e-m\librt.a
LOAD o:/fehqt/proteus/gcc/bin/../lib/gcc/arm-none-eabi/4.6.2/../../../../arm-none-eabi/lib/armv7e-m\libsupc++.a
END GROUP
                0x20000000                _estack = 0x20000000
                0x20000000                __SP_INIT = _estack
                0x00000800                __heap_size = 0x800
                0x00000800                __stack_size = 0x800

.interrupts     0x0000c000      0x1e0
                0x0000c000                __vector_table = .
                0x0000c000                . = ALIGN (0x4)
 *(.vectortable)
 .vectortable   0x0000c000      0x1e0 Startup\kinetis_sysinit.o
                0x0000c1e0                . = ALIGN (0x4)

.cfmprotect     0x0000c400        0x0
                0x0000c400                . = ALIGN (0x4)
 *(.cfmconfig)
                0x0000c400                . = ALIGN (0x4)

.text           0x0000c410     0xc4c4
                0x0000c410                . = ALIGN (0x4)
 *(.text)
 .text          0x0000c410      0x370 o:/fehqt/proteus/gcc/bin/../lib/gcc/arm-none-eabi/4.6.2/armv7e-m\libgcc.a(_arm_addsubdf3.o)
                0x0000c410                __aeabi_drsub
                0x0000c418                __aeabi_dsub
                0x0000c418                __subdf3
                0x0000c41c                __aeabi_dadd
                0x0000c41c                __adddf3
                0x0000c694                __floatunsidf
                0x0000c694                __aeabi_ui2d
                0x0000c6b4                __floatsidf
                0x0000c6b4                __aeabi_i2d
                0x0000c6d8                __aeabi_f2d
                0x0000c6d8                __extendsfdf2
                0x0000c714                __floatundidf
                0x0000c714                __aeabi_ul2d
                0x0000c724                __floatdidf
                0x0000c724                __aeabi_l2d
 .text          0x0000c780      0x424 o:/fehqt/proteus/gcc/bin/../lib/gcc/arm-none-eabi/4.6.2/armv7e-m\libgcc.a(_arm_muldivdf3.o)
                0x0000c780                __aeabi_dmul
                0x0000c780                __muldf3
                0x0000c9d4                __divdf3
                0x0000c9d4                __aeabi_ddiv
 .text          0x0000cba4      0x110 o:/fehqt/proteus/gcc/bin/../lib/gcc/arm-none-eabi/4.6.2/armv7e-m\libgcc.a(_arm_cmpdf2.o)
                0x0000cba4                __gtdf2
                0x0000cba4                __gedf2
                0x0000cbac                __ltdf2
                0x0000cbac                __ledf2
                0x0000cbb4                __nedf2
                0x0000cbb4                __eqdf2
                0x0000cbb4                __cmpdf2
                0x0000cc30                __aeabi_cdrcmple
                0x0000cc40                __aeabi_cdcmpeq
                0x0000cc40                __aeabi_cdcmple
                0x0000cc50                __aeabi_dcmpeq
                0x0000cc64                __aeabi_dcmplt
                0x0000cc78                __aeabi_dcmple
                0x0000cc8c                __aeabi_dcmpge
                0x0000cca0                __aeabi_dcmpgt
 .text          0x0000ccb4       0x50 o:/fehqt/proteus/gcc/bin/../lib/gcc/arm-none-eabi/4.6.2/armv7e-m\libgcc.a(_arm_fixdfsi.o)
                0x0000ccb4                __aeabi_d2iz
                0x0000ccb4                __fixdfsi
 .text          0x0000cd04       0x40 o:/fehqt/proteus/gcc/bin/../lib/gcc/arm-none-eabi/4.6.2/armv7e-m\libgcc.a(_arm_fixunsdfsi.o)
                0x0000cd04                __aeabi_d2uiz
                0x0000cd04                __fixunsdfsi
 .text          0x0000cd44       0xa0 o:/fehqt/proteus/gcc/bin/../lib/gcc/arm-none-eabi/4.6.2/armv7e-m\libgcc.a(_arm_truncdfsf2.o)
                0x0000cd44                __truncdfsf2
                0x0000cd44                __aeabi_d2f
 .text          0x0000cde4      0x21c o:/fehqt/proteus/gcc/bin/../lib/gcc/arm-none-eabi/4.6.2/armv7e-m\libgcc.a(_arm_addsubsf3.o)
                0x0000cde4                __aeabi_frsub
                0x0000cdec                __subsf3
                0x0000cdec                __aeabi_fsub
                0x0000cdf0                __aeabi_fadd
                0x0000cdf0                __addsf3
                0x0000cf50                __aeabi_ui2f
                0x0000cf50                __floatunsisf
                0x0000cf58                __aeabi_i2f
                0x0000cf58                __floatsisf
                0x0000cf74                __aeabi_ul2f
                0x0000cf74                __floatundisf
                0x0000cf84                __aeabi_l2f
                0x0000cf84                __floatdisf
 .text          0x0000d000      0x2a0 o:/fehqt/proteus/gcc/bin/../lib/gcc/arm-none-eabi/4.6.2/armv7e-m\libgcc.a(_arm_muldivsf3.o)
                0x0000d000                __mulsf3
                0x0000d000                __aeabi_fmul
                0x0000d168                __aeabi_fdiv
                0x0000d168                __divsf3
 .text          0x0000d2a0       0xec o:/fehqt/proteus/gcc/bin/../lib/gcc/arm-none-eabi/4.6.2/armv7e-m\libgcc.a(_arm_cmpsf2.o)
                0x0000d2a0                __gesf2
                0x0000d2a0                __gtsf2
                0x0000d2a8                __lesf2
                0x0000d2a8                __ltsf2
                0x0000d2b0                __nesf2
                0x0000d2b0                __eqsf2
                0x0000d2b0                __cmpsf2
                0x0000d310                __aeabi_cfrcmple
                0x0000d318                __aeabi_cfcmpeq
                0x0000d318                __aeabi_cfcmple
                0x0000d328                __aeabi_fcmpeq
                0x0000d33c                __aeabi_fcmplt
                0x0000d350                __aeabi_fcmple
                0x0000d364                __aeabi_fcmpge
                0x0000d378                __aeabi_fcmpgt
 .text          0x0000d38c       0x4c o:/fehqt/proteus/gcc/bin/../lib/gcc/arm-none-eabi/4.6.2/armv7e-m\libgcc.a(_arm_fixsfsi.o)
                0x0000d38c                __aeabi_f2iz
                0x0000d38c                __fixsfsi
 *(.text*)
 .text._ZSt3absf
                0x0000d3d8       0x1c ..\main.o
                0x0000d3d8                std::abs(float)
 .text._Z3minff
                0x0000d3f4       0x3c ..\main.o
                0x0000d3f4                min(float, float)
 .text._Z17setFrontLeftSpeedf
                0x0000d430      0x120 ..\main.o
                0x0000d430                setFrontLeftSpeed(float)
 .text._Z18setFrontRightSpeedf
                0x0000d550      0x120 ..\main.o
                0x0000d550                setFrontRightSpeed(float)
 .text._Z16setBackLeftSpeedf
                0x0000d670      0x120 ..\main.o
                0x0000d670                setBackLeftSpeed(float)
 .text._Z17setBackRightSpeedf
                0x0000d790      0x120 ..\main.o
                0x0000d790                setBackRightSpeed(float)
 .text.main     0x0000d8b0      0x160 ..\main.o
                0x0000d8b0                main
 .text._Z10drivePolarfff
                0x0000da10      0x6e8 ..\main.o
                0x0000da10                drivePolar(float, float, float)
 .text._Z17driveBackwardFourif
                0x0000e0f8      0x108 ..\main.o
                0x0000e0f8                driveBackwardFour(int, float)
 .text._Z16driveForwardFourif
                0x0000e200      0x120 ..\main.o
                0x0000e200                driveForwardFour(int, float)
 .text._Z14driveRightFourif
                0x0000e320      0x114 ..\main.o
                0x0000e320                driveRightFour(int, float)
 .text._Z13driveLeftFourif
                0x0000e434      0x114 ..\main.o
                0x0000e434                driveLeftFour(int, float)
 .text._Z14buttonDecisioni
                0x0000e548       0x9c ..\main.o
                0x0000e548                buttonDecision(int)
 .text._Z20driveLeftFourCdSCellif
                0x0000e5e4      0x160 ..\main.o
                0x0000e5e4                driveLeftFourCdSCell(int, float)
 .text._Z41__static_initialization_and_destruction_0ii
                0x0000e744       0xd0 ..\main.o
 .text._GLOBAL__sub_I_frontLeft
                0x0000e814       0x14 ..\main.o
 .text.zero_fill_bss
                0x0000e828       0x34 Startup\__arm_start.o
 .text.__thumb_startup
                0x0000e85c       0x34 Startup\__arm_start.o
                0x0000e85c                __thumb_startup
 .text.InitFEHProteus
                0x0000e890      0x160 Startup\__arm_start.o
                0x0000e890                InitFEHProteus
 .text.pll_init_bl
                0x0000e9f0      0x130 Startup\__arm_start.o
 .text.InitPowerButton
                0x0000eb20       0x90 Startup\__arm_start.o
                0x0000eb20                InitPowerButton
 .text._ExitProcess
                0x0000ebb0        0xc Startup\__arm_end.o
                0x0000ebb0                _ExitProcess
 .text.Default_Handler
                0x0000ebbc        0xc Startup\kinetis_sysinit.o
                0x0000ebbc                BusFault_Handler()
                0x0000ebbc                HardFault_Handler()
                0x0000ebbc                SysTick_Handler()
                0x0000ebbc                PendSV_Handler()
                0x0000ebbc                DebugMonitor_Handler()
                0x0000ebbc                MemManage_Handler()
                0x0000ebbc                NMI_Handler()
                0x0000ebbc                SVC_Handler()
                0x0000ebbc                Default_Handler
                0x0000ebbc                UsageFault_Handler()
 .text.__init_hardware
                0x0000ebc8       0x44 Startup\kinetis_sysinit.o
                0x0000ebc8                __init_hardware
 .text._Z8PortDISRv
                0x0000ec0c       0x64 Startup\kinetis_sysinit.o
                0x0000ec0c                PortDISR()
 .text._ZN8FEHMotorC2ENS_12FEHMotorPortEf
                0x0000ec70       0xb0 Libraries\FEHMotor.o
                0x0000ec70                FEHMotor::FEHMotor(FEHMotor::FEHMotorPort, float)
                0x0000ec70                FEHMotor::FEHMotor(FEHMotor::FEHMotorPort, float)
 .text._ZN8FEHMotor4StopEv
                0x0000ed20       0x3c Libraries\FEHMotor.o
                0x0000ed20                FEHMotor::Stop()
 .text._ZN8FEHMotor8SetPowerEi
                0x0000ed5c       0x60 Libraries\FEHMotor.o
                0x0000ed5c                FEHMotor::SetPower(int)
 *fill*         0x0000edbc        0x4 00
 .text._ZN8FEHMotor10SetPercentEf
                0x0000edc0      0x158 Libraries\FEHMotor.o
                0x0000edc0                FEHMotor::SetPercent(float)
 .text._Z21IIC_StartTransmissionhh
                0x0000ef18       0x98 Drivers\i2c.o
                0x0000ef18                IIC_StartTransmission(unsigned char, unsigned char)
 .text._Z5Pausev
                0x0000efb0       0x34 Drivers\i2c.o
                0x0000efb0                Pause()
 .text._Z21MMA8451QWriteRegisterhh
                0x0000efe4      0x12c Drivers\i2c.o
                0x0000efe4                MMA8451QWriteRegister(unsigned char, unsigned char)
 .text._Z12SPI_SendCharh
                0x0000f110       0x1c Drivers\spi.o
                0x0000f110                SPI_SendChar(unsigned char)
 .text._Z16SPI_WriteCommandhh
                0x0000f12c       0x34 Drivers\spi.o
                0x0000f12c                SPI_WriteCommand(unsigned char, unsigned char)
 .text._Z13SPI_CS_Assertv
                0x0000f160       0x24 Drivers\spi.o
                0x0000f160                SPI_CS_Assert()
 .text._Z15SPI_CS_Deassertv
                0x0000f184       0x24 Drivers\spi.o
                0x0000f184                SPI_CS_Deassert()
 .text._Z12SPI_Transferh
                0x0000f1a8       0x88 Drivers\spi.o
                0x0000f1a8                SPI_Transfer(unsigned char)
 .text._Z8SPI_Initv
                0x0000f230       0xe8 Drivers\spi.o
                0x0000f230                SPI_Init()
 .text._Z9uart_initPV11UART_MemMapii
                0x0000f318      0x20c Drivers\uart.o
                0x0000f318                uart_init(UART_MemMap volatile*, int, int)
 .text._Z12uart_getcharPV11UART_MemMap
                0x0000f524       0x34 Drivers\uart.o
                0x0000f524                uart_getchar(UART_MemMap volatile*)
 .text._Z12uart_putcharPV11UART_MemMapc
                0x0000f558       0x38 Drivers\uart.o
                0x0000f558                uart_putchar(UART_MemMap volatile*, char)
 .text._ZL7mem_setPvij
                0x0000f590       0x44 Drivers\ff.o
 .text._ZL11move_windowP5FATFSm
                0x0000f5d4       0xf0 Drivers\ff.o
 .text._ZL4syncP5FATFS
                0x0000f6c4      0x188 Drivers\ff.o
 .text._ZL8validateP5FATFSt
                0x0000f84c       0x54 Drivers\ff.o
 .text._Z6f_syncP3FIL
                0x0000f8a0      0x1c0 Drivers\ff.o
                0x0000f8a0                f_sync(FIL*)
 .text._Z7f_closeP3FIL
                0x0000fa60       0x2c Drivers\ff.o
                0x0000fa60                f_close(FIL*)
 .text._ZL17SDHC_set_baudratemm
                0x0000fa8c      0x14c Drivers\SDHC.o
 .text._Z9SDHC_initP17esdhc_info_structPK17esdhc_init_struct
                0x0000fbd8      0x1c4 Drivers\SDHC.o
                0x0000fbd8                SDHC_init(esdhc_info_struct*, esdhc_init_struct const*)
 .text._ZL15SDHC_is_runningv
                0x0000fd9c       0x28 Drivers\SDHC.o
 .text._ZL16SDHC_status_waitm
                0x0000fdc4       0x38 Drivers\SDHC.o
 .text._ZL17SDHC_send_commandP20esdhc_command_struct
                0x0000fdfc      0x2a0 Drivers\SDHC.o
 .text._Z10SDHC_ioctlmPv
                0x0001009c      0x978 Drivers\SDHC.o
                0x0001009c                SDHC_ioctl(unsigned long, void*)
 .text._ZL14rcvr_datablockPhm
                0x00010a14      0x134 Drivers\SDHC.o
 .text._Z9disk_readhPhmh
                0x00010b48      0x13c Drivers\SDHC.o
                0x00010b48                disk_read(unsigned char, unsigned char*, unsigned long, unsigned char)
 .text._ZL14xmit_datablockPKhm
                0x00010c84       0xe0 Drivers\SDHC.o
 .text._Z10disk_writehPKhmh
                0x00010d64      0x1cc Drivers\SDHC.o
                0x00010d64                disk_write(unsigned char, unsigned char const*, unsigned long, unsigned char)
 .text._Z10disk_ioctlhhPv
                0x00010f30      0x128 Drivers\SDHC.o
                0x00010f30                disk_ioctl(unsigned char, unsigned char, void*)
 .text._Z11disk_statush
                0x00011058       0x30 Drivers\SDHC.o
                0x00011058                disk_status(unsigned char)
 .text._Z13time_delay_msm
                0x00011088       0xa4 Drivers\lptmr.o
                0x00011088                time_delay_ms(unsigned long)
 .text._Z41__static_initialization_and_destruction_0ii
                0x0001112c       0x30 FEHProteus.o
 .text._GLOBAL__sub_I_Propeller
                0x0001115c       0x14 FEHProteus.o
 .text._ZN12FEHPropellerC2Ev
                0x00011170       0x20 Drivers\FEHPropeller.o
                0x00011170                FEHPropeller::FEHPropeller()
                0x00011170                FEHPropeller::FEHPropeller()
 .text._ZN12FEHPropeller10InitializeEv
                0x00011190       0x94 Drivers\FEHPropeller.o
                0x00011190                FEHPropeller::Initialize()
 .text._ZN12FEHPropeller12SetMotorRateEhhh
                0x00011224       0x78 Drivers\FEHPropeller.o
                0x00011224                FEHPropeller::SetMotorRate(unsigned char, unsigned char, unsigned char)
 .text._ZL5Delaymjj
                0x0001129c       0xc4 Libraries\FEHUtility.o
 .text._Z5Sleepi
                0x00011360       0x34 Libraries\FEHUtility.o
                0x00011360                Sleep(int)
 *fill*         0x00011394        0x4 00
 .text._Z5Sleepd
                0x00011398       0x58 Libraries\FEHUtility.o
                0x00011398                Sleep(double)
 .text._Z7TimeNowv
                0x000113f0       0x70 Libraries\FEHUtility.o
                0x000113f0                TimeNow()
 .text._Z11TimeNowMSecv
                0x00011460       0x44 Libraries\FEHUtility.o
                0x00011460                TimeNowMSec()
 .text._Z14ProteusStartedv
                0x000114a4       0x18 Libraries\FEHIO.o
                0x000114a4                ProteusStarted()
 .text._Z10enable_irqi
                0x000114bc      0x1cc Libraries\FEHIO.o
                0x000114bc                enable_irq(int)
 .text._ZN12DigitalIOPinC2Ev
                0x00011688       0x18 Libraries\FEHIO.o
                0x00011688                DigitalIOPin::DigitalIOPin()
                0x00011688                DigitalIOPin::DigitalIOPin()
 .text._ZN14DigitalEncoderC2EN5FEHIO8FEHIOPinENS0_21FEHIOInterruptTriggerE
                0x000116a0       0x2c Libraries\FEHIO.o
                0x000116a0                DigitalEncoder::DigitalEncoder(FEHIO::FEHIOPin, FEHIO::FEHIOInterruptTrigger)
                0x000116a0                DigitalEncoder::DigitalEncoder(FEHIO::FEHIOPin, FEHIO::FEHIOInterruptTrigger)
 .text._ZN14DigitalEncoder10InitializeEN5FEHIO8FEHIOPinENS0_21FEHIOInterruptTriggerE
                0x000116cc      0x224 Libraries\FEHIO.o
                0x000116cc                DigitalEncoder::Initialize(FEHIO::FEHIOPin, FEHIO::FEHIOInterruptTrigger)
 .text._Z18incrementInterrupti
                0x000118f0       0x44 Libraries\FEHIO.o
                0x000118f0                incrementInterrupt(int)
 .text._Z9portB_isrv
                0x00011934      0x108 Libraries\FEHIO.o
                0x00011934                portB_isr()
 .text._Z9portC_isrv
                0x00011a3c      0x11c Libraries\FEHIO.o
                0x00011a3c                portC_isr()
 .text._Z9portA_isrv
                0x00011b58      0x11c Libraries\FEHIO.o
                0x00011b58                portA_isr()
 .text._Z9portE_isrv
                0x00011c74      0x114 Libraries\FEHIO.o
                0x00011c74                portE_isr()
 .text._ZN14DigitalEncoder6CountsEv
                0x00011d88       0x28 Libraries\FEHIO.o
                0x00011d88                DigitalEncoder::Counts()
 .text._ZN14DigitalEncoder8NewCountEv
                0x00011db0       0x3c Libraries\FEHIO.o
                0x00011db0                DigitalEncoder::NewCount()
 .text._ZN14DigitalEncoder11ResetCountsEv
                0x00011dec       0x28 Libraries\FEHIO.o
                0x00011dec                DigitalEncoder::ResetCounts()
 .text._ZN14AnalogInputPinC2EN5FEHIO8FEHIOPinE
                0x00011e14       0x20 Libraries\FEHIO.o
                0x00011e14                AnalogInputPin::AnalogInputPin(FEHIO::FEHIOPin)
                0x00011e14                AnalogInputPin::AnalogInputPin(FEHIO::FEHIOPin)
 *fill*         0x00011e34        0x4 00
 .text._ZN14AnalogInputPin5ValueEv
                0x00011e38      0x180 Libraries\FEHIO.o
                0x00011e38                AnalogInputPin::Value()
 .text._ZN13AnalogEncoder12EncoderValueEv
                0x00011fb8       0xe4 Libraries\FEHIO.o
                0x00011fb8                AnalogEncoder::EncoderValue()
 .text._ZN14AnalogInputPin8InitADCsEv
                0x0001209c      0x120 Libraries\FEHIO.o
                0x0001209c                AnalogInputPin::InitADCs()
 .text._Z8pit0_isrv
                0x000121bc       0x34 Libraries\FEHIO.o
                0x000121bc                pit0_isr()
 .text._ZN13AnalogEncoder4InitEv
                0x000121f0       0x64 Libraries\FEHIO.o
                0x000121f0                AnalogEncoder::Init()
 .text._ZN13AnalogEncoder14SetCounterInitEj
                0x00012254       0x20 Libraries\FEHIO.o
                0x00012254                AnalogEncoder::SetCounterInit(unsigned int)
 .text._ZN13AnalogEncoder10ProcessIntEv
                0x00012274       0x80 Libraries\FEHIO.o
                0x00012274                AnalogEncoder::ProcessInt()
 .text._ZN13AnalogEncoder14ProcessIntSelfEv
                0x000122f4       0x80 Libraries\FEHIO.o
                0x000122f4                AnalogEncoder::ProcessIntSelf()
 .text._Z41__static_initialization_and_destruction_0ii
                0x00012374       0x3c Libraries\FEHIO.o
 .text._GLOBAL__sub_I__ZN14AnalogInputPin17Master_Adc_ConfigE
                0x000123b0       0x14 Libraries\FEHIO.o
 .text._Z7ADC_CalPV10ADC_MemMap
                0x000123c4      0x14c Drivers\adc16.o
                0x000123c4                ADC_Cal(ADC_MemMap volatile*)
 .text._Z14ADC_Config_AltPV10ADC_MemMapP7adc_cfg
                0x00012510       0x6c Drivers\adc16.o
                0x00012510                ADC_Config_Alt(ADC_MemMap volatile*, adc_cfg*)
 .text._ZN9FEHBuzzerC2Ev
                0x0001257c       0x18 Libraries\FEHBuzzer.o
                0x0001257c                FEHBuzzer::FEHBuzzer()
                0x0001257c                FEHBuzzer::FEHBuzzer()
 .text._Z41__static_initialization_and_destruction_0ii
                0x00012594       0x30 Libraries\FEHBuzzer.o
 .text._GLOBAL__sub_I_Buzzer
                0x000125c4       0x14 Libraries\FEHBuzzer.o
 .text._ZN6FEHLCD11_InitializeEv
                0x000125d8      0x5c0 Libraries\FEHLCD.o
                0x000125d8                FEHLCD::_Initialize()
 .text._ZN6FEHLCDC2Ev
                0x00012b98       0x64 Libraries\FEHLCD.o
                0x00012b98                FEHLCD::FEHLCD()
                0x00012b98                FEHLCD::FEHLCD()
 .text._ZN6FEHLCD10InitializeEv
                0x00012bfc       0x38 Libraries\FEHLCD.o
                0x00012bfc                FEHLCD::Initialize()
 .text._ZN6FEHLCD10PrintImageEii
                0x00012c34      0x154 Libraries\FEHLCD.o
                0x00012c34                FEHLCD::PrintImage(int, int)
 .text._ZN6FEHLCD9PrintLogoEii
                0x00012d88       0xd8 Libraries\FEHLCD.o
                0x00012d88                FEHLCD::PrintLogo(int, int)
 .text._ZN6FEHLCD22ConvertFEHColorTo24BitENS_11FEHLCDColorE
                0x00012e60       0x80 Libraries\FEHLCD.o
                0x00012e60                FEHLCD::ConvertFEHColorTo24Bit(FEHLCD::FEHLCDColor)
 .text._ZN6FEHLCD24Convert24BitColorTo16BitEj
                0x00012ee0       0x40 Libraries\FEHLCD.o
                0x00012ee0                FEHLCD::Convert24BitColorTo16Bit(unsigned int)
 .text._ZN6FEHLCD22ConvertRGBColorTo16BitEhhh
                0x00012f20       0x44 Libraries\FEHLCD.o
                0x00012f20                FEHLCD::ConvertRGBColorTo16Bit(unsigned char, unsigned char, unsigned char)
 .text._ZN6FEHLCD5ClearENS_11FEHLCDColorE
                0x00012f64       0x28 Libraries\FEHLCD.o
                0x00012f64                FEHLCD::Clear(FEHLCD::FEHLCDColor)
 .text._ZN6FEHLCD5ClearEj
                0x00012f8c       0x2c Libraries\FEHLCD.o
                0x00012f8c                FEHLCD::Clear(unsigned int)
 .text._ZN6FEHLCD18SetBackgroundColorENS_11FEHLCDColorE
                0x00012fb8       0x28 Libraries\FEHLCD.o
                0x00012fb8                FEHLCD::SetBackgroundColor(FEHLCD::FEHLCDColor)
 .text._ZN6FEHLCD18SetBackgroundColorEj
                0x00012fe0       0x28 Libraries\FEHLCD.o
                0x00012fe0                FEHLCD::SetBackgroundColor(unsigned int)
 .text._ZN6FEHLCD12SetFontColorENS_11FEHLCDColorE
                0x00013008       0x28 Libraries\FEHLCD.o
                0x00013008                FEHLCD::SetFontColor(FEHLCD::FEHLCDColor)
 .text._ZN6FEHLCD12SetFontColorEj
                0x00013030       0x28 Libraries\FEHLCD.o
                0x00013030                FEHLCD::SetFontColor(unsigned int)
 .text._ZN6FEHLCD7WriteAtEPKcii
                0x00013058       0x58 Libraries\FEHLCD.o
                0x00013058                FEHLCD::WriteAt(char const*, int, int)
 .text._ZN6FEHLCD7WriteAtEiii
                0x000130b0       0x3c Libraries\FEHLCD.o
                0x000130b0                FEHLCD::WriteAt(int, int, int)
 .text._ZN6FEHLCD7WriteAtEfii
                0x000130ec       0xf8 Libraries\FEHLCD.o
                0x000130ec                FEHLCD::WriteAt(float, int, int)
 .text._ZN6FEHLCD11TS_SPI_InitEv
                0x000131e4       0xa8 Libraries\FEHLCD.o
                0x000131e4                FEHLCD::TS_SPI_Init()
 .text._ZN6FEHLCD5WriteEPKc
                0x0001328c       0x5c Libraries\FEHLCD.o
                0x0001328c                FEHLCD::Write(char const*)
 .text._ZN6FEHLCD9WriteLineEPKc
                0x000132e8       0x28 Libraries\FEHLCD.o
                0x000132e8                FEHLCD::WriteLine(char const*)
 .text._ZN6FEHLCD10WriteIndexEh
                0x00013310      0x288 Libraries\FEHLCD.o
                0x00013310                FEHLCD::WriteIndex(unsigned char)
 .text._ZN6FEHLCD14WriteParameterEh
                0x00013598      0x254 Libraries\FEHLCD.o
                0x00013598                FEHLCD::WriteParameter(unsigned char)
 .text._ZN6FEHLCD6_ClearEv
                0x000137ec      0x228 Libraries\FEHLCD.o
                0x000137ec                FEHLCD::_Clear()
 .text._ZN6FEHLCD8NextLineEv
                0x00013a14       0x30 Libraries\FEHLCD.o
                0x00013a14                FEHLCD::NextLine()
 .text._ZN6FEHLCD9CheckLineEv
                0x00013a44       0x2c Libraries\FEHLCD.o
                0x00013a44                FEHLCD::CheckLine()
 .text._ZN6FEHLCD8NextCharEv
                0x00013a70       0x34 Libraries\FEHLCD.o
                0x00013a70                FEHLCD::NextChar()
 .text._ZN6FEHLCD13SetDrawRegionEiiii
                0x00013aa4      0x10c Libraries\FEHLCD.o
                0x00013aa4                FEHLCD::SetDrawRegion(int, int, int, int)
 .text._ZN6FEHLCD9WriteCharEiic
                0x00013bb0       0x40 Libraries\FEHLCD.o
                0x00013bb0                FEHLCD::WriteChar(int, int, char)
 .text._ZN6FEHLCD11WriteCharAtEiic
                0x00013bf0      0x278 Libraries\FEHLCD.o
                0x00013bf0                FEHLCD::WriteCharAt(int, int, char)
 .text._ZN6FEHLCD11RepeatColorEv
                0x00013e68       0xbc Libraries\FEHLCD.o
                0x00013e68                FEHLCD::RepeatColor()
 .text._ZN6FEHLCD10_ForePixelEv
                0x00013f24      0x160 Libraries\FEHLCD.o
                0x00013f24                FEHLCD::_ForePixel()
 .text._ZN6FEHLCD10_BackPixelEv
                0x00014084      0x160 Libraries\FEHLCD.o
                0x00014084                FEHLCD::_BackPixel()
 .text._ZN6FEHLCD22SetRegisterColorValuesEv
                0x000141e4      0x4c0 Libraries\FEHLCD.o
                0x000141e4                FEHLCD::SetRegisterColorValues()
 .text._Z41__static_initialization_and_destruction_0ii
                0x000146a4       0x30 Libraries\FEHLCD.o
 .text._GLOBAL__sub_I__ZN6FEHLCD8fontDataE
                0x000146d4       0x14 Libraries\FEHLCD.o
 .text._ZN8FEHAccelC2Ev
                0x000146e8       0x8c Libraries\FEHAccel.o
                0x000146e8                FEHAccel::FEHAccel()
                0x000146e8                FEHAccel::FEHAccel()
 .text._Z41__static_initialization_and_destruction_0ii
                0x00014774       0x30 Libraries\FEHAccel.o
 .text._GLOBAL__sub_I_Accel
                0x000147a4       0x14 Libraries\FEHAccel.o
 .text._ZN10FEHBatteryC2EN5FEHIO8FEHIOPinE
                0x000147b8       0x24 Libraries\FEHBattery.o
                0x000147b8                FEHBattery::FEHBattery(FEHIO::FEHIOPin)
                0x000147b8                FEHBattery::FEHBattery(FEHIO::FEHIOPin)
 .text._Z41__static_initialization_and_destruction_0ii
                0x000147dc       0x34 Libraries\FEHBattery.o
 .text._GLOBAL__sub_I_Battery
                0x00014810       0x14 Libraries\FEHBattery.o
 .text._ZN7FEHXBeeC2Ev
                0x00014824       0x20 Drivers\FEHXBee.o
                0x00014824                FEHXBee::FEHXBee()
                0x00014824                FEHXBee::FEHXBee()
 .text._ZN7FEHXBee17SetPacketCallBackEPFvPhhE
                0x00014844       0x20 Drivers\FEHXBee.o
                0x00014844                FEHXBee::SetPacketCallBack(void (*)(unsigned char*, unsigned char))
 .text._Z9UART0_ISRv
                0x00014864      0x174 Drivers\FEHXBee.o
                0x00014864                UART0_ISR()
 .text._ZN6FEHRPSC2Ev
                0x000149d8       0x88 Libraries\FEHRPS.o
                0x000149d8                FEHRPS::FEHRPS()
                0x000149d8                FEHRPS::FEHRPS()
 .text._Z14RPSDataProcessPhh
                0x00014a60      0x18c Libraries\FEHRPS.o
                0x00014a60                RPSDataProcess(unsigned char*, unsigned char)
 .text._Z41__static_initialization_and_destruction_0ii
                0x00014bec       0x30 Libraries\FEHRPS.o
 .text._GLOBAL__sub_I_RPS
                0x00014c1c       0x14 Libraries\FEHRPS.o
 .text._ZN5FEHSDC2Ev
                0x00014c30       0x24 Libraries\FEHSD.o
                0x00014c30                FEHSD::FEHSD()
                0x00014c30                FEHSD::FEHSD()
 .text._ZN5FEHSD8CloseLogEv
                0x00014c54       0x38 Libraries\FEHSD.o
                0x00014c54                FEHSD::CloseLog()
 .text._Z41__static_initialization_and_destruction_0ii
                0x00014c8c       0x30 Libraries\FEHSD.o
 .text._GLOBAL__sub_I_SD
                0x00014cbc       0x14 Libraries\FEHSD.o
 .text.cos      0x00014cd0       0x94 O:\fehqt\Proteus/EWL/lib/armv7e-m\libm.a(s_cos.o)
                0x00014cd0                cos
 .text.sin      0x00014d64       0x90 O:\fehqt\Proteus/EWL/lib/armv7e-m\libm.a(s_sin.o)
                0x00014d64                sin
 *fill*         0x00014df4        0x4 00
 .text.__ieee754_rem_pio2
                0x00014df8      0x3f8 O:\fehqt\Proteus/EWL/lib/armv7e-m\libm.a(e_rem_pio2.o)
                0x00014df8                __ieee754_rem_pio2
 .text.__kernel_cos
                0x000151f0      0x1e0 O:\fehqt\Proteus/EWL/lib/armv7e-m\libm.a(k_cos.o)
                0x000151f0                __kernel_cos
 .text.__kernel_rem_pio2
                0x000153d0      0x674 O:\fehqt\Proteus/EWL/lib/armv7e-m\libm.a(k_rem_pio2.o)
                0x000153d0                __kernel_rem_pio2
 *fill*         0x00015a44        0x4 00
 .text.__kernel_sin
                0x00015a48      0x180 O:\fehqt\Proteus/EWL/lib/armv7e-m\libm.a(k_sin.o)
                0x00015a48                __kernel_sin
 .text.floor    0x00015bc8      0x118 O:\fehqt\Proteus/EWL/lib/armv7e-m\libm.a(s_floor.o)
                0x00015bc8                floor
 .text.scalbn   0x00015ce0       0x18 O:\fehqt\Proteus/EWL/lib/armv7e-m\libm.a(scalbn.o)
                0x00015ce0                scalbn
 .text.frexp    0x00015cf8       0x70 O:\fehqt\Proteus/EWL/lib/armv7e-m\libm.a(s_frexp.o)
                0x00015cf8                frexp
 .text.ldexp    0x00015d68      0x140 O:\fehqt\Proteus/EWL/lib/armv7e-m\libm.a(s_ldexp.o)
                0x00015d68                ldexp
 .text.__fpclassifyd
                0x00015ea8       0x3c O:\fehqt\Proteus/EWL/lib/armv7e-m\libm.a(math_api.o)
                0x00015ea8                __fpclassifyd
 .text.sprintf  0x00015ee4       0x1c O:\fehqt\Proteus/EWL/lib/armv7e-m\libc.a(sprintf.o)
                0x00015ee4                sprintf
 .text.__StringWrite
                0x00015f00       0x28 O:\fehqt\Proteus/EWL/lib/armv7e-m\libc.a(vsnprintf.o)
                0x00015f00                __StringWrite
 .text.vsnprintf
                0x00015f28       0x34 O:\fehqt\Proteus/EWL/lib/armv7e-m\libc.a(vsnprintf.o)
                0x00015f28                vsnprintf
 .text.exit     0x00015f5c       0x38 O:\fehqt\Proteus/EWL/lib/armv7e-m\libc.a(exit.o)
                0x00015f5c                exit
 .text.memcpy   0x00015f94       0x12 O:\fehqt\Proteus/EWL/lib/armv7e-m\libc.a(memcpy.o)
                0x00015f94                memcpy
 .text.memset   0x00015fa6        0xc O:\fehqt\Proteus/EWL/lib/armv7e-m\libc.a(memset.o)
                0x00015fa6                memset
 .text.strlen   0x00015fb2       0x10 O:\fehqt\Proteus/EWL/lib/armv7e-m\libc.a(strlen.o)
                0x00015fb2                strlen
 .text.long2str.isra.0
                0x00015fc2      0x196 O:\fehqt\Proteus/EWL/lib/armv7e-m\libc.a(printformat_.o)
 .text.__pformatter_
                0x00016158      0x3f8 O:\fehqt\Proteus/EWL/lib/armv7e-m\libc.a(printformat_.o)
                0x00016158                __pformatter_
 .text.__sformatter
                0x00016550      0x74e O:\fehqt\Proteus/EWL/lib/armv7e-m\libc.a(scanformat_.o)
                0x00016550                __sformatter
 *fill*         0x00016c9e        0x2 00
 .text.isalpha  0x00016ca0       0x1c O:\fehqt\Proteus/EWL/lib/armv7e-m\libc.a(ctype_aeabi.o)
                0x00016ca0                isalpha
 .text.isspace  0x00016cbc       0x1c O:\fehqt\Proteus/EWL/lib/armv7e-m\libc.a(ctype_aeabi.o)
                0x00016cbc                isspace
 .text.toupper  0x00016cd8        0xc O:\fehqt\Proteus/EWL/lib/armv7e-m\libc.a(ctype_aeabi.o)
                0x00016cd8                toupper
 .text.__strtoul
                0x00016ce4      0x1dc O:\fehqt\Proteus/EWL/lib/armv7e-m\libc.a(__strtoul.o)
                0x00016ce4                __strtoul
 .text.__fill_mem
                0x00016ec0       0x76 O:\fehqt\Proteus/EWL/lib/armv7e-m\libc.a(__filll_mem.o)
                0x00016ec0                __fill_mem
 .text.memchr   0x00016f36       0x1a O:\fehqt\Proteus/EWL/lib/armv7e-m\libc.a(memchr.o)
                0x00016f36                memchr
 .text.strchr   0x00016f50       0x1c O:\fehqt\Proteus/EWL/lib/armv7e-m\libc.a(strchr.o)
                0x00016f50                strchr
 .text.__init_cpp
                0x00016f6c       0x4c O:\fehqt\Proteus/EWL/lib/armv7e-m\librt.a(gcc_ctor_dtor.o)
                0x00016f6c                __init_cpp
 .text.__fini_cpp
                0x00016fb8       0x34 O:\fehqt\Proteus/EWL/lib/armv7e-m\librt.a(gcc_ctor_dtor.o)
                0x00016fb8                __fini_cpp
 .text.__copy_rom_section
                0x00016fec       0x44 O:\fehqt\Proteus/EWL/lib/armv7e-m\librt.a(ROMCopy.o)
                0x00016fec                __copy_rom_section
 .text.__copy_rom_sections_to_ram
                0x00017030       0x34 O:\fehqt\Proteus/EWL/lib/armv7e-m\librt.a(ROMCopy.o)
                0x00017030                __copy_rom_sections_to_ram
 .text.__destroy_global_chain
                0x00017064       0x1c O:\fehqt\Proteus/EWL/lib/armv7e-m\librt.a(__arm_eabi_init.o)
                0x00017064                __destroy_global_chain
 .text.__init_registers
                0x00017080       0x20 O:\fehqt\Proteus/EWL/lib/armv7e-m\librt.a(__arm_eabi_init.o)
                0x00017080                __init_registers
 .text.__init_user
                0x000170a0        0x4 O:\fehqt\Proteus/EWL/lib/armv7e-m\librt.a(__arm_eabi_init.o)
                0x000170a0                __init_user
 *(.rodata)
 .rodata        0x000170a4        0xc ..\main.o
 .rodata        0x000170b0       0x78 Libraries\FEHIO.o
 .rodata        0x00017128       0x28 Libraries\FEHLCD.o
 *(.rodata*)
 .rodata.K60_SDHC0_init
                0x00017150        0xc Drivers\SDHC.o
                0x00017150                K60_SDHC0_init
 .rodata._ZL21ESDHC_COMMAND_XFERTYP
                0x0001715c      0x100 Drivers\SDHC.o
 .rodata._ZL9GPIOPorts
                0x0001725c       0x20 Libraries\FEHIO.o
 .rodata._ZL10ADCNumbers
                0x0001727c       0x24 Libraries\FEHIO.o
 .rodata._ZL14GPIOPinNumbers
                0x000172a0       0x80 Libraries\FEHIO.o
 .rodata._ZL16AnalogPinNumbers
                0x00017320       0x84 Libraries\FEHIO.o
 .rodata._ZL5image
                0x000173a4      0xaec Libraries\FEHLCD.o
 .rodata._ZL4logo
                0x00017e90      0x764 Libraries\FEHLCD.o
 .rodata.npio2_hw
                0x000185f4       0x80 O:\fehqt\Proteus/EWL/lib/armv7e-m\libm.a(e_rem_pio2.o)
 .rodata.two_over_pi
                0x00018674      0x108 O:\fehqt\Proteus/EWL/lib/armv7e-m\libm.a(e_rem_pio2.o)
 .rodata.init_jk
                0x0001877c       0x10 O:\fehqt\Proteus/EWL/lib/armv7e-m\libm.a(k_rem_pio2.o)
 *fill*         0x0001878c        0x4 00
 .rodata.PIo2   0x00018790       0x40 O:\fehqt\Proteus/EWL/lib/armv7e-m\libm.a(k_rem_pio2.o)
 .rodata.str1.1
                0x000187d0        0x1 O:\fehqt\Proteus/EWL/lib/armv7e-m\libc.a(printformat_.o)
 .rodata.__aeabi_ctype_table_C
                0x000187d1      0x101 O:\fehqt\Proteus/EWL/lib/armv7e-m\libc.a(ctype_aeabi.o)
                0x000187d1                __aeabi_ctype_table_C
 *(.glue_7)
 .glue_7        0x00000000        0x0 linker stubs
 *(.glue_7t)
 .glue_7t       0x00000000        0x0 linker stubs
 *(.eh_frame)
 *(.init)
 *(.fini)
                0x000188d4                . = ALIGN (0x4)
 *fill*         0x000188d2        0x2 00
                0x000188d4                _etext = .

.vfp11_veneer   0x000188d4        0x0
 .vfp11_veneer  0x00000000        0x0 linker stubs

.v4_bx          0x000188d4        0x0
 .v4_bx         0x00000000        0x0 linker stubs

.ARM.extab
 *(.ARM.extab* .gnu.linkonce.armextab.*)

.ARM            0x000188d4        0x0
                0x000188d4                __exidx_start = .
 *(.ARM.exidx*)
                0x000188d4                __exidx_end = .

.ctors          0x000188d4        0x0
                0x000188d4                __CTOR_LIST__ = .
 *crtbegin.o(.ctors)
 *(EXCLUDE_FILE(*crtend.o) .ctors)
 *(SORT(.ctors.*))
 *(.ctors)
                0x000188d4                __CTOR_END__ = .

.dtors          0x000188d4        0x0
                0x000188d4                __DTOR_LIST__ = .
 *crtbegin.o(.dtors)
 *(EXCLUDE_FILE(*crtend.o) .dtors)
 *(SORT(.dtors.*))
 *(.dtors)
                0x000188d4                __DTOR_END__ = .

.preinit_array  0x000188d4        0x0
                0x000188d4                PROVIDE (__preinit_array_start, .)
 *(.preinit_array*)
                0x000188d4                PROVIDE (__preinit_array_end, .)

.init_array     0x000188d4       0x24
                0x000188d4                PROVIDE (__init_array_start, .)
 *(SORT(.init_array.*))
 *(.init_array*)
 .init_array    0x000188d4        0x4 ..\main.o
 .init_array    0x000188d8        0x4 FEHProteus.o
 .init_array    0x000188dc        0x4 Libraries\FEHIO.o
 .init_array    0x000188e0        0x4 Libraries\FEHBuzzer.o
 .init_array    0x000188e4        0x4 Libraries\FEHLCD.o
 .init_array    0x000188e8        0x4 Libraries\FEHAccel.o
 .init_array    0x000188ec        0x4 Libraries\FEHBattery.o
 .init_array    0x000188f0        0x4 Libraries\FEHRPS.o
 .init_array    0x000188f4        0x4 Libraries\FEHSD.o
                0x000188f8                PROVIDE (__init_array_end, .)

.fini_array     0x000188f8        0x0
                0x000188f8                PROVIDE (__fini_array_start, .)
 *(SORT(.fini_array.*))
 *(.fini_array*)
                0x000188f8                PROVIDE (__fini_array_end, .)
                0x000188f8                ___ROM_AT = .

.data           0x1fff0400      0x1e4 load address 0x000188f8
                0x1fff0400                . = ALIGN (0x4)
                0x1fff0400                _sdata = .
 *(.data)
 *(.data*)
 .data._ZL4Stat
                0x1fff0400        0x1 Drivers\SDHC.o
 *fill*         0x1fff0401        0x3 00
 .data._ZN6FEHLCD8fontDataE
                0x1fff0404      0x1e0 Libraries\FEHLCD.o
                0x1fff0404                FEHLCD::fontData
                0x1fff05e4                . = ALIGN (0x4)
                0x1fff05e4                _edata = .
                0x000001e4                ___data_size = (_edata - _sdata)
                0x00018adc                ___m_data2_ROMStart = (___ROM_AT + SIZEOF (.data))

.user_data2     0x20000000        0x0 load address 0x00018adc
                0x20000000                . = ALIGN (0x4)
                0x20000000                ___m_data2_RAMStart = .
 *(.data2)
                0x20000000                ___m_data2_RAMEnd = .
                0x20000000                . = ALIGN (0x4)
                0x00000000                ___m_data2_ROMSize = (___m_data2_RAMEnd - ___m_data2_RAMStart)
                0x20000000                . = ALIGN (0x4)

.bss            0x1fff05e4      0x690 load address 0x00018adc
                0x1fff05e4                __START_BSS = .
                0x1fff05e4                PROVIDE (__bss_start__, __START_BSS)
 *(.bss)
 *(.bss*)
 .bss.frontLeft
                0x1fff05e4        0x8 ..\main.o
                0x1fff05e4                frontLeft
 .bss.frontRight
                0x1fff05ec        0x8 ..\main.o
                0x1fff05ec                frontRight
 .bss.backLeft  0x1fff05f4        0x8 ..\main.o
                0x1fff05f4                backLeft
 .bss.backRight
                0x1fff05fc        0x8 ..\main.o
                0x1fff05fc                backRight
 .bss.CdS_Cell  0x1fff0604        0x4 ..\main.o
                0x1fff0604                CdS_Cell
 .bss.frontLeftEncoder
                0x1fff0608        0x4 ..\main.o
                0x1fff0608                frontLeftEncoder
 .bss.frontRightEncoder
                0x1fff060c        0x4 ..\main.o
                0x1fff060c                frontRightEncoder
 .bss.backLeftEncoder
                0x1fff0610        0x4 ..\main.o
                0x1fff0610                backLeftEncoder
 .bss.backRightEncoder
                0x1fff0614        0x4 ..\main.o
                0x1fff0614                backRightEncoder
 .bss._ZL4argv  0x1fff0618        0x4 Startup\__arm_start.o
 .bss.MasterTransmission
                0x1fff061c        0x1 Drivers\i2c.o
                0x1fff061c                MasterTransmission
 .bss.SlaveID   0x1fff061d        0x1 Drivers\i2c.o
                0x1fff061d                SlaveID
 *fill*         0x1fff061e        0x2 00
 .bss.SDHC_Card
                0x1fff0620       0x14 Drivers\SDHC.o
                0x1fff0620                SDHC_Card
 .bss.SDHC_Info
                0x1fff0634      0x204 Drivers\SDHC.o
                0x1fff0634                SDHC_Info
 .bss.SDHC_Device
                0x1fff0838        0x8 Drivers\SDHC.o
                0x1fff0838                SDHC_Device
 .bss.Propeller
                0x1fff0840        0x4 FEHProteus.o
                0x1fff0840                Propeller
 .bss.CoreClockKHz
                0x1fff0844        0x4 FEHProteus.o
                0x1fff0844                CoreClockKHz
 .bss.CoreClockMHz
                0x1fff0848        0x4 FEHProteus.o
                0x1fff0848                CoreClockMHz
 .bss.PeripheralClockKHz
                0x1fff084c        0x4 FEHProteus.o
                0x1fff084c                PeripheralClockKHz
 .bss._ZN14AnalogInputPin17Master_Adc_ConfigE
                0x1fff0850       0x10 Libraries\FEHIO.o
                0x1fff0850                AnalogInputPin::Master_Adc_Config
 .bss._ZN14AnalogInputPin18Encoder_Adc_ConfigE
                0x1fff0860       0x10 Libraries\FEHIO.o
                0x1fff0860                AnalogInputPin::Encoder_Adc_Config
 .bss.booted    0x1fff0870        0x1 Libraries\FEHIO.o
                0x1fff0870                booted
 *fill*         0x1fff0871        0x3 00
 .bss._ZN8Wireless6clkPinE
                0x1fff0874        0x4 Libraries\FEHIO.o
                0x1fff0874                Wireless::clkPin
 .bss._ZN8Wireless7dataPinE
                0x1fff0878        0x4 Libraries\FEHIO.o
                0x1fff0878                Wireless::dataPin
 .bss.interrupt_counts
                0x1fff087c       0x80 Libraries\FEHIO.o
                0x1fff087c                interrupt_counts
 .bss.interrupt_time
                0x1fff08fc       0x80 Libraries\FEHIO.o
                0x1fff08fc                interrupt_time
 .bss.new_interrupt
                0x1fff097c       0x20 Libraries\FEHIO.o
                0x1fff097c                new_interrupt
 .bss._ZN13AnalogEncoder7pinListE
                0x1fff099c        0x4 Libraries\FEHIO.o
                0x1fff099c                AnalogEncoder::pinList
 .bss.__interrupt_counter
                0x1fff09a0        0x4 Libraries\FEHIO.o
                0x1fff09a0                __interrupt_counter
 .bss.Buzzer    0x1fff09a4        0x4 Libraries\FEHBuzzer.o
                0x1fff09a4                Buzzer
 .bss.LCD       0x1fff09a8       0x44 Libraries\FEHLCD.o
                0x1fff09a8                LCD
 .bss.initialized
                0x1fff09ec        0x1 Libraries\FEHLCD.o
                0x1fff09ec                initialized
 *fill*         0x1fff09ed        0x3 00
 .bss.Accel     0x1fff09f0        0x4 Libraries\FEHAccel.o
                0x1fff09f0                Accel
 .bss.Battery   0x1fff09f4        0x4 Libraries\FEHBattery.o
                0x1fff09f4                Battery
 .bss.XBeeDataProcess
                0x1fff09f8        0x4 Drivers\FEHXBee.o
                0x1fff09f8                XBeeDataProcess
 .bss._xbeebuffer
                0x1fff09fc       0x10 Drivers\FEHXBee.o
                0x1fff09fc                _xbeebuffer
 .bss._xbeebufferindex
                0x1fff0a0c        0x1 Drivers\FEHXBee.o
                0x1fff0a0c                _xbeebufferindex
 .bss._xbeestate
                0x1fff0a0d        0x1 Drivers\FEHXBee.o
                0x1fff0a0d                _xbeestate
 .bss._xbeebytereceived
                0x1fff0a0e        0x1 Drivers\FEHXBee.o
                0x1fff0a0e                _xbeebytereceived
 .bss._xbeebyte
                0x1fff0a0f        0x1 Drivers\FEHXBee.o
                0x1fff0a0f                _xbeebyte
 .bss.RPS       0x1fff0a10        0x8 Libraries\FEHRPS.o
                0x1fff0a10                RPS
 .bss._enabled  0x1fff0a18        0x1 Libraries\FEHRPS.o
                0x1fff0a18                _enabled
 *fill*         0x1fff0a19        0x3 00
 .bss._RPS_x    0x1fff0a1c        0x4 Libraries\FEHRPS.o
                0x1fff0a1c                _RPS_x
 .bss._RPS_y    0x1fff0a20        0x4 Libraries\FEHRPS.o
                0x1fff0a20                _RPS_y
 .bss._RPS_heading
                0x1fff0a24        0x4 Libraries\FEHRPS.o
                0x1fff0a24                _RPS_heading
 .bss._RPS_objective
                0x1fff0a28        0x4 Libraries\FEHRPS.o
                0x1fff0a28                _RPS_objective
 .bss._RPS_time
                0x1fff0a2c        0x1 Libraries\FEHRPS.o
                0x1fff0a2c                _RPS_time
 .bss._RPS_stop
                0x1fff0a2d        0x1 Libraries\FEHRPS.o
                0x1fff0a2d                _RPS_stop
 .bss._RPS_foundpacket
                0x1fff0a2e        0x1 Libraries\FEHRPS.o
                0x1fff0a2e                _RPS_foundpacket
 *fill*         0x1fff0a2f        0x1 00
 .bss.SD        0x1fff0a30        0x4 Libraries\FEHSD.o
                0x1fff0a30                SD
 .bss.logfil    0x1fff0a34      0x228 Libraries\FEHSD.o
                0x1fff0a34                logfil
 .bss.__stdio_exit
                0x1fff0c5c        0x4 O:\fehqt\Proteus/EWL/lib/armv7e-m\libc.a(exit.o)
                0x1fff0c5c                __stdio_exit
 .bss.__console_exit
                0x1fff0c60        0x4 O:\fehqt\Proteus/EWL/lib/armv7e-m\libc.a(exit.o)
                0x1fff0c60                __console_exit
 .bss.__S_romp  0x1fff0c64        0xc O:\fehqt\Proteus/EWL/lib/armv7e-m\librt.a(ROMCopy.o)
 .bss.__global_destructor_chain
                0x1fff0c70        0x4 O:\fehqt\Proteus/EWL/lib/armv7e-m\librt.a(__arm_eabi_init.o)
                0x1fff0c70                __global_destructor_chain
 *(COMMON)
                0x1fff0c74                . = ALIGN (0x4)
                0x1fff0c74                __END_BSS = .
                0x1fff0c74                PROVIDE (__bss_end__, __END_BSS)

._user_heap_stack
                0x1fff0c74     0x1000 load address 0x0001916c
                0x1fff0c74                . = ALIGN (0x4)
                0x1fff0c74                PROVIDE (end, .)
                0x1fff0c74                PROVIDE (_end, .)
                0x1fff0c74                __heap_addr = .
                0x1fff1474                . = (. + __heap_size)
 *fill*         0x1fff0c74      0x800 00
                0x1fff1c74                . = (. + __stack_size)
 *fill*         0x1fff1474      0x800 00
                0x1fff1c74                . = ALIGN (0x4)
                0x00018adc                _romp_at = ((___ROM_AT + SIZEOF (.data)) + SIZEOF (.user_data2))

.romp           0x20000000       0x24 load address 0x00018adc
                0x00018adc                __S_romp = _romp_at
                0x20000000        0x4 LONG 0x188f8 ___ROM_AT
                0x20000004        0x4 LONG 0x1fff0400 _sdata
                0x20000008        0x4 LONG 0x1e4 ___data_size
                0x2000000c        0x4 LONG 0x18adc ___m_data2_ROMStart
                0x20000010        0x4 LONG 0x20000000 ___m_data2_RAMStart
                0x20000014        0x4 LONG 0x0 ___m_data2_ROMSize
                0x20000018        0x4 LONG 0x0
                0x2000001c        0x4 LONG 0x0
                0x20000020        0x4 LONG 0x0

.ARM.attributes
                0x00000000       0x33
 *(.ARM.attributes)
 .ARM.attributes
                0x00000000       0x33 ..\main.o
 .ARM.attributes
                0x00000033       0x33 Startup\__arm_start.o
 .ARM.attributes
                0x00000066       0x33 Startup\__arm_end.o
 .ARM.attributes
                0x00000099       0x33 Startup\kinetis_sysinit.o
 .ARM.attributes
                0x000000cc       0x33 Libraries\FEHMotor.o
 .ARM.attributes
                0x000000ff       0x33 Drivers\i2c.o
 .ARM.attributes
                0x00000132       0x33 Drivers\spi.o
 .ARM.attributes
                0x00000165       0x33 Drivers\uart.o
 .ARM.attributes
                0x00000198       0x33 Drivers\ff.o
 .ARM.attributes
                0x000001cb       0x33 Drivers\SDHC.o
 .ARM.attributes
                0x000001fe       0x33 Drivers\lptmr.o
 .ARM.attributes
                0x00000231       0x33 FEHProteus.o
 .ARM.attributes
                0x00000264       0x33 Drivers\FEHPropeller.o
 .ARM.attributes
                0x00000297       0x33 Libraries\FEHUtility.o
 .ARM.attributes
                0x000002ca       0x33 Libraries\FEHIO.o
 .ARM.attributes
                0x000002fd       0x33 Drivers\adc16.o
 .ARM.attributes
                0x00000330       0x33 Libraries\FEHBuzzer.o
 .ARM.attributes
                0x00000363       0x33 Libraries\FEHLCD.o
 .ARM.attributes
                0x00000396       0x33 Libraries\FEHAccel.o
 .ARM.attributes
                0x000003c9       0x33 Libraries\FEHBattery.o
 .ARM.attributes
                0x000003fc       0x33 Drivers\FEHXBee.o
 .ARM.attributes
                0x0000042f       0x33 Libraries\FEHRPS.o
 .ARM.attributes
                0x00000462       0x33 Libraries\FEHSD.o
 .ARM.attributes
                0x00000495       0x33 O:\fehqt\Proteus/EWL/lib/armv7e-m\libm.a(s_cos.o)
 .ARM.attributes
                0x000004c8       0x33 O:\fehqt\Proteus/EWL/lib/armv7e-m\libm.a(s_sin.o)
 .ARM.attributes
                0x000004fb       0x33 O:\fehqt\Proteus/EWL/lib/armv7e-m\libm.a(e_rem_pio2.o)
 .ARM.attributes
                0x0000052e       0x33 O:\fehqt\Proteus/EWL/lib/armv7e-m\libm.a(k_cos.o)
 .ARM.attributes
                0x00000561       0x33 O:\fehqt\Proteus/EWL/lib/armv7e-m\libm.a(k_rem_pio2.o)
 .ARM.attributes
                0x00000594       0x33 O:\fehqt\Proteus/EWL/lib/armv7e-m\libm.a(k_sin.o)
 .ARM.attributes
                0x000005c7       0x33 O:\fehqt\Proteus/EWL/lib/armv7e-m\libm.a(s_floor.o)
 .ARM.attributes
                0x000005fa       0x33 O:\fehqt\Proteus/EWL/lib/armv7e-m\libm.a(scalbn.o)
 .ARM.attributes
                0x0000062d       0x33 O:\fehqt\Proteus/EWL/lib/armv7e-m\libm.a(s_frexp.o)
 .ARM.attributes
                0x00000660       0x33 O:\fehqt\Proteus/EWL/lib/armv7e-m\libm.a(s_ldexp.o)
 .ARM.attributes
                0x00000693       0x33 O:\fehqt\Proteus/EWL/lib/armv7e-m\libm.a(math_api.o)
 .ARM.attributes
                0x000006c6       0x33 O:\fehqt\Proteus/EWL/lib/armv7e-m\libc.a(sprintf.o)
 .ARM.attributes
                0x000006f9       0x33 O:\fehqt\Proteus/EWL/lib/armv7e-m\libc.a(vsnprintf.o)
 .ARM.attributes
                0x0000072c       0x33 O:\fehqt\Proteus/EWL/lib/armv7e-m\libc.a(exit.o)
 .ARM.attributes
                0x0000075f       0x33 O:\fehqt\Proteus/EWL/lib/armv7e-m\libc.a(memcpy.o)
 .ARM.attributes
                0x00000792       0x33 O:\fehqt\Proteus/EWL/lib/armv7e-m\libc.a(memset.o)
 .ARM.attributes
                0x000007c5       0x33 O:\fehqt\Proteus/EWL/lib/armv7e-m\libc.a(strlen.o)
 .ARM.attributes
                0x000007f8       0x33 O:\fehqt\Proteus/EWL/lib/armv7e-m\libc.a(printformat_.o)
 .ARM.attributes
                0x0000082b       0x33 O:\fehqt\Proteus/EWL/lib/armv7e-m\libc.a(scanformat_.o)
 .ARM.attributes
                0x0000085e       0x33 O:\fehqt\Proteus/EWL/lib/armv7e-m\libc.a(ctype_aeabi.o)
 .ARM.attributes
                0x00000891       0x33 O:\fehqt\Proteus/EWL/lib/armv7e-m\libc.a(__strtoul.o)
 .ARM.attributes
                0x000008c4       0x33 O:\fehqt\Proteus/EWL/lib/armv7e-m\libc.a(__filll_mem.o)
 .ARM.attributes
                0x000008f7       0x33 O:\fehqt\Proteus/EWL/lib/armv7e-m\libc.a(memchr.o)
 .ARM.attributes
                0x0000092a       0x33 O:\fehqt\Proteus/EWL/lib/armv7e-m\libc.a(strchr.o)
 .ARM.attributes
                0x0000095d       0x1e o:/fehqt/proteus/gcc/bin/../lib/gcc/arm-none-eabi/4.6.2/armv7e-m\libgcc.a(_arm_addsubdf3.o)
 .ARM.attributes
                0x0000097b       0x1e o:/fehqt/proteus/gcc/bin/../lib/gcc/arm-none-eabi/4.6.2/armv7e-m\libgcc.a(_arm_muldivdf3.o)
 .ARM.attributes
                0x00000999       0x1e o:/fehqt/proteus/gcc/bin/../lib/gcc/arm-none-eabi/4.6.2/armv7e-m\libgcc.a(_arm_cmpdf2.o)
 .ARM.attributes
                0x000009b7       0x1e o:/fehqt/proteus/gcc/bin/../lib/gcc/arm-none-eabi/4.6.2/armv7e-m\libgcc.a(_arm_fixdfsi.o)
 .ARM.attributes
                0x000009d5       0x1e o:/fehqt/proteus/gcc/bin/../lib/gcc/arm-none-eabi/4.6.2/armv7e-m\libgcc.a(_arm_fixunsdfsi.o)
 .ARM.attributes
                0x000009f3       0x1e o:/fehqt/proteus/gcc/bin/../lib/gcc/arm-none-eabi/4.6.2/armv7e-m\libgcc.a(_arm_truncdfsf2.o)
 .ARM.attributes
                0x00000a11       0x1e o:/fehqt/proteus/gcc/bin/../lib/gcc/arm-none-eabi/4.6.2/armv7e-m\libgcc.a(_arm_addsubsf3.o)
 .ARM.attributes
                0x00000a2f       0x1e o:/fehqt/proteus/gcc/bin/../lib/gcc/arm-none-eabi/4.6.2/armv7e-m\libgcc.a(_arm_muldivsf3.o)
 .ARM.attributes
                0x00000a4d       0x1e o:/fehqt/proteus/gcc/bin/../lib/gcc/arm-none-eabi/4.6.2/armv7e-m\libgcc.a(_arm_cmpsf2.o)
 .ARM.attributes
                0x00000a6b       0x1e o:/fehqt/proteus/gcc/bin/../lib/gcc/arm-none-eabi/4.6.2/armv7e-m\libgcc.a(_arm_fixsfsi.o)
 .ARM.attributes
                0x00000a89       0x33 O:\fehqt\Proteus/EWL/lib/armv7e-m\librt.a(gcc_ctor_dtor.o)
 .ARM.attributes
                0x00000abc       0x33 O:\fehqt\Proteus/EWL/lib/armv7e-m\librt.a(ROMCopy.o)
 .ARM.attributes
                0x00000aef       0x33 O:\fehqt\Proteus/EWL/lib/armv7e-m\librt.a(__arm_eabi_init.o)
OUTPUT(../FEHTeamA1.elf elf32-littlearm)

.debug_info     0x00000000    0x14e97
 .debug_info    0x00000000     0x164d ..\main.o
 .debug_info    0x0000164d     0x12c5 Startup\__arm_start.o
 .debug_info    0x00002912       0x58 Startup\__arm_end.o
 .debug_info    0x0000296a      0x57d Startup\kinetis_sysinit.o
 .debug_info    0x00002ee7      0x335 Libraries\FEHMotor.o
 .debug_info    0x0000321c      0x250 Drivers\i2c.o
 .debug_info    0x0000346c      0x6cf Drivers\spi.o
 .debug_info    0x00003b3b      0x59c Drivers\uart.o
 .debug_info    0x000040d7     0x1da0 Drivers\ff.o
 .debug_info    0x00005e77      0xf1d Drivers\SDHC.o
 .debug_info    0x00006d94      0x2de Drivers\lptmr.o
 .debug_info    0x00007072      0x1a7 FEHProteus.o
 .debug_info    0x00007219      0x722 Drivers\FEHPropeller.o
 .debug_info    0x0000793b      0x36c Libraries\FEHUtility.o
 .debug_info    0x00007ca7     0x227d Libraries\FEHIO.o
 .debug_info    0x00009f24      0x4ab Drivers\adc16.o
 .debug_info    0x0000a3cf      0xa42 Libraries\FEHBuzzer.o
 .debug_info    0x0000ae11     0x2c2d Libraries\FEHLCD.o
 .debug_info    0x0000da3e      0x26a Libraries\FEHAccel.o
 .debug_info    0x0000dca8      0x3a9 Libraries\FEHBattery.o
 .debug_info    0x0000e051      0xac3 Drivers\FEHXBee.o
 .debug_info    0x0000eb14     0x1985 Libraries\FEHRPS.o
 .debug_info    0x00010499     0x1242 Libraries\FEHSD.o
 .debug_info    0x000116db      0x19d O:\fehqt\Proteus/EWL/lib/armv7e-m\libm.a(s_cos.o)
 .debug_info    0x00011878      0x19d O:\fehqt\Proteus/EWL/lib/armv7e-m\libm.a(s_sin.o)
 .debug_info    0x00011a15      0x345 O:\fehqt\Proteus/EWL/lib/armv7e-m\libm.a(e_rem_pio2.o)
 .debug_info    0x00011d5a      0x235 O:\fehqt\Proteus/EWL/lib/armv7e-m\libm.a(k_cos.o)
 .debug_info    0x00011f8f      0x31b O:\fehqt\Proteus/EWL/lib/armv7e-m\libm.a(k_rem_pio2.o)
 .debug_info    0x000122aa      0x22a O:\fehqt\Proteus/EWL/lib/armv7e-m\libm.a(k_sin.o)
 .debug_info    0x000124d4      0x1b1 O:\fehqt\Proteus/EWL/lib/armv7e-m\libm.a(s_floor.o)
 .debug_info    0x00012685       0xfa O:\fehqt\Proteus/EWL/lib/armv7e-m\libm.a(scalbn.o)
 .debug_info    0x0001277f      0x1a9 O:\fehqt\Proteus/EWL/lib/armv7e-m\libm.a(s_frexp.o)
 .debug_info    0x00012928      0x1ea O:\fehqt\Proteus/EWL/lib/armv7e-m\libm.a(s_ldexp.o)
 .debug_info    0x00012b12      0x32c O:\fehqt\Proteus/EWL/lib/armv7e-m\libm.a(math_api.o)
 .debug_info    0x00012e3e      0x11f O:\fehqt\Proteus/EWL/lib/armv7e-m\libc.a(sprintf.o)
 .debug_info    0x00012f5d      0x206 O:\fehqt\Proteus/EWL/lib/armv7e-m\libc.a(vsnprintf.o)
 .debug_info    0x00013163      0x103 O:\fehqt\Proteus/EWL/lib/armv7e-m\libc.a(exit.o)
 .debug_info    0x00013266      0x113 O:\fehqt\Proteus/EWL/lib/armv7e-m\libc.a(memcpy.o)
 .debug_info    0x00013379       0xf4 O:\fehqt\Proteus/EWL/lib/armv7e-m\libc.a(memset.o)
 .debug_info    0x0001346d       0xf3 O:\fehqt\Proteus/EWL/lib/armv7e-m\libc.a(strlen.o)
 .debug_info    0x00013560      0x512 O:\fehqt\Proteus/EWL/lib/armv7e-m\libc.a(printformat_.o)
 .debug_info    0x00013a72      0x564 O:\fehqt\Proteus/EWL/lib/armv7e-m\libc.a(scanformat_.o)
 .debug_info    0x00013fd6      0x32a O:\fehqt\Proteus/EWL/lib/armv7e-m\libc.a(ctype_aeabi.o)
 .debug_info    0x00014300      0x1d7 O:\fehqt\Proteus/EWL/lib/armv7e-m\libc.a(__strtoul.o)
 .debug_info    0x000144d7      0x13d O:\fehqt\Proteus/EWL/lib/armv7e-m\libc.a(__filll_mem.o)
 .debug_info    0x00014614      0x129 O:\fehqt\Proteus/EWL/lib/armv7e-m\libc.a(memchr.o)
 .debug_info    0x0001473d      0x110 O:\fehqt\Proteus/EWL/lib/armv7e-m\libc.a(strchr.o)
 .debug_info    0x0001484d      0x1c0 O:\fehqt\Proteus/EWL/lib/armv7e-m\librt.a(gcc_ctor_dtor.o)
 .debug_info    0x00014a0d      0x1b8 O:\fehqt\Proteus/EWL/lib/armv7e-m\librt.a(ROMCopy.o)
 .debug_info    0x00014bc5      0x2d2 O:\fehqt\Proteus/EWL/lib/armv7e-m\librt.a(__arm_eabi_init.o)

.debug_abbrev   0x00000000     0x451d
 .debug_abbrev  0x00000000      0x339 ..\main.o
 .debug_abbrev  0x00000339      0x28f Startup\__arm_start.o
 .debug_abbrev  0x000005c8       0x45 Startup\__arm_end.o
 .debug_abbrev  0x0000060d      0x18a Startup\kinetis_sysinit.o
 .debug_abbrev  0x00000797      0x18c Libraries\FEHMotor.o
 .debug_abbrev  0x00000923       0xfc Drivers\i2c.o
 .debug_abbrev  0x00000a1f      0x18b Drivers\spi.o
 .debug_abbrev  0x00000baa      0x15f Drivers\uart.o
 .debug_abbrev  0x00000d09      0x18f Drivers\ff.o
 .debug_abbrev  0x00000e98      0x223 Drivers\SDHC.o
 .debug_abbrev  0x000010bb       0xd2 Drivers\lptmr.o
 .debug_abbrev  0x0000118d      0x101 FEHProteus.o
 .debug_abbrev  0x0000128e      0x1c6 Drivers\FEHPropeller.o
 .debug_abbrev  0x00001454      0x154 Libraries\FEHUtility.o
 .debug_abbrev  0x000015a8      0x4ca Libraries\FEHIO.o
 .debug_abbrev  0x00001a72      0x12a Drivers\adc16.o
 .debug_abbrev  0x00001b9c      0x1da Libraries\FEHBuzzer.o
 .debug_abbrev  0x00001d76      0x39b Libraries\FEHLCD.o
 .debug_abbrev  0x00002111      0x13b Libraries\FEHAccel.o
 .debug_abbrev  0x0000224c      0x1cb Libraries\FEHBattery.o
 .debug_abbrev  0x00002417      0x231 Drivers\FEHXBee.o
 .debug_abbrev  0x00002648      0x37f Libraries\FEHRPS.o
 .debug_abbrev  0x000029c7      0x33a Libraries\FEHSD.o
 .debug_abbrev  0x00002d01       0xd9 O:\fehqt\Proteus/EWL/lib/armv7e-m\libm.a(s_cos.o)
 .debug_abbrev  0x00002dda       0xd9 O:\fehqt\Proteus/EWL/lib/armv7e-m\libm.a(s_sin.o)
 .debug_abbrev  0x00002eb3      0x100 O:\fehqt\Proteus/EWL/lib/armv7e-m\libm.a(e_rem_pio2.o)
 .debug_abbrev  0x00002fb3       0xd0 O:\fehqt\Proteus/EWL/lib/armv7e-m\libm.a(k_cos.o)
 .debug_abbrev  0x00003083       0xf7 O:\fehqt\Proteus/EWL/lib/armv7e-m\libm.a(k_rem_pio2.o)
 .debug_abbrev  0x0000317a       0xee O:\fehqt\Proteus/EWL/lib/armv7e-m\libm.a(k_sin.o)
 .debug_abbrev  0x00003268       0xc3 O:\fehqt\Proteus/EWL/lib/armv7e-m\libm.a(s_floor.o)
 .debug_abbrev  0x0000332b       0x88 O:\fehqt\Proteus/EWL/lib/armv7e-m\libm.a(scalbn.o)
 .debug_abbrev  0x000033b3       0xd2 O:\fehqt\Proteus/EWL/lib/armv7e-m\libm.a(s_frexp.o)
 .debug_abbrev  0x00003485       0xd2 O:\fehqt\Proteus/EWL/lib/armv7e-m\libm.a(s_ldexp.o)
 .debug_abbrev  0x00003557      0x136 O:\fehqt\Proteus/EWL/lib/armv7e-m\libm.a(math_api.o)
 .debug_abbrev  0x0000368d       0xb5 O:\fehqt\Proteus/EWL/lib/armv7e-m\libc.a(sprintf.o)
 .debug_abbrev  0x00003742       0xf4 O:\fehqt\Proteus/EWL/lib/armv7e-m\libc.a(vsnprintf.o)
 .debug_abbrev  0x00003836       0x8f O:\fehqt\Proteus/EWL/lib/armv7e-m\libc.a(exit.o)
 .debug_abbrev  0x000038c5       0x97 O:\fehqt\Proteus/EWL/lib/armv7e-m\libc.a(memcpy.o)
 .debug_abbrev  0x0000395c       0x66 O:\fehqt\Proteus/EWL/lib/armv7e-m\libc.a(memset.o)
 .debug_abbrev  0x000039c2       0x7e O:\fehqt\Proteus/EWL/lib/armv7e-m\libc.a(strlen.o)
 .debug_abbrev  0x00003a40      0x204 O:\fehqt\Proteus/EWL/lib/armv7e-m\libc.a(printformat_.o)
 .debug_abbrev  0x00003c44      0x1fb O:\fehqt\Proteus/EWL/lib/armv7e-m\libc.a(scanformat_.o)
 .debug_abbrev  0x00003e3f       0x9a O:\fehqt\Proteus/EWL/lib/armv7e-m\libc.a(ctype_aeabi.o)
 .debug_abbrev  0x00003ed9       0xc6 O:\fehqt\Proteus/EWL/lib/armv7e-m\libc.a(__strtoul.o)
 .debug_abbrev  0x00003f9f       0x8b O:\fehqt\Proteus/EWL/lib/armv7e-m\libc.a(__filll_mem.o)
 .debug_abbrev  0x0000402a       0x99 O:\fehqt\Proteus/EWL/lib/armv7e-m\libc.a(memchr.o)
 .debug_abbrev  0x000040c3       0x8d O:\fehqt\Proteus/EWL/lib/armv7e-m\libc.a(strchr.o)
 .debug_abbrev  0x00004150       0x9d O:\fehqt\Proteus/EWL/lib/armv7e-m\librt.a(gcc_ctor_dtor.o)
 .debug_abbrev  0x000041ed      0x160 O:\fehqt\Proteus/EWL/lib/armv7e-m\librt.a(ROMCopy.o)
 .debug_abbrev  0x0000434d      0x1d0 O:\fehqt\Proteus/EWL/lib/armv7e-m\librt.a(__arm_eabi_init.o)

.debug_loc      0x00000000     0x7c70
 .debug_loc     0x00000000      0x4fe ..\main.o
 .debug_loc     0x000004fe       0xb0 Startup\__arm_start.o
 .debug_loc     0x000005ae       0x38 Startup\__arm_end.o
 .debug_loc     0x000005e6       0x84 Startup\kinetis_sysinit.o
 .debug_loc     0x0000066a       0xe0 Libraries\FEHMotor.o
 .debug_loc     0x0000074a       0xe0 Drivers\i2c.o
 .debug_loc     0x0000082a      0x19c Drivers\spi.o
 .debug_loc     0x000009c6       0xe0 Drivers\uart.o
 .debug_loc     0x00000aa6      0xa96 Drivers\ff.o
 .debug_loc     0x0000153c      0x370 Drivers\SDHC.o
 .debug_loc     0x000018ac       0x38 Drivers\lptmr.o
 .debug_loc     0x000018e4       0x64 FEHProteus.o
 .debug_loc     0x00001948      0x118 Drivers\FEHPropeller.o
 .debug_loc     0x00001a60      0x1a8 Libraries\FEHUtility.o
 .debug_loc     0x00001c08      0xbc2 Libraries\FEHIO.o
 .debug_loc     0x000027ca       0xa8 Drivers\adc16.o
 .debug_loc     0x00002872      0x304 Libraries\FEHBuzzer.o
 .debug_loc     0x00002b76     0x1147 Libraries\FEHLCD.o
 .debug_loc     0x00003cbd      0x144 Libraries\FEHAccel.o
 .debug_loc     0x00003e01       0xd4 Libraries\FEHBattery.o
 .debug_loc     0x00003ed5      0x1c0 Drivers\FEHXBee.o
 .debug_loc     0x00004095      0x3b0 Libraries\FEHRPS.o
 .debug_loc     0x00004445      0x188 Libraries\FEHSD.o
 .debug_loc     0x000045cd       0xee O:\fehqt\Proteus/EWL/lib/armv7e-m\libm.a(s_cos.o)
 .debug_loc     0x000046bb       0xee O:\fehqt\Proteus/EWL/lib/armv7e-m\libm.a(s_sin.o)
 .debug_loc     0x000047a9      0x2ae O:\fehqt\Proteus/EWL/lib/armv7e-m\libm.a(e_rem_pio2.o)
 .debug_loc     0x00004a57       0xff O:\fehqt\Proteus/EWL/lib/armv7e-m\libm.a(k_cos.o)
 .debug_loc     0x00004b56      0x5da O:\fehqt\Proteus/EWL/lib/armv7e-m\libm.a(k_rem_pio2.o)
 .debug_loc     0x00005130       0xbc O:\fehqt\Proteus/EWL/lib/armv7e-m\libm.a(k_sin.o)
 .debug_loc     0x000051ec      0x108 O:\fehqt\Proteus/EWL/lib/armv7e-m\libm.a(s_floor.o)
 .debug_loc     0x000052f4       0x6e O:\fehqt\Proteus/EWL/lib/armv7e-m\libm.a(scalbn.o)
 .debug_loc     0x00005362       0xb7 O:\fehqt\Proteus/EWL/lib/armv7e-m\libm.a(s_frexp.o)
 .debug_loc     0x00005419      0x130 O:\fehqt\Proteus/EWL/lib/armv7e-m\libm.a(s_ldexp.o)
 .debug_loc     0x00005549      0x27c O:\fehqt\Proteus/EWL/lib/armv7e-m\libm.a(math_api.o)
 .debug_loc     0x000057c5       0x3f O:\fehqt\Proteus/EWL/lib/armv7e-m\libc.a(sprintf.o)
 .debug_loc     0x00005804      0x105 O:\fehqt\Proteus/EWL/lib/armv7e-m\libc.a(vsnprintf.o)
 .debug_loc     0x00005909       0x3e O:\fehqt\Proteus/EWL/lib/armv7e-m\libc.a(exit.o)
 .debug_loc     0x00005947       0x46 O:\fehqt\Proteus/EWL/lib/armv7e-m\libc.a(memcpy.o)
 .debug_loc     0x0000598d       0x64 O:\fehqt\Proteus/EWL/lib/armv7e-m\libc.a(memset.o)
 .debug_loc     0x000059f1       0x31 O:\fehqt\Proteus/EWL/lib/armv7e-m\libc.a(strlen.o)
 .debug_loc     0x00005a22     0x106f O:\fehqt\Proteus/EWL/lib/armv7e-m\libc.a(printformat_.o)
 .debug_loc     0x00006a91      0x8cb O:\fehqt\Proteus/EWL/lib/armv7e-m\libc.a(scanformat_.o)
 .debug_loc     0x0000735c      0x18e O:\fehqt\Proteus/EWL/lib/armv7e-m\libc.a(ctype_aeabi.o)
 .debug_loc     0x000074ea      0x2ad O:\fehqt\Proteus/EWL/lib/armv7e-m\libc.a(__strtoul.o)
 .debug_loc     0x00007797      0x12c O:\fehqt\Proteus/EWL/lib/armv7e-m\libc.a(__filll_mem.o)
 .debug_loc     0x000078c3       0x82 O:\fehqt\Proteus/EWL/lib/armv7e-m\libc.a(memchr.o)
 .debug_loc     0x00007945       0x78 O:\fehqt\Proteus/EWL/lib/armv7e-m\libc.a(strchr.o)
 .debug_loc     0x000079bd       0xbe O:\fehqt\Proteus/EWL/lib/armv7e-m\librt.a(gcc_ctor_dtor.o)
 .debug_loc     0x00007a7b       0x9b O:\fehqt\Proteus/EWL/lib/armv7e-m\librt.a(ROMCopy.o)
 .debug_loc     0x00007b16      0x15a O:\fehqt\Proteus/EWL/lib/armv7e-m\librt.a(__arm_eabi_init.o)

.debug_aranges  0x00000000     0x10c0
 .debug_aranges
                0x00000000       0xd0 ..\main.o
 .debug_aranges
                0x000000d0       0x48 Startup\__arm_start.o
 .debug_aranges
                0x00000118       0x20 Startup\__arm_end.o
 .debug_aranges
                0x00000138       0x30 Startup\kinetis_sysinit.o
 .debug_aranges
                0x00000168       0x38 Libraries\FEHMotor.o
 .debug_aranges
                0x000001a0       0x38 Drivers\i2c.o
 .debug_aranges
                0x000001d8       0x58 Drivers\spi.o
 .debug_aranges
                0x00000230       0x38 Drivers\uart.o
 .debug_aranges
                0x00000268      0x198 Drivers\ff.o
 .debug_aranges
                0x00000400       0x98 Drivers\SDHC.o
 .debug_aranges
                0x00000498       0x20 Drivers\lptmr.o
 .debug_aranges
                0x000004b8       0x28 FEHProteus.o
 .debug_aranges
                0x000004e0       0x40 Drivers\FEHPropeller.o
 .debug_aranges
                0x00000520       0x58 Libraries\FEHUtility.o
 .debug_aranges
                0x00000578      0x1d0 Libraries\FEHIO.o
 .debug_aranges
                0x00000748       0x30 Drivers\adc16.o
 .debug_aranges
                0x00000778       0x88 Libraries\FEHBuzzer.o
 .debug_aranges
                0x00000800      0x290 Libraries\FEHLCD.o
 .debug_aranges
                0x00000a90       0x48 Libraries\FEHAccel.o
 .debug_aranges
                0x00000ad8       0x38 Libraries\FEHBattery.o
 .debug_aranges
                0x00000b10       0x58 Drivers\FEHXBee.o
 .debug_aranges
                0x00000b68       0xa0 Libraries\FEHRPS.o
 .debug_aranges
                0x00000c08       0x50 Libraries\FEHSD.o
 .debug_aranges
                0x00000c58       0x20 O:\fehqt\Proteus/EWL/lib/armv7e-m\libm.a(s_cos.o)
 .debug_aranges
                0x00000c78       0x20 O:\fehqt\Proteus/EWL/lib/armv7e-m\libm.a(s_sin.o)
 .debug_aranges
                0x00000c98       0x20 O:\fehqt\Proteus/EWL/lib/armv7e-m\libm.a(e_rem_pio2.o)
 .debug_aranges
                0x00000cb8       0x20 O:\fehqt\Proteus/EWL/lib/armv7e-m\libm.a(k_cos.o)
 .debug_aranges
                0x00000cd8       0x20 O:\fehqt\Proteus/EWL/lib/armv7e-m\libm.a(k_rem_pio2.o)
 .debug_aranges
                0x00000cf8       0x20 O:\fehqt\Proteus/EWL/lib/armv7e-m\libm.a(k_sin.o)
 .debug_aranges
                0x00000d18       0x20 O:\fehqt\Proteus/EWL/lib/armv7e-m\libm.a(s_floor.o)
 .debug_aranges
                0x00000d38       0x20 O:\fehqt\Proteus/EWL/lib/armv7e-m\libm.a(scalbn.o)
 .debug_aranges
                0x00000d58       0x20 O:\fehqt\Proteus/EWL/lib/armv7e-m\libm.a(s_frexp.o)
 .debug_aranges
                0x00000d78       0x20 O:\fehqt\Proteus/EWL/lib/armv7e-m\libm.a(s_ldexp.o)
 .debug_aranges
                0x00000d98       0x60 O:\fehqt\Proteus/EWL/lib/armv7e-m\libm.a(math_api.o)
 .debug_aranges
                0x00000df8       0x20 O:\fehqt\Proteus/EWL/lib/armv7e-m\libc.a(sprintf.o)
 .debug_aranges
                0x00000e18       0x28 O:\fehqt\Proteus/EWL/lib/armv7e-m\libc.a(vsnprintf.o)
 .debug_aranges
                0x00000e40       0x20 O:\fehqt\Proteus/EWL/lib/armv7e-m\libc.a(exit.o)
 .debug_aranges
                0x00000e60       0x20 O:\fehqt\Proteus/EWL/lib/armv7e-m\libc.a(memcpy.o)
 .debug_aranges
                0x00000e80       0x20 O:\fehqt\Proteus/EWL/lib/armv7e-m\libc.a(memset.o)
 .debug_aranges
                0x00000ea0       0x20 O:\fehqt\Proteus/EWL/lib/armv7e-m\libc.a(strlen.o)
 .debug_aranges
                0x00000ec0       0x28 O:\fehqt\Proteus/EWL/lib/armv7e-m\libc.a(printformat_.o)
 .debug_aranges
                0x00000ee8       0x20 O:\fehqt\Proteus/EWL/lib/armv7e-m\libc.a(scanformat_.o)
 .debug_aranges
                0x00000f08       0x88 O:\fehqt\Proteus/EWL/lib/armv7e-m\libc.a(ctype_aeabi.o)
 .debug_aranges
                0x00000f90       0x20 O:\fehqt\Proteus/EWL/lib/armv7e-m\libc.a(__strtoul.o)
 .debug_aranges
                0x00000fb0       0x20 O:\fehqt\Proteus/EWL/lib/armv7e-m\libc.a(__filll_mem.o)
 .debug_aranges
                0x00000fd0       0x20 O:\fehqt\Proteus/EWL/lib/armv7e-m\libc.a(memchr.o)
 .debug_aranges
                0x00000ff0       0x20 O:\fehqt\Proteus/EWL/lib/armv7e-m\libc.a(strchr.o)
 .debug_aranges
                0x00001010       0x28 O:\fehqt\Proteus/EWL/lib/armv7e-m\librt.a(gcc_ctor_dtor.o)
 .debug_aranges
                0x00001038       0x30 O:\fehqt\Proteus/EWL/lib/armv7e-m\librt.a(ROMCopy.o)
 .debug_aranges
                0x00001068       0x58 O:\fehqt\Proteus/EWL/lib/armv7e-m\librt.a(__arm_eabi_init.o)

.debug_line     0x00000000     0x87f1
 .debug_line    0x00000000      0x6bf ..\main.o
 .debug_line    0x000006bf      0x3c3 Startup\__arm_start.o
 .debug_line    0x00000a82      0x230 Startup\__arm_end.o
 .debug_line    0x00000cb2      0x298 Startup\kinetis_sysinit.o
 .debug_line    0x00000f4a      0x242 Libraries\FEHMotor.o
 .debug_line    0x0000118c      0x2ba Drivers\i2c.o
 .debug_line    0x00001446      0x2a2 Drivers\spi.o
 .debug_line    0x000016e8      0x21f Drivers\uart.o
 .debug_line    0x00001907     0x1121 Drivers\ff.o
 .debug_line    0x00002a28      0x685 Drivers\SDHC.o
 .debug_line    0x000030ad      0x1cd Drivers\lptmr.o
 .debug_line    0x0000327a      0x1f0 FEHProteus.o
 .debug_line    0x0000346a      0x279 Drivers\FEHPropeller.o
 .debug_line    0x000036e3      0x28d Libraries\FEHUtility.o
 .debug_line    0x00003970      0x932 Libraries\FEHIO.o
 .debug_line    0x000042a2      0x21c Drivers\adc16.o
 .debug_line    0x000044be      0x2ea Libraries\FEHBuzzer.o
 .debug_line    0x000047a8     0x1167 Libraries\FEHLCD.o
 .debug_line    0x0000590f      0x24a Libraries\FEHAccel.o
 .debug_line    0x00005b59      0x223 Libraries\FEHBattery.o
 .debug_line    0x00005d7c      0x35e Drivers\FEHXBee.o
 .debug_line    0x000060da      0x6fe Libraries\FEHRPS.o
 .debug_line    0x000067d8      0x349 Libraries\FEHSD.o
 .debug_line    0x00006b21       0xcd O:\fehqt\Proteus/EWL/lib/armv7e-m\libm.a(s_cos.o)
 .debug_line    0x00006bee       0xc4 O:\fehqt\Proteus/EWL/lib/armv7e-m\libm.a(s_sin.o)
 .debug_line    0x00006cb2      0x124 O:\fehqt\Proteus/EWL/lib/armv7e-m\libm.a(e_rem_pio2.o)
 .debug_line    0x00006dd6       0xbf O:\fehqt\Proteus/EWL/lib/armv7e-m\libm.a(k_cos.o)
 .debug_line    0x00006e95      0x341 O:\fehqt\Proteus/EWL/lib/armv7e-m\libm.a(k_rem_pio2.o)
 .debug_line    0x000071d6       0xb6 O:\fehqt\Proteus/EWL/lib/armv7e-m\libm.a(k_sin.o)
 .debug_line    0x0000728c       0xd0 O:\fehqt\Proteus/EWL/lib/armv7e-m\libm.a(s_floor.o)
 .debug_line    0x0000735c       0x75 O:\fehqt\Proteus/EWL/lib/armv7e-m\libm.a(scalbn.o)
 .debug_line    0x000073d1       0xc1 O:\fehqt\Proteus/EWL/lib/armv7e-m\libm.a(s_frexp.o)
 .debug_line    0x00007492       0xcc O:\fehqt\Proteus/EWL/lib/armv7e-m\libm.a(s_ldexp.o)
 .debug_line    0x0000755e      0x178 O:\fehqt\Proteus/EWL/lib/armv7e-m\libm.a(math_api.o)
 .debug_line    0x000076d6       0x94 O:\fehqt\Proteus/EWL/lib/armv7e-m\libc.a(sprintf.o)
 .debug_line    0x0000776a       0xd2 O:\fehqt\Proteus/EWL/lib/armv7e-m\libc.a(vsnprintf.o)
 .debug_line    0x0000783c       0x94 O:\fehqt\Proteus/EWL/lib/armv7e-m\libc.a(exit.o)
 .debug_line    0x000078d0       0x8d O:\fehqt\Proteus/EWL/lib/armv7e-m\libc.a(memcpy.o)
 .debug_line    0x0000795d       0x8f O:\fehqt\Proteus/EWL/lib/armv7e-m\libc.a(memset.o)
 .debug_line    0x000079ec       0x89 O:\fehqt\Proteus/EWL/lib/armv7e-m\libc.a(strlen.o)
 .debug_line    0x00007a75      0x2c6 O:\fehqt\Proteus/EWL/lib/armv7e-m\libc.a(printformat_.o)
 .debug_line    0x00007d3b      0x2e3 O:\fehqt\Proteus/EWL/lib/armv7e-m\libc.a(scanformat_.o)
 .debug_line    0x0000801e      0x1dd O:\fehqt\Proteus/EWL/lib/armv7e-m\libc.a(ctype_aeabi.o)
 .debug_line    0x000081fb      0x141 O:\fehqt\Proteus/EWL/lib/armv7e-m\libc.a(__strtoul.o)
 .debug_line    0x0000833c      0x121 O:\fehqt\Proteus/EWL/lib/armv7e-m\libc.a(__filll_mem.o)
 .debug_line    0x0000845d       0xa3 O:\fehqt\Proteus/EWL/lib/armv7e-m\libc.a(memchr.o)
 .debug_line    0x00008500       0x84 O:\fehqt\Proteus/EWL/lib/armv7e-m\libc.a(strchr.o)
 .debug_line    0x00008584       0x94 O:\fehqt\Proteus/EWL/lib/armv7e-m\librt.a(gcc_ctor_dtor.o)
 .debug_line    0x00008618       0xc0 O:\fehqt\Proteus/EWL/lib/armv7e-m\librt.a(ROMCopy.o)
 .debug_line    0x000086d8      0x119 O:\fehqt\Proteus/EWL/lib/armv7e-m\librt.a(__arm_eabi_init.o)

.debug_macinfo  0x00000000   0x83a4d1
 .debug_macinfo
                0x00000000    0x67ced ..\main.o
 .debug_macinfo
                0x00067ced    0x6480d Startup\__arm_start.o
 .debug_macinfo
                0x000cc4fa     0x3464 Startup\__arm_end.o
 .debug_macinfo
                0x000cf95e    0x64ce0 Startup\kinetis_sysinit.o
 .debug_macinfo
                0x0013463e    0x6305c Libraries\FEHMotor.o
 .debug_macinfo
                0x0019769a    0x6318f Drivers\i2c.o
 .debug_macinfo
                0x001fa829    0x62fd6 Drivers\spi.o
 .debug_macinfo
                0x0025d7ff    0x62fc7 Drivers\uart.o
 .debug_macinfo
                0x002c07c6     0x4396 Drivers\ff.o
 .debug_macinfo
                0x002c4b5c    0x6452b Drivers\SDHC.o
 .debug_macinfo
                0x00329087    0x63036 Drivers\lptmr.o
 .debug_macinfo
                0x0038c0bd    0x62fdc FEHProteus.o
 .debug_macinfo
                0x003ef099    0x63085 Drivers\FEHPropeller.o
 .debug_macinfo
                0x0045211e    0x62ff1 Libraries\FEHUtility.o
 .debug_macinfo
                0x004b510f    0x6435a Libraries\FEHIO.o
 .debug_macinfo
                0x00519469    0x63678 Drivers\adc16.o
 .debug_macinfo
                0x0057cae1    0x6301e Libraries\FEHBuzzer.o
 .debug_macinfo
                0x005dfaff    0x649bd Libraries\FEHLCD.o
 .debug_macinfo
                0x006444bc    0x631be Libraries\FEHAccel.o
 .debug_macinfo
                0x006a767a    0x6369f Libraries\FEHBattery.o
 .debug_macinfo
                0x0070ad19    0x63d6f Drivers\FEHXBee.o
 .debug_macinfo
                0x0076ea88    0x661a6 Libraries\FEHRPS.o
 .debug_macinfo
                0x007d4c2e    0x658a3 Libraries\FEHSD.o

.debug_str      0x00000000     0x551f
 .debug_str     0x00000000     0x12a9 ..\main.o
                               0x1372 (size before relaxing)
 .debug_str     0x000012a9      0x3a6 Startup\__arm_start.o
                                0xe7d (size before relaxing)
 .debug_str     0x0000164f       0x39 Startup\__arm_end.o
                                 0xd1 (size before relaxing)
 .debug_str     0x00001688      0x1ec Startup\kinetis_sysinit.o
                                0x37c (size before relaxing)
 .debug_str     0x00001874       0x45 Libraries\FEHMotor.o
                                0x2ef (size before relaxing)
 .debug_str     0x000018b9      0x12b Drivers\i2c.o
                                0x218 (size before relaxing)
 .debug_str     0x000019e4      0x1a1 Drivers\spi.o
                                0x3d1 (size before relaxing)
 .debug_str     0x00001b85      0x19e Drivers\uart.o
                                0x366 (size before relaxing)
 .debug_str     0x00001d23      0x6cb Drivers\ff.o
                                0x869 (size before relaxing)
 .debug_str     0x000023ee      0x55c Drivers\SDHC.o
                                0x83f (size before relaxing)
 .debug_str     0x0000294a       0x70 Drivers\lptmr.o
                                0x21f (size before relaxing)
 .debug_str     0x000029ba       0x3e FEHProteus.o
                                0x26b (size before relaxing)
 .debug_str     0x000029f8       0x35 Drivers\FEHPropeller.o
                                0x3ac (size before relaxing)
 .debug_str     0x00002a2d       0xd6 Libraries\FEHUtility.o
                                0x1f0 (size before relaxing)
 .debug_str     0x00002b03     0x1027 Libraries\FEHIO.o
                               0x1629 (size before relaxing)
 .debug_str     0x00003b2a       0xed Drivers\adc16.o
                                0x2b0 (size before relaxing)
 .debug_str     0x00003c17      0x1d0 Libraries\FEHBuzzer.o
                                0x3c2 (size before relaxing)
 .debug_str     0x00003de7      0x487 Libraries\FEHLCD.o
                               0x1132 (size before relaxing)
 .debug_str     0x0000426e       0x7e Libraries\FEHAccel.o
                                0x1b4 (size before relaxing)
 .debug_str     0x000042ec       0x73 Libraries\FEHBattery.o
                                0x375 (size before relaxing)
 .debug_str     0x0000435f      0x207 Drivers\FEHXBee.o
                                0x55b (size before relaxing)
 .debug_str     0x00004566      0x355 Libraries\FEHRPS.o
                               0x14f9 (size before relaxing)
 .debug_str     0x000048bb       0x8b Libraries\FEHSD.o
                                0xf40 (size before relaxing)
 .debug_str     0x00004946       0x91 O:\fehqt\Proteus/EWL/lib/armv7e-m\libm.a(s_cos.o)
                                0x144 (size before relaxing)
 .debug_str     0x000049d7       0x11 O:\fehqt\Proteus/EWL/lib/armv7e-m\libm.a(s_sin.o)
                                0x144 (size before relaxing)
 .debug_str     0x000049e8       0x83 O:\fehqt\Proteus/EWL/lib/armv7e-m\libm.a(e_rem_pio2.o)
                                0x1b6 (size before relaxing)
 .debug_str     0x00004a6b       0x1e O:\fehqt\Proteus/EWL/lib/armv7e-m\libm.a(k_cos.o)
                                0x151 (size before relaxing)
 .debug_str     0x00004a89       0x57 O:\fehqt\Proteus/EWL/lib/armv7e-m\libm.a(k_rem_pio2.o)
                                0x18d (size before relaxing)
 .debug_str     0x00004ae0       0x1e O:\fehqt\Proteus/EWL/lib/armv7e-m\libm.a(k_sin.o)
                                0x156 (size before relaxing)
 .debug_str     0x00004afe       0x19 O:\fehqt\Proteus/EWL/lib/armv7e-m\libm.a(s_floor.o)
                                0x14c (size before relaxing)
 .debug_str     0x00004b17       0x1e O:\fehqt\Proteus/EWL/lib/armv7e-m\libm.a(scalbn.o)
                                0x13f (size before relaxing)
 .debug_str     0x00004b35       0x24 O:\fehqt\Proteus/EWL/lib/armv7e-m\libm.a(s_frexp.o)
                                0x15d (size before relaxing)
 .debug_str     0x00004b59       0x25 O:\fehqt\Proteus/EWL/lib/armv7e-m\libm.a(s_ldexp.o)
                                0x164 (size before relaxing)
 .debug_str     0x00004b7e       0xe7 O:\fehqt\Proteus/EWL/lib/armv7e-m\libm.a(math_api.o)
                                0x228 (size before relaxing)
 .debug_str     0x00004c65       0x1c O:\fehqt\Proteus/EWL/lib/armv7e-m\libc.a(sprintf.o)
                                0x15a (size before relaxing)
 .debug_str     0x00004c81       0x83 O:\fehqt\Proteus/EWL/lib/armv7e-m\libc.a(vsnprintf.o)
                                0x1c3 (size before relaxing)
 .debug_str     0x00004d04       0x2e O:\fehqt\Proteus/EWL/lib/armv7e-m\libc.a(exit.o)
                                0x14e (size before relaxing)
 .debug_str     0x00004d32       0x1c O:\fehqt\Proteus/EWL/lib/armv7e-m\libc.a(memcpy.o)
                                0x138 (size before relaxing)
 .debug_str     0x00004d4e       0x1c O:\fehqt\Proteus/EWL/lib/armv7e-m\libc.a(memset.o)
                                0x140 (size before relaxing)
 .debug_str     0x00004d6a       0x24 O:\fehqt\Proteus/EWL/lib/armv7e-m\libc.a(strlen.o)
                                0x140 (size before relaxing)
 .debug_str     0x00004d8e      0x213 O:\fehqt\Proteus/EWL/lib/armv7e-m\libc.a(printformat_.o)
                                0x3aa (size before relaxing)
 .debug_str     0x00004fa1      0x17b O:\fehqt\Proteus/EWL/lib/armv7e-m\libc.a(scanformat_.o)
                                0x3f0 (size before relaxing)
 .debug_str     0x0000511c       0x9d O:\fehqt\Proteus/EWL/lib/armv7e-m\libc.a(ctype_aeabi.o)
                                0x1b3 (size before relaxing)
 .debug_str     0x000051b9       0x55 O:\fehqt\Proteus/EWL/lib/armv7e-m\libc.a(__strtoul.o)
                                0x1f2 (size before relaxing)
 .debug_str     0x0000520e       0x25 O:\fehqt\Proteus/EWL/lib/armv7e-m\libc.a(__filll_mem.o)
                                0x152 (size before relaxing)
 .debug_str     0x00005233       0x1c O:\fehqt\Proteus/EWL/lib/armv7e-m\libc.a(memchr.o)
                                0x148 (size before relaxing)
 .debug_str     0x0000524f       0x1c O:\fehqt\Proteus/EWL/lib/armv7e-m\libc.a(strchr.o)
                                0x137 (size before relaxing)
 .debug_str     0x0000526b      0x126 O:\fehqt\Proteus/EWL/lib/armv7e-m\librt.a(gcc_ctor_dtor.o)
                                0x185 (size before relaxing)
 .debug_str     0x00005391       0x9b O:\fehqt\Proteus/EWL/lib/armv7e-m\librt.a(ROMCopy.o)
                                0x140 (size before relaxing)
 .debug_str     0x0000542c       0xf3 O:\fehqt\Proteus/EWL/lib/armv7e-m\librt.a(__arm_eabi_init.o)
                                0x1ac (size before relaxing)

.comment        0x00000000       0x79
 .comment       0x00000000       0x79 ..\main.o
                                 0x7a (size before relaxing)
 .comment       0x00000000       0x7a Startup\__arm_start.o
 .comment       0x00000000       0x7a Startup\__arm_end.o
 .comment       0x00000000       0x7a Startup\kinetis_sysinit.o
 .comment       0x00000000       0x7a Libraries\FEHMotor.o
 .comment       0x00000000       0x7a Drivers\i2c.o
 .comment       0x00000000       0x7a Drivers\spi.o
 .comment       0x00000000       0x7a Drivers\uart.o
 .comment       0x00000000       0x7a Drivers\ff.o
 .comment       0x00000000       0x7a Drivers\SDHC.o
 .comment       0x00000000       0x7a Drivers\lptmr.o
 .comment       0x00000000       0x7a FEHProteus.o
 .comment       0x00000000       0x7a Drivers\FEHPropeller.o
 .comment       0x00000000       0x7a Libraries\FEHUtility.o
 .comment       0x00000000       0x7a Libraries\FEHIO.o
 .comment       0x00000000       0x7a Drivers\adc16.o
 .comment       0x00000000       0x7a Libraries\FEHBuzzer.o
 .comment       0x00000000       0x7a Libraries\FEHLCD.o
 .comment       0x00000000       0x7a Libraries\FEHAccel.o
 .comment       0x00000000       0x7a Libraries\FEHBattery.o
 .comment       0x00000000       0x7a Drivers\FEHXBee.o
 .comment       0x00000000       0x7a Libraries\FEHRPS.o
 .comment       0x00000000       0x7a Libraries\FEHSD.o
 .comment       0x00000000       0x7a O:\fehqt\Proteus/EWL/lib/armv7e-m\libm.a(s_cos.o)
 .comment       0x00000000       0x7a O:\fehqt\Proteus/EWL/lib/armv7e-m\libm.a(s_sin.o)
 .comment       0x00000000       0x7a O:\fehqt\Proteus/EWL/lib/armv7e-m\libm.a(e_rem_pio2.o)
 .comment       0x00000000       0x7a O:\fehqt\Proteus/EWL/lib/armv7e-m\libm.a(k_cos.o)
 .comment       0x00000000       0x7a O:\fehqt\Proteus/EWL/lib/armv7e-m\libm.a(k_rem_pio2.o)
 .comment       0x00000000       0x7a O:\fehqt\Proteus/EWL/lib/armv7e-m\libm.a(k_sin.o)
 .comment       0x00000000       0x7a O:\fehqt\Proteus/EWL/lib/armv7e-m\libm.a(s_floor.o)
 .comment       0x00000000       0x7a O:\fehqt\Proteus/EWL/lib/armv7e-m\libm.a(scalbn.o)
 .comment       0x00000000       0x7a O:\fehqt\Proteus/EWL/lib/armv7e-m\libm.a(s_frexp.o)
 .comment       0x00000000       0x7a O:\fehqt\Proteus/EWL/lib/armv7e-m\libm.a(s_ldexp.o)
 .comment       0x00000000       0x7a O:\fehqt\Proteus/EWL/lib/armv7e-m\libm.a(math_api.o)
 .comment       0x00000000       0x7a O:\fehqt\Proteus/EWL/lib/armv7e-m\libc.a(sprintf.o)
 .comment       0x00000000       0x7a O:\fehqt\Proteus/EWL/lib/armv7e-m\libc.a(vsnprintf.o)
 .comment       0x00000000       0x7a O:\fehqt\Proteus/EWL/lib/armv7e-m\libc.a(exit.o)
 .comment       0x00000000       0x7a O:\fehqt\Proteus/EWL/lib/armv7e-m\libc.a(memcpy.o)
 .comment       0x00000000       0x7a O:\fehqt\Proteus/EWL/lib/armv7e-m\libc.a(memset.o)
 .comment       0x00000000       0x7a O:\fehqt\Proteus/EWL/lib/armv7e-m\libc.a(strlen.o)
 .comment       0x00000000       0x7a O:\fehqt\Proteus/EWL/lib/armv7e-m\libc.a(printformat_.o)
 .comment       0x00000000       0x7a O:\fehqt\Proteus/EWL/lib/armv7e-m\libc.a(scanformat_.o)
 .comment       0x00000000       0x7a O:\fehqt\Proteus/EWL/lib/armv7e-m\libc.a(ctype_aeabi.o)
 .comment       0x00000000       0x7a O:\fehqt\Proteus/EWL/lib/armv7e-m\libc.a(__strtoul.o)
 .comment       0x00000000       0x7a O:\fehqt\Proteus/EWL/lib/armv7e-m\libc.a(__filll_mem.o)
 .comment       0x00000000       0x7a O:\fehqt\Proteus/EWL/lib/armv7e-m\libc.a(memchr.o)
 .comment       0x00000000       0x7a O:\fehqt\Proteus/EWL/lib/armv7e-m\libc.a(strchr.o)
 .comment       0x00000000       0x7a O:\fehqt\Proteus/EWL/lib/armv7e-m\librt.a(gcc_ctor_dtor.o)
 .comment       0x00000000       0x7a O:\fehqt\Proteus/EWL/lib/armv7e-m\librt.a(ROMCopy.o)
 .comment       0x00000000       0x7a O:\fehqt\Proteus/EWL/lib/armv7e-m\librt.a(__arm_eabi_init.o)

.debug_frame    0x00000000     0x2fd8
 .debug_frame   0x00000000      0x2ec ..\main.o
 .debug_frame   0x000002ec       0x98 Startup\__arm_start.o
 .debug_frame   0x00000384       0x2c Startup\__arm_end.o
 .debug_frame   0x000003b0       0x5c Startup\kinetis_sysinit.o
 .debug_frame   0x0000040c       0x94 Libraries\FEHMotor.o
 .debug_frame   0x000004a0       0x88 Drivers\i2c.o
 .debug_frame   0x00000528       0xf8 Drivers\spi.o
 .debug_frame   0x00000620       0x84 Drivers\uart.o
 .debug_frame   0x000006a4      0x5e8 Drivers\ff.o
 .debug_frame   0x00000c8c      0x1e8 Drivers\SDHC.o
 .debug_frame   0x00000e74       0x2c Drivers\lptmr.o
 .debug_frame   0x00000ea0       0x4c FEHProteus.o
 .debug_frame   0x00000eec       0xa8 Drivers\FEHPropeller.o
 .debug_frame   0x00000f94       0xf8 Libraries\FEHUtility.o
 .debug_frame   0x0000108c      0x690 Libraries\FEHIO.o
 .debug_frame   0x0000171c       0x64 Drivers\adc16.o
 .debug_frame   0x00001780      0x1c8 Libraries\FEHBuzzer.o
 .debug_frame   0x00001948      0x9c0 Libraries\FEHLCD.o
 .debug_frame   0x00002308       0xd8 Libraries\FEHAccel.o
 .debug_frame   0x000023e0       0x8c Libraries\FEHBattery.o
 .debug_frame   0x0000246c       0xfc Drivers\FEHXBee.o
 .debug_frame   0x00002568      0x210 Libraries\FEHRPS.o
 .debug_frame   0x00002778       0xf0 Libraries\FEHSD.o
 .debug_frame   0x00002868       0x30 O:\fehqt\Proteus/EWL/lib/armv7e-m\libm.a(s_cos.o)
 .debug_frame   0x00002898       0x30 O:\fehqt\Proteus/EWL/lib/armv7e-m\libm.a(s_sin.o)
 .debug_frame   0x000028c8       0x38 O:\fehqt\Proteus/EWL/lib/armv7e-m\libm.a(e_rem_pio2.o)
 .debug_frame   0x00002900       0x38 O:\fehqt\Proteus/EWL/lib/armv7e-m\libm.a(k_cos.o)
 .debug_frame   0x00002938       0x3c O:\fehqt\Proteus/EWL/lib/armv7e-m\libm.a(k_rem_pio2.o)
 .debug_frame   0x00002974       0x38 O:\fehqt\Proteus/EWL/lib/armv7e-m\libm.a(k_sin.o)
 .debug_frame   0x000029ac       0x34 O:\fehqt\Proteus/EWL/lib/armv7e-m\libm.a(s_floor.o)
 .debug_frame   0x000029e0       0x2c O:\fehqt\Proteus/EWL/lib/armv7e-m\libm.a(scalbn.o)
 .debug_frame   0x00002a0c       0x2c O:\fehqt\Proteus/EWL/lib/armv7e-m\libm.a(s_frexp.o)
 .debug_frame   0x00002a38       0x34 O:\fehqt\Proteus/EWL/lib/armv7e-m\libm.a(s_ldexp.o)
 .debug_frame   0x00002a6c       0xd8 O:\fehqt\Proteus/EWL/lib/armv7e-m\libm.a(math_api.o)
 .debug_frame   0x00002b44       0x34 O:\fehqt\Proteus/EWL/lib/armv7e-m\libc.a(sprintf.o)
 .debug_frame   0x00002b78       0x4c O:\fehqt\Proteus/EWL/lib/armv7e-m\libc.a(vsnprintf.o)
 .debug_frame   0x00002bc4       0x28 O:\fehqt\Proteus/EWL/lib/armv7e-m\libc.a(exit.o)
 .debug_frame   0x00002bec       0x28 O:\fehqt\Proteus/EWL/lib/armv7e-m\libc.a(memcpy.o)
 .debug_frame   0x00002c14       0x28 O:\fehqt\Proteus/EWL/lib/armv7e-m\libc.a(memset.o)
 .debug_frame   0x00002c3c       0x20 O:\fehqt\Proteus/EWL/lib/armv7e-m\libc.a(strlen.o)
 .debug_frame   0x00002c5c       0x64 O:\fehqt\Proteus/EWL/lib/armv7e-m\libc.a(printformat_.o)
 .debug_frame   0x00002cc0       0x3c O:\fehqt\Proteus/EWL/lib/armv7e-m\libc.a(scanformat_.o)
 .debug_frame   0x00002cfc       0xf0 O:\fehqt\Proteus/EWL/lib/armv7e-m\libc.a(ctype_aeabi.o)
 .debug_frame   0x00002dec       0x3c O:\fehqt\Proteus/EWL/lib/armv7e-m\libc.a(__strtoul.o)
 .debug_frame   0x00002e28       0x2c O:\fehqt\Proteus/EWL/lib/armv7e-m\libc.a(__filll_mem.o)
 .debug_frame   0x00002e54       0x28 O:\fehqt\Proteus/EWL/lib/armv7e-m\libc.a(memchr.o)
 .debug_frame   0x00002e7c       0x20 O:\fehqt\Proteus/EWL/lib/armv7e-m\libc.a(strchr.o)
 .debug_frame   0x00002e9c       0x48 O:\fehqt\Proteus/EWL/lib/armv7e-m\librt.a(gcc_ctor_dtor.o)
 .debug_frame   0x00002ee4       0x48 O:\fehqt\Proteus/EWL/lib/armv7e-m\librt.a(ROMCopy.o)
 .debug_frame   0x00002f2c       0xac O:\fehqt\Proteus/EWL/lib/armv7e-m\librt.a(__arm_eabi_init.o)