Archive member included because of file (symbol)

C:\fehqt\Proteus/EWL/lib/armv7e-m\libm.a(s_cos.o)
                              ..\main.o (cos)
C:\fehqt\Proteus/EWL/lib/armv7e-m\libm.a(s_sin.o)
                              ..\main.o (sin)
C:\fehqt\Proteus/EWL/lib/armv7e-m\libm.a(e_rem_pio2.o)
                              C:\fehqt\Proteus/EWL/lib/armv7e-m\libm.a(s_cos.o) (__ieee754_rem_pio2)
C:\fehqt\Proteus/EWL/lib/armv7e-m\libm.a(k_cos.o)
                              C:\fehqt\Proteus/EWL/lib/armv7e-m\libm.a(s_cos.o) (__kernel_cos)
C:\fehqt\Proteus/EWL/lib/armv7e-m\libm.a(k_rem_pio2.o)
                              C:\fehqt\Proteus/EWL/lib/armv7e-m\libm.a(e_rem_pio2.o) (__kernel_rem_pio2)
C:\fehqt\Proteus/EWL/lib/armv7e-m\libm.a(k_sin.o)
                              C:\fehqt\Proteus/EWL/lib/armv7e-m\libm.a(s_cos.o) (__kernel_sin)
C:\fehqt\Proteus/EWL/lib/armv7e-m\libm.a(s_floor.o)
                              C:\fehqt\Proteus/EWL/lib/armv7e-m\libm.a(k_rem_pio2.o) (floor)
C:\fehqt\Proteus/EWL/lib/armv7e-m\libm.a(scalbn.o)
                              C:\fehqt\Proteus/EWL/lib/armv7e-m\libm.a(k_rem_pio2.o) (scalbn)
C:\fehqt\Proteus/EWL/lib/armv7e-m\libm.a(s_frexp.o)
                              C:\fehqt\Proteus/EWL/lib/armv7e-m\libm.a(scalbn.o) (frexp)
C:\fehqt\Proteus/EWL/lib/armv7e-m\libm.a(s_ldexp.o)
                              C:\fehqt\Proteus/EWL/lib/armv7e-m\libm.a(scalbn.o) (ldexp)
C:\fehqt\Proteus/EWL/lib/armv7e-m\libm.a(math_api.o)
                              C:\fehqt\Proteus/EWL/lib/armv7e-m\libm.a(s_ldexp.o) (__fpclassifyd)
C:\fehqt\Proteus/EWL/lib/armv7e-m\libc.a(sprintf.o)
                              Libraries\FEHLCD.o (sprintf)
C:\fehqt\Proteus/EWL/lib/armv7e-m\libc.a(vsnprintf.o)
                              C:\fehqt\Proteus/EWL/lib/armv7e-m\libc.a(sprintf.o) (vsnprintf)
C:\fehqt\Proteus/EWL/lib/armv7e-m\libc.a(exit.o)
                              Startup\__arm_start.o (exit)
C:\fehqt\Proteus/EWL/lib/armv7e-m\libc.a(memcpy.o)
                              Libraries\FEHIO.o (memcpy)
C:\fehqt\Proteus/EWL/lib/armv7e-m\libc.a(memset.o)
                              Startup\__arm_start.o (memset)
C:\fehqt\Proteus/EWL/lib/armv7e-m\libc.a(strcmp.o)
                              Libraries\FEHLCD.o (strcmp)
C:\fehqt\Proteus/EWL/lib/armv7e-m\libc.a(strcpy.o)
                              Libraries\FEHLCD.o (strcpy)
C:\fehqt\Proteus/EWL/lib/armv7e-m\libc.a(strlen.o)
                              Libraries\FEHLCD.o (strlen)
C:\fehqt\Proteus/EWL/lib/armv7e-m\libc.a(math_ARM.o)
                              C:\fehqt\Proteus/EWL/lib/armv7e-m\libm.a(math_api.o) (__ewl_count_bits32)
C:\fehqt\Proteus/EWL/lib/armv7e-m\libc.a(printformat_.o)
                              (__pformatter_)
C:\fehqt\Proteus/EWL/lib/armv7e-m\libc.a(scanformat_.o)
                              (__sformatter)
C:\fehqt\Proteus/EWL/lib/armv7e-m\libc.a(ctype_aeabi.o)
                              C:\fehqt\Proteus/EWL/lib/armv7e-m\libc.a(scanformat_.o) (isspace)
C:\fehqt\Proteus/EWL/lib/armv7e-m\libc.a(__strtoul.o)
                              C:\fehqt\Proteus/EWL/lib/armv7e-m\libc.a(scanformat_.o) (__strtoul)
C:\fehqt\Proteus/EWL/lib/armv7e-m\libc.a(__filll_mem.o)
                              C:\fehqt\Proteus/EWL/lib/armv7e-m\libc.a(memset.o) (__fill_mem)
C:\fehqt\Proteus/EWL/lib/armv7e-m\libc.a(memchr.o)
                              C:\fehqt\Proteus/EWL/lib/armv7e-m\libc.a(printformat_.o) (memchr)
C:\fehqt\Proteus/EWL/lib/armv7e-m\libc.a(strchr.o)
                              C:\fehqt\Proteus/EWL/lib/armv7e-m\libc.a(printformat_.o) (strchr)
c:/fehqt/proteus/gcc/bin/../lib/gcc/arm-none-eabi/4.6.2/armv7e-m\libgcc.a(_lshrdi3.o)
                              C:\fehqt\Proteus/EWL/lib/armv7e-m\libc.a(math_ARM.o) (__aeabi_llsr)
c:/fehqt/proteus/gcc/bin/../lib/gcc/arm-none-eabi/4.6.2/armv7e-m\libgcc.a(_ashldi3.o)
                              C:\fehqt\Proteus/EWL/lib/armv7e-m\libc.a(math_ARM.o) (__aeabi_llsl)
c:/fehqt/proteus/gcc/bin/../lib/gcc/arm-none-eabi/4.6.2/armv7e-m\libgcc.a(_arm_addsubdf3.o)
                              ..\main.o (__aeabi_dsub)
c:/fehqt/proteus/gcc/bin/../lib/gcc/arm-none-eabi/4.6.2/armv7e-m\libgcc.a(_arm_muldivdf3.o)
                              ..\main.o (__aeabi_dmul)
c:/fehqt/proteus/gcc/bin/../lib/gcc/arm-none-eabi/4.6.2/armv7e-m\libgcc.a(_arm_cmpdf2.o)
                              C:\fehqt\Proteus/EWL/lib/armv7e-m\libm.a(e_rem_pio2.o) (__aeabi_dcmpeq)
c:/fehqt/proteus/gcc/bin/../lib/gcc/arm-none-eabi/4.6.2/armv7e-m\libgcc.a(_arm_fixdfsi.o)
                              ..\main.o (__aeabi_d2iz)
c:/fehqt/proteus/gcc/bin/../lib/gcc/arm-none-eabi/4.6.2/armv7e-m\libgcc.a(_arm_fixunsdfsi.o)
                              Libraries\FEHUtility.o (__aeabi_d2uiz)
c:/fehqt/proteus/gcc/bin/../lib/gcc/arm-none-eabi/4.6.2/armv7e-m\libgcc.a(_arm_truncdfsf2.o)
                              ..\main.o (__aeabi_d2f)
c:/fehqt/proteus/gcc/bin/../lib/gcc/arm-none-eabi/4.6.2/armv7e-m\libgcc.a(_arm_addsubsf3.o)
[...]
Memory Configuration

Name             Origin             Length             Attributes
m_interrupts     0x0000c000         0x00000400         xr
m_cfmprotrom     0x0000c400         0x00000010         xr
m_text           0x0000c410         0x00073bf0         xr
m_data           0x1fff0400         0x0000fc00         xrw
m_data2          0x20000000         0x00010000         xrw
*default*        0x00000000         0xffffffff

Linker script and memory map

LOAD ..\main.o
LOAD Startup\__arm_start.o
LOAD Startup\__arm_end.o
LOAD Startup\kinetis_sysinit.o
LOAD Libraries\FEHMotor.o
LOAD Drivers\mcg.o
LOAD Drivers\i2c.o
LOAD Drivers\spi.o
LOAD Drivers\uart.o
LOAD Drivers\ff.o
LOAD Drivers\SDHC.o
LOAD Drivers\lptmr.o
LOAD FEHProteus.o
LOAD Drivers\FEHPropeller.o
LOAD Libraries\FEHUtility.o
LOAD Libraries\FEHIO.o
LOAD Drivers\adc16.o
LOAD Libraries\FEHBuzzer.o
LOAD Libraries\FEHServo.o
LOAD Libraries\FEHLCD.o
LOAD Libraries\FEHAccel.o
LOAD Libraries\FEHBattery.o
LOAD Drivers\FEHXBee.o
LOAD Libraries\FEHRPS.o
LOAD Libraries\FEHSD.o
                0x00015db8                __pformatter = __pformatter_
                [0x000161b0]                __sformatter = __sformatter
LOAD C:\fehqt\Proteus/EWL/lib/armv7e-m\libstdc++.a
LOAD C:\fehqt\Proteus/EWL/lib/armv7e-m\libm.a
START GROUP
LOAD C:\fehqt\Proteus/EWL/lib/armv7e-m\libc.a
LOAD C:\fehqt\Proteus/EWL/lib/armv7e-m\libc++.a
LOAD C:\fehqt\Proteus/EWL/lib/armv7e-m\libm.a
LOAD c:/fehqt/proteus/gcc/bin/../lib/gcc/arm-none-eabi/4.6.2/armv7e-m\libgcc.a
LOAD C:\fehqt\Proteus/EWL/lib/armv7e-m\librt.a
LOAD c:/fehqt/proteus/gcc/bin/../lib/gcc/arm-none-eabi/4.6.2/../../../../arm-none-eabi/lib/armv7e-m\libsupc++.a
END GROUP
                0x20000000                _estack = 0x20000000
                0x20000000                __SP_INIT = _estack
                0x00000800                __heap_size = 0x800
                0x00000800                __stack_size = 0x800

.interrupts     0x0000c000      0x1e0
                0x0000c000                __vector_table = .
                0x0000c000                . = ALIGN (0x4)
 *(.vectortable)
 .vectortable   0x0000c000      0x1e0 Startup\kinetis_sysinit.o
                0x0000c1e0                . = ALIGN (0x4)

.cfmprotect     0x0000c400        0x0
                0x0000c400                . = ALIGN (0x4)
 *(.cfmconfig)
                0x0000c400                . = ALIGN (0x4)

.text           0x0000c410     0xc0ec
                0x0000c410                . = ALIGN (0x4)
 *(.text)
 .text          0x0000c410      0x370 c:/fehqt/proteus/gcc/bin/../lib/gcc/arm-none-eabi/4.6.2/armv7e-m\libgcc.a(_arm_addsubdf3.o)
                0x0000c410                __aeabi_drsub
                0x0000c418                __aeabi_dsub
                0x0000c418                __subdf3
                0x0000c41c                __aeabi_dadd
                0x0000c41c                __adddf3
                0x0000c694                __floatunsidf
                0x0000c694                __aeabi_ui2d
                0x0000c6b4                __floatsidf
                0x0000c6b4                __aeabi_i2d
                0x0000c6d8                __aeabi_f2d
                0x0000c6d8                __extendsfdf2
                0x0000c714                __floatundidf
                0x0000c714                __aeabi_ul2d
                0x0000c724                __floatdidf
                0x0000c724                __aeabi_l2d
 .text          0x0000c780      0x424 c:/fehqt/proteus/gcc/bin/../lib/gcc/arm-none-eabi/4.6.2/armv7e-m\libgcc.a(_arm_muldivdf3.o)
                0x0000c780                __aeabi_dmul
                0x0000c780                __muldf3
                0x0000c9d4                __divdf3
                0x0000c9d4                __aeabi_ddiv
 .text          0x0000cba4      0x110 c:/fehqt/proteus/gcc/bin/../lib/gcc/arm-none-eabi/4.6.2/armv7e-m\libgcc.a(_arm_cmpdf2.o)
                0x0000cba4                __gtdf2
                0x0000cba4                __gedf2
                0x0000cbac                __ltdf2
                0x0000cbac                __ledf2
                0x0000cbb4                __nedf2
                0x0000cbb4                __eqdf2
                0x0000cbb4                __cmpdf2
                0x0000cc30                __aeabi_cdrcmple
                0x0000cc40                __aeabi_cdcmpeq
                0x0000cc40                __aeabi_cdcmple
                0x0000cc50                __aeabi_dcmpeq
                0x0000cc64                __aeabi_dcmplt
                0x0000cc78                __aeabi_dcmple
                0x0000cc8c                __aeabi_dcmpge
                0x0000cca0                __aeabi_dcmpgt
 .text          0x0000ccb4       0x50 c:/fehqt/proteus/gcc/bin/../lib/gcc/arm-none-eabi/4.6.2/armv7e-m\libgcc.a(_arm_fixdfsi.o)
                0x0000ccb4                __aeabi_d2iz
                0x0000ccb4                __fixdfsi
 .text          0x0000cd04       0x40 c:/fehqt/proteus/gcc/bin/../lib/gcc/arm-none-eabi/4.6.2/armv7e-m\libgcc.a(_arm_fixunsdfsi.o)
                0x0000cd04                __aeabi_d2uiz
                0x0000cd04                __fixunsdfsi
 .text          0x0000cd44       0xa0 c:/fehqt/proteus/gcc/bin/../lib/gcc/arm-none-eabi/4.6.2/armv7e-m\libgcc.a(_arm_truncdfsf2.o)
                0x0000cd44                __truncdfsf2
                0x0000cd44                __aeabi_d2f
 .text          0x0000cde4      0x21c c:/fehqt/proteus/gcc/bin/../lib/gcc/arm-none-eabi/4.6.2/armv7e-m\libgcc.a(_arm_addsubsf3.o)
                0x0000cde4                __aeabi_frsub
                0x0000cdec                __subsf3
                0x0000cdec                __aeabi_fsub
                0x0000cdf0                __aeabi_fadd
                0x0000cdf0                __addsf3
                0x0000cf50                __aeabi_ui2f
                0x0000cf50                __floatunsisf
                0x0000cf58                __aeabi_i2f
                0x0000cf58                __floatsisf
                0x0000cf74                __aeabi_ul2f
                0x0000cf74                __floatundisf
                0x0000cf84                __aeabi_l2f
                0x0000cf84                __floatdisf
 .text          0x0000d000      0x2a0 c:/fehqt/proteus/gcc/bin/../lib/gcc/arm-none-eabi/4.6.2/armv7e-m\libgcc.a(_arm_muldivsf3.o)
                0x0000d000                __mulsf3
                0x0000d000                __aeabi_fmul
                0x0000d168                __aeabi_fdiv
                0x0000d168                __divsf3
 .text          0x0000d2a0       0xec c:/fehqt/proteus/gcc/bin/../lib/gcc/arm-none-eabi/4.6.2/armv7e-m\libgcc.a(_arm_cmpsf2.o)
                0x0000d2a0                __gesf2
                0x0000d2a0                __gtsf2
                0x0000d2a8                __lesf2
                0x0000d2a8                __ltsf2
                0x0000d2b0                __nesf2
                0x0000d2b0                __eqsf2
                0x0000d2b0                __cmpsf2
                0x0000d310                __aeabi_cfrcmple
                0x0000d318                __aeabi_cfcmpeq
                0x0000d318                __aeabi_cfcmple
                0x0000d328                __aeabi_fcmpeq
                0x0000d33c                __aeabi_fcmplt
                0x0000d350                __aeabi_fcmple
                0x0000d364                __aeabi_fcmpge
                0x0000d378                __aeabi_fcmpgt
 .text          0x0000d38c       0x4c c:/fehqt/proteus/gcc/bin/../lib/gcc/arm-none-eabi/4.6.2/armv7e-m\libgcc.a(_arm_fixsfsi.o)
                0x0000d38c                __aeabi_f2iz
                0x0000d38c                __fixsfsi
 *(.text*)
 .text._ZSt3absf
                0x0000d3d8       0x1c ..\main.o
                0x0000d3d8                std::abs(float)
 .text._ZSt3absd
                0x0000d3f4       0x20 ..\main.o
                0x0000d3f4                std::abs(double)
 *fill*         0x0000d414        0x4 00
 .text._Z17setFrontLeftSpeedf
                0x0000d418      0x128 ..\main.o
                0x0000d418                setFrontLeftSpeed(float)
 .text._Z18setFrontRightSpeedf
                0x0000d540      0x128 ..\main.o
                0x0000d540                setFrontRightSpeed(float)
 .text._Z16setBackLeftSpeedf
                0x0000d668      0x128 ..\main.o
                0x0000d668                setBackLeftSpeed(float)
 .text._Z17setBackRightSpeedf
                0x0000d790      0x128 ..\main.o
                0x0000d790                setBackRightSpeed(float)
 .text._Z10isPositivei
                0x0000d8b8       0x24 ..\main.o
                0x0000d8b8                isPositive(int)
 .text._Z3minff
                0x0000d8dc       0x3c ..\main.o
                0x0000d8dc                min(float, float)
 .text.main     0x0000d918      0x238 ..\main.o
                0x0000d918                main
 .text._Z12bicepStretchv
                0x0000db50       0x18 ..\main.o
                0x0000db50                bicepStretch()
 .text._Z9bicepFlexv
                0x0000db68       0x18 ..\main.o
                0x0000db68                bicepFlex()
 .text._Z10drivePolarfff
                0x0000db80      0x678 ..\main.o
                0x0000db80                drivePolar(float, float, float)
 .text._Z11driveUpHillf
                0x0000e1f8      0x328 ..\main.o
                0x0000e1f8                driveUpHill(float)
 .text._Z6turnCCf
                0x0000e520      0x138 ..\main.o
                0x0000e520                turnCC(float)
 .text._Z5turnCf
                0x0000e658      0x138 ..\main.o
                0x0000e658                turnC(float)
 .text._Z41__static_initialization_and_destruction_0ii
                0x0000e790       0xe0 ..\main.o
 .text._GLOBAL__sub_I_frontLeft
                0x0000e870       0x14 ..\main.o
 .text.zero_fill_bss
                0x0000e884       0x34 Startup\__arm_start.o
 .text.__thumb_startup
                0x0000e8b8       0x34 Startup\__arm_start.o
                0x0000e8b8                __thumb_startup
 .text.InitFEHProteus
                0x0000e8ec      0x158 Startup\__arm_start.o
                0x0000e8ec                InitFEHProteus
 .text.pll_init_bl
                0x0000ea44      0x130 Startup\__arm_start.o
 .text.InitPowerButton
                0x0000eb74       0x90 Startup\__arm_start.o
                0x0000eb74                InitPowerButton
 .text._ExitProcess
                0x0000ec04        0xc Startup\__arm_end.o
                0x0000ec04                _ExitProcess
 .text.Default_Handler
                0x0000ec10        0xc Startup\kinetis_sysinit.o
                0x0000ec10                BusFault_Handler()
                0x0000ec10                HardFault_Handler()
                0x0000ec10                SysTick_Handler()
                0x0000ec10                PendSV_Handler()
                0x0000ec10                DebugMonitor_Handler()
                0x0000ec10                MemManage_Handler()
                0x0000ec10                NMI_Handler()
                0x0000ec10                SVC_Handler()
                0x0000ec10                Default_Handler
                0x0000ec10                UsageFault_Handler()
 .text.__init_hardware
                0x0000ec1c       0x44 Startup\kinetis_sysinit.o
                0x0000ec1c                __init_hardware
 .text._Z8PortDISRv
                0x0000ec60       0x64 Startup\kinetis_sysinit.o
                0x0000ec60                PortDISR()
 *fill*         0x0000ecc4        0x4 00
 .text._ZN8FEHMotorC2ENS_12FEHMotorPortEf
                0x0000ecc8       0xb0 Libraries\FEHMotor.o
                0x0000ecc8                FEHMotor::FEHMotor(FEHMotor::FEHMotorPort, float)
                0x0000ecc8                FEHMotor::FEHMotor(FEHMotor::FEHMotorPort, float)
 .text._ZN8FEHMotor4StopEv
                0x0000ed78       0x3c Libraries\FEHMotor.o
                0x0000ed78                FEHMotor::Stop()
 .text._ZN8FEHMotor8SetPowerEi
                0x0000edb4       0x60 Libraries\FEHMotor.o
                0x0000edb4                FEHMotor::SetPower(int)
 *fill*         0x0000ee14        0x4 00
 .text._ZN8FEHMotor10SetPercentEf
                0x0000ee18      0x158 Libraries\FEHMotor.o
                0x0000ee18                FEHMotor::SetPercent(float)
 .text._Z21IIC_StartTransmissionhh
                0x0000ef70       0x98 Drivers\i2c.o
                0x0000ef70                IIC_StartTransmission(unsigned char, unsigned char)
 .text._Z5Pausev
                0x0000f008       0x34 Drivers\i2c.o
                0x0000f008                Pause()
 .text._Z22u8MMA8451QReadRegisterh
                0x0000f03c      0x1f8 Drivers\i2c.o
                0x0000f03c                u8MMA8451QReadRegister(unsigned char)
 .text._Z21MMA8451QWriteRegisterhh
                0x0000f234      0x12c Drivers\i2c.o
                0x0000f234                MMA8451QWriteRegister(unsigned char, unsigned char)
 .text._Z12SPI_SendCharh
                0x0000f360       0x1c Drivers\spi.o
                0x0000f360                SPI_SendChar(unsigned char)
 .text._Z16SPI_WriteCommandhh
                0x0000f37c       0x34 Drivers\spi.o
                0x0000f37c                SPI_WriteCommand(unsigned char, unsigned char)
 .text._Z13SPI_CS_Assertv
                0x0000f3b0       0x24 Drivers\spi.o
                0x0000f3b0                SPI_CS_Assert()
 .text._Z15SPI_CS_Deassertv
                0x0000f3d4       0x24 Drivers\spi.o
                0x0000f3d4                SPI_CS_Deassert()
 .text._Z12SPI_Transferh
                0x0000f3f8       0x88 Drivers\spi.o
                0x0000f3f8                SPI_Transfer(unsigned char)
 .text._Z8SPI_Initv
                0x0000f480       0xe8 Drivers\spi.o
                0x0000f480                SPI_Init()
 .text._Z9uart_initPV11UART_MemMapii
                0x0000f568      0x20c Drivers\uart.o
                0x0000f568                uart_init(UART_MemMap volatile*, int, int)
 .text._Z12uart_getcharPV11UART_MemMap
                0x0000f774       0x34 Drivers\uart.o
                0x0000f774                uart_getchar(UART_MemMap volatile*)
 .text._Z12uart_putcharPV11UART_MemMapc
                0x0000f7a8       0x38 Drivers\uart.o
                0x0000f7a8                uart_putchar(UART_MemMap volatile*, char)
 .text._ZL7mem_setPvij
                0x0000f7e0       0x44 Drivers\ff.o
 .text._ZL11move_windowP5FATFSm
                0x0000f824       0xf0 Drivers\ff.o
 .text._ZL4syncP5FATFS
                0x0000f914      0x188 Drivers\ff.o
 .text._ZL8validateP5FATFSt
                0x0000fa9c       0x54 Drivers\ff.o
 .text._Z6f_syncP3FIL
                0x0000faf0      0x1c0 Drivers\ff.o
                0x0000faf0                f_sync(FIL*)
 .text._Z7f_closeP3FIL
                0x0000fcb0       0x2c Drivers\ff.o
                0x0000fcb0                f_close(FIL*)
 .text._ZL17SDHC_set_baudratemm
                0x0000fcdc      0x14c Drivers\SDHC.o
 .text._Z9SDHC_initP17esdhc_info_structPK17esdhc_init_struct
                0x0000fe28      0x1c4 Drivers\SDHC.o
                0x0000fe28                SDHC_init(esdhc_info_struct*, esdhc_init_struct const*)
 .text._ZL15SDHC_is_runningv
                0x0000ffec       0x28 Drivers\SDHC.o
 .text._ZL16SDHC_status_waitm
                0x00010014       0x38 Drivers\SDHC.o
 .text._ZL17SDHC_send_commandP20esdhc_command_struct
                0x0001004c      0x2a0 Drivers\SDHC.o
 .text._Z10SDHC_ioctlmPv
                0x000102ec      0x978 Drivers\SDHC.o
                0x000102ec                SDHC_ioctl(unsigned long, void*)
 .text._ZL14rcvr_datablockPhm
                0x00010c64      0x134 Drivers\SDHC.o
 .text._Z9disk_readhPhmh
                0x00010d98      0x13c Drivers\SDHC.o
                0x00010d98                disk_read(unsigned char, unsigned char*, unsigned long, unsigned char)
 .text._ZL14xmit_datablockPKhm
                0x00010ed4       0xe0 Drivers\SDHC.o
 .text._Z10disk_writehPKhmh
                0x00010fb4      0x1cc Drivers\SDHC.o
                0x00010fb4                disk_write(unsigned char, unsigned char const*, unsigned long, unsigned char)
 .text._Z10disk_ioctlhhPv
                0x00011180      0x128 Drivers\SDHC.o
                0x00011180                disk_ioctl(unsigned char, unsigned char, void*)
 .text._Z11disk_statush
                0x000112a8       0x30 Drivers\SDHC.o
                0x000112a8                disk_status(unsigned char)
 .text._Z13time_delay_msm
                0x000112d8       0xa4 Drivers\lptmr.o
                0x000112d8                time_delay_ms(unsigned long)
 .text._Z41__static_initialization_and_destruction_0ii
                0x0001137c       0x30 FEHProteus.o
 .text._GLOBAL__sub_I_Propeller
                0x000113ac       0x14 FEHProteus.o
 .text._ZN12FEHPropellerC2Ev
                0x000113c0       0x20 Drivers\FEHPropeller.o
                0x000113c0                FEHPropeller::FEHPropeller()
                0x000113c0                FEHPropeller::FEHPropeller()
 .text._ZN12FEHPropeller10InitializeEv
                0x000113e0       0x94 Drivers\FEHPropeller.o
                0x000113e0                FEHPropeller::Initialize()
 .text._ZN12FEHPropeller12SetMotorRateEhhh
                0x00011474       0x78 Drivers\FEHPropeller.o
                0x00011474                FEHPropeller::SetMotorRate(unsigned char, unsigned char, unsigned char)
 .text._ZL5Delaymjj
                0x000114ec       0xc4 Libraries\FEHUtility.o
 .text._Z5Sleepi
                0x000115b0       0x34 Libraries\FEHUtility.o
                0x000115b0                Sleep(int)
 *fill*         0x000115e4        0x4 00
 .text._Z5Sleepd
                0x000115e8       0x58 Libraries\FEHUtility.o
                0x000115e8                Sleep(double)
 .text._Z7TimeNowv
                0x00011640       0x70 Libraries\FEHUtility.o
                0x00011640                TimeNow()
 .text._Z11TimeNowMSecv
                0x000116b0       0x44 Libraries\FEHUtility.o
                0x000116b0                TimeNowMSec()
 .text._Z14ProteusStartedv
                0x000116f4       0x18 Libraries\FEHIO.o
                0x000116f4                ProteusStarted()
 .text._Z10enable_irqi
                0x0001170c      0x1cc Libraries\FEHIO.o
                0x0001170c                enable_irq(int)
 .text._ZN14DigitalEncoderC2EN5FEHIO8FEHIOPinENS0_21FEHIOInterruptTriggerE
                0x000118d8       0x2c Libraries\FEHIO.o
                0x000118d8                DigitalEncoder::DigitalEncoder(FEHIO::FEHIOPin, FEHIO::FEHIOInterruptTrigger)
                0x000118d8                DigitalEncoder::DigitalEncoder(FEHIO::FEHIOPin, FEHIO::FEHIOInterruptTrigger)
 .text._ZN14DigitalEncoder10InitializeEN5FEHIO8FEHIOPinENS0_21FEHIOInterruptTriggerE
                0x00011904      0x224 Libraries\FEHIO.o
                0x00011904                DigitalEncoder::Initialize(FEHIO::FEHIOPin, FEHIO::FEHIOInterruptTrigger)
 .text._Z18incrementInterrupti
                0x00011b28       0x44 Libraries\FEHIO.o
                0x00011b28                incrementInterrupt(int)
 .text._Z9portB_isrv
                0x00011b6c      0x108 Libraries\FEHIO.o
                0x00011b6c                portB_isr()
 .text._Z9portC_isrv
                0x00011c74      0x11c Libraries\FEHIO.o
                0x00011c74                portC_isr()
 .text._Z9portA_isrv
                0x00011d90      0x11c Libraries\FEHIO.o
                0x00011d90                portA_isr()
 .text._Z9portE_isrv
                0x00011eac      0x114 Libraries\FEHIO.o
                0x00011eac                portE_isr()
 .text._ZN14DigitalEncoder6CountsEv
                0x00011fc0       0x28 Libraries\FEHIO.o
                0x00011fc0                DigitalEncoder::Counts()
 .text._ZN14DigitalEncoder8NewCountEv
                0x00011fe8       0x3c Libraries\FEHIO.o
                0x00011fe8                DigitalEncoder::NewCount()
 .text._ZN14DigitalEncoder11ResetCountsEv
                0x00012024       0x28 Libraries\FEHIO.o
                0x00012024                DigitalEncoder::ResetCounts()
 .text._ZN14AnalogInputPinC2EN5FEHIO8FEHIOPinE
                0x0001204c       0x20 Libraries\FEHIO.o
                0x0001204c                AnalogInputPin::AnalogInputPin(FEHIO::FEHIOPin)
                0x0001204c                AnalogInputPin::AnalogInputPin(FEHIO::FEHIOPin)
 *fill*         0x0001206c        0x4 00
 .text._ZN14AnalogInputPin5ValueEv
                0x00012070      0x180 Libraries\FEHIO.o
                0x00012070                AnalogInputPin::Value()
 .text._ZN13AnalogEncoder12EncoderValueEv
                0x000121f0       0xe4 Libraries\FEHIO.o
                0x000121f0                AnalogEncoder::EncoderValue()
 .text._ZN14AnalogInputPin8InitADCsEv
                0x000122d4      0x120 Libraries\FEHIO.o
                0x000122d4                AnalogInputPin::InitADCs()
 .text._Z8pit0_isrv
                0x000123f4       0x34 Libraries\FEHIO.o
                0x000123f4                pit0_isr()
 .text._ZN13AnalogEncoder4InitEv
                0x00012428       0x64 Libraries\FEHIO.o
                0x00012428                AnalogEncoder::Init()
 .text._ZN13AnalogEncoder14SetCounterInitEj
                0x0001248c       0x20 Libraries\FEHIO.o
                0x0001248c                AnalogEncoder::SetCounterInit(unsigned int)
 .text._ZN13AnalogEncoder10ProcessIntEv
                0x000124ac       0x80 Libraries\FEHIO.o
                0x000124ac                AnalogEncoder::ProcessInt()
 .text._ZN13AnalogEncoder14ProcessIntSelfEv
                0x0001252c       0x80 Libraries\FEHIO.o
                0x0001252c                AnalogEncoder::ProcessIntSelf()
 .text._Z7ADC_CalPV10ADC_MemMap
                0x000125ac      0x14c Drivers\adc16.o
                0x000125ac                ADC_Cal(ADC_MemMap volatile*)
 .text._Z14ADC_Config_AltPV10ADC_MemMapP7adc_cfg
                0x000126f8       0x6c Drivers\adc16.o
                0x000126f8                ADC_Config_Alt(ADC_MemMap volatile*, adc_cfg*)
 .text._ZN9FEHBuzzerC2Ev
                0x00012764       0x18 Libraries\FEHBuzzer.o
                0x00012764                FEHBuzzer::FEHBuzzer()
                0x00012764                FEHBuzzer::FEHBuzzer()
 .text._Z41__static_initialization_and_destruction_0ii
                0x0001277c       0x30 Libraries\FEHBuzzer.o
 .text._GLOBAL__sub_I_Buzzer
                0x000127ac       0x14 Libraries\FEHBuzzer.o
 .text._ZN8FEHServoC2ENS_12FEHServoPortE
                0x000127c0       0x3c Libraries\FEHServo.o
                0x000127c0                FEHServo::FEHServo(FEHServo::FEHServoPort)
                0x000127c0                FEHServo::FEHServo(FEHServo::FEHServoPort)
 .text._ZN8FEHServo6SetMinEi
                0x000127fc       0x3c Libraries\FEHServo.o
                0x000127fc                FEHServo::SetMin(int)
 .text._ZN8FEHServo6SetMaxEi
                0x00012838       0x3c Libraries\FEHServo.o
                0x00012838                FEHServo::SetMax(int)
 *fill*         0x00012874        0x4 00
 .text._ZN8FEHServo9SetDegreeEf
                0x00012878      0x148 Libraries\FEHServo.o
                0x00012878                FEHServo::SetDegree(float)
 .text._ZN6FEHLCD11_InitializeEv
                0x000129c0      0x5c0 Libraries\FEHLCD.o
                0x000129c0                FEHLCD::_Initialize()
 .text._ZN6FEHLCDC2Ev
                0x00012f80       0x64 Libraries\FEHLCD.o
                0x00012f80                FEHLCD::FEHLCD()
                0x00012f80                FEHLCD::FEHLCD()
 .text._ZN6FEHLCD10InitializeEv
                0x00012fe4       0x38 Libraries\FEHLCD.o
                0x00012fe4                FEHLCD::Initialize()
 .text._ZN6FEHLCD10PrintImageEii
                0x0001301c      0x154 Libraries\FEHLCD.o
                0x0001301c                FEHLCD::PrintImage(int, int)
 .text._ZN6FEHLCD9PrintLogoEii
                0x00013170       0xd8 Libraries\FEHLCD.o
                0x00013170                FEHLCD::PrintLogo(int, int)
 .text._ZN6FEHLCD22ConvertFEHColorTo24BitENS_11FEHLCDColorE
                0x00013248       0x80 Libraries\FEHLCD.o
                0x00013248                FEHLCD::ConvertFEHColorTo24Bit(FEHLCD::FEHLCDColor)
 .text._ZN6FEHLCD24Convert24BitColorTo16BitEj
                0x000132c8       0x40 Libraries\FEHLCD.o
                0x000132c8                FEHLCD::Convert24BitColorTo16Bit(unsigned int)
 .text._ZN6FEHLCD22ConvertRGBColorTo16BitEhhh
                0x00013308       0x44 Libraries\FEHLCD.o
                0x00013308                FEHLCD::ConvertRGBColorTo16Bit(unsigned char, unsigned char, unsigned char)
 .text._ZN6FEHLCD5ClearENS_11FEHLCDColorE
                0x0001334c       0x28 Libraries\FEHLCD.o
                0x0001334c                FEHLCD::Clear(FEHLCD::FEHLCDColor)
 .text._ZN6FEHLCD5ClearEj
                0x00013374       0x2c Libraries\FEHLCD.o
                0x00013374                FEHLCD::Clear(unsigned int)
 .text._ZN6FEHLCD18SetBackgroundColorENS_11FEHLCDColorE
                0x000133a0       0x28 Libraries\FEHLCD.o
                0x000133a0                FEHLCD::SetBackgroundColor(FEHLCD::FEHLCDColor)
 .text._ZN6FEHLCD18SetBackgroundColorEj
                0x000133c8       0x28 Libraries\FEHLCD.o
                0x000133c8                FEHLCD::SetBackgroundColor(unsigned int)
 .text._ZN6FEHLCD12SetFontColorENS_11FEHLCDColorE
                0x000133f0       0x28 Libraries\FEHLCD.o
                0x000133f0                FEHLCD::SetFontColor(FEHLCD::FEHLCDColor)
 .text._ZN6FEHLCD12SetFontColorEj
                0x00013418       0x28 Libraries\FEHLCD.o
                0x00013418                FEHLCD::SetFontColor(unsigned int)
 .text._ZN6FEHLCD11TS_SPI_InitEv
                0x00013440       0xa8 Libraries\FEHLCD.o
                0x00013440                FEHLCD::TS_SPI_Init()
 .text._ZN6FEHLCD10WriteIndexEh
                0x000134e8      0x288 Libraries\FEHLCD.o
                0x000134e8                FEHLCD::WriteIndex(unsigned char)
 .text._ZN6FEHLCD14WriteParameterEh
                0x00013770      0x254 Libraries\FEHLCD.o
                0x00013770                FEHLCD::WriteParameter(unsigned char)
 .text._ZN6FEHLCD6_ClearEv
                0x000139c4      0x228 Libraries\FEHLCD.o
                0x000139c4                FEHLCD::_Clear()
 .text._ZN6FEHLCD13SetDrawRegionEiiii
                0x00013bec      0x10c Libraries\FEHLCD.o
                0x00013bec                FEHLCD::SetDrawRegion(int, int, int, int)
 .text._ZN6FEHLCD10_ForePixelEv
                0x00013cf8      0x160 Libraries\FEHLCD.o
                0x00013cf8                FEHLCD::_ForePixel()
 .text._ZN6FEHLCD22SetRegisterColorValuesEv
                0x00013e58      0x4c0 Libraries\FEHLCD.o
                0x00013e58                FEHLCD::SetRegisterColorValues()
 .text._Z41__static_initialization_and_destruction_0ii
                0x00014318       0x30 Libraries\FEHLCD.o
 .text._GLOBAL__sub_I__ZN6FEHLCD8fontDataE
                0x00014348       0x14 Libraries\FEHLCD.o
 .text._ZN8FEHAccelC2Ev
                0x0001435c       0x8c Libraries\FEHAccel.o
                0x0001435c                FEHAccel::FEHAccel()
                0x0001435c                FEHAccel::FEHAccel()
 .text._ZN8FEHAccel1YEv
                0x000143e8       0x78 Libraries\FEHAccel.o
                0x000143e8                FEHAccel::Y()
 .text._Z41__static_initialization_and_destruction_0ii
                0x00014460       0x30 Libraries\FEHAccel.o
 .text._GLOBAL__sub_I_Accel
                0x00014490       0x14 Libraries\FEHAccel.o
 .text._ZN10FEHBatteryC2EN5FEHIO8FEHIOPinE
                0x000144a4       0x24 Libraries\FEHBattery.o
                0x000144a4                FEHBattery::FEHBattery(FEHIO::FEHIOPin)
                0x000144a4                FEHBattery::FEHBattery(FEHIO::FEHIOPin)
 .text._Z41__static_initialization_and_destruction_0ii
                0x000144c8       0x34 Libraries\FEHBattery.o
 .text._GLOBAL__sub_I_Battery
                0x000144fc       0x14 Libraries\FEHBattery.o
 .text._ZN7FEHXBeeC2Ev
                0x00014510       0x20 Drivers\FEHXBee.o
                0x00014510                FEHXBee::FEHXBee()
                0x00014510                FEHXBee::FEHXBee()
 .text._ZN7FEHXBee17SetPacketCallBackEPFvPhhE
                0x00014530       0x20 Drivers\FEHXBee.o
                0x00014530                FEHXBee::SetPacketCallBack(void (*)(unsigned char*, unsigned char))
 .text._Z9UART0_ISRv
                0x00014550      0x174 Drivers\FEHXBee.o
                0x00014550                UART0_ISR()
 .text._ZN6FEHRPSC2Ev
                0x000146c4       0x88 Libraries\FEHRPS.o
                0x000146c4                FEHRPS::FEHRPS()
                0x000146c4                FEHRPS::FEHRPS()
 .text._Z14RPSDataProcessPhh
                0x0001474c      0x18c Libraries\FEHRPS.o
                0x0001474c                RPSDataProcess(unsigned char*, unsigned char)
 .text._Z41__static_initialization_and_destruction_0ii
                0x000148d8       0x30 Libraries\FEHRPS.o
 .text._GLOBAL__sub_I_RPS
                0x00014908       0x14 Libraries\FEHRPS.o
 .text._ZN5FEHSDC2Ev
                0x0001491c       0x24 Libraries\FEHSD.o
                0x0001491c                FEHSD::FEHSD()
                0x0001491c                FEHSD::FEHSD()
 .text._ZN5FEHSD8CloseLogEv
                0x00014940       0x38 Libraries\FEHSD.o
                0x00014940                FEHSD::CloseLog()
 .text._Z41__static_initialization_and_destruction_0ii
                0x00014978       0x30 Libraries\FEHSD.o
 .text._GLOBAL__sub_I_SD
                0x000149a8       0x14 Libraries\FEHSD.o
 .text.cos      0x000149bc       0x94 C:\fehqt\Proteus/EWL/lib/armv7e-m\libm.a(s_cos.o)
                0x000149bc                cos
 .text.sin      0x00014a50       0x90 C:\fehqt\Proteus/EWL/lib/armv7e-m\libm.a(s_sin.o)
                0x00014a50                sin
 .text.__ieee754_rem_pio2
                0x00014ae0      0x3f8 C:\fehqt\Proteus/EWL/lib/armv7e-m\libm.a(e_rem_pio2.o)
                0x00014ae0                __ieee754_rem_pio2
 .text.__kernel_cos
                0x00014ed8      0x1e0 C:\fehqt\Proteus/EWL/lib/armv7e-m\libm.a(k_cos.o)
                0x00014ed8                __kernel_cos
 .text.__kernel_rem_pio2
                0x000150b8      0x674 C:\fehqt\Proteus/EWL/lib/armv7e-m\libm.a(k_rem_pio2.o)
                0x000150b8                __kernel_rem_pio2
 *fill*         0x0001572c        0x4 00
 .text.__kernel_sin
                0x00015730      0x180 C:\fehqt\Proteus/EWL/lib/armv7e-m\libm.a(k_sin.o)
                0x00015730                __kernel_sin
 .text.floor    0x000158b0      0x118 C:\fehqt\Proteus/EWL/lib/armv7e-m\libm.a(s_floor.o)
                0x000158b0                floor
 .text.scalbn   0x000159c8       0x18 C:\fehqt\Proteus/EWL/lib/armv7e-m\libm.a(scalbn.o)
                0x000159c8                scalbn
 .text.frexp    0x000159e0       0x70 C:\fehqt\Proteus/EWL/lib/armv7e-m\libm.a(s_frexp.o)
                0x000159e0                frexp
 .text.ldexp    0x00015a50      0x140 C:\fehqt\Proteus/EWL/lib/armv7e-m\libm.a(s_ldexp.o)
                0x00015a50                ldexp
 .text.__fpclassifyd
                0x00015b90       0x3c C:\fehqt\Proteus/EWL/lib/armv7e-m\libm.a(math_api.o)
                0x00015b90                __fpclassifyd
 .text.exit     0x00015bcc       0x38 C:\fehqt\Proteus/EWL/lib/armv7e-m\libc.a(exit.o)
                0x00015bcc                exit
 .text.memset   0x00015c04        0xc C:\fehqt\Proteus/EWL/lib/armv7e-m\libc.a(memset.o)
                0x00015c04                memset
 .text.strlen   0x00015c10       0x10 C:\fehqt\Proteus/EWL/lib/armv7e-m\libc.a(strlen.o)
                0x00015c10                strlen
 .text.long2str.isra.0
                0x00015c20      0x196 C:\fehqt\Proteus/EWL/lib/armv7e-m\libc.a(printformat_.o)
 *fill*         0x00015db6        0x2 00
 .text.__pformatter_
                0x00015db8      0x3f8 C:\fehqt\Proteus/EWL/lib/armv7e-m\libc.a(printformat_.o)
                0x00015db8                __pformatter_
 .text.__sformatter
                0x000161b0      0x74e C:\fehqt\Proteus/EWL/lib/armv7e-m\libc.a(scanformat_.o)
                0x000161b0                __sformatter
 *fill*         0x000168fe        0x2 00
 .text.isalpha  0x00016900       0x1c C:\fehqt\Proteus/EWL/lib/armv7e-m\libc.a(ctype_aeabi.o)
                0x00016900                isalpha
 .text.isspace  0x0001691c       0x1c C:\fehqt\Proteus/EWL/lib/armv7e-m\libc.a(ctype_aeabi.o)
                0x0001691c                isspace
 .text.toupper  0x00016938        0xc C:\fehqt\Proteus/EWL/lib/armv7e-m\libc.a(ctype_aeabi.o)
                0x00016938                toupper
 .text.__strtoul
                0x00016944      0x1dc C:\fehqt\Proteus/EWL/lib/armv7e-m\libc.a(__strtoul.o)
                0x00016944                __strtoul
 .text.__fill_mem
                0x00016b20       0x76 C:\fehqt\Proteus/EWL/lib/armv7e-m\libc.a(__filll_mem.o)
                0x00016b20                __fill_mem
 .text.memchr   0x00016b96       0x1a C:\fehqt\Proteus/EWL/lib/armv7e-m\libc.a(memchr.o)
                0x00016b96                memchr
 .text.strchr   0x00016bb0       0x1c C:\fehqt\Proteus/EWL/lib/armv7e-m\libc.a(strchr.o)
                0x00016bb0                strchr
 .text.__init_cpp
                0x00016bcc       0x4c C:\fehqt\Proteus/EWL/lib/armv7e-m\librt.a(gcc_ctor_dtor.o)
                0x00016bcc                __init_cpp
 .text.__fini_cpp
                0x00016c18       0x34 C:\fehqt\Proteus/EWL/lib/armv7e-m\librt.a(gcc_ctor_dtor.o)
                0x00016c18                __fini_cpp
 .text.__copy_rom_section
                0x00016c4c       0x44 C:\fehqt\Proteus/EWL/lib/armv7e-m\librt.a(ROMCopy.o)
                0x00016c4c                __copy_rom_section
 .text.__copy_rom_sections_to_ram
                0x00016c90       0x34 C:\fehqt\Proteus/EWL/lib/armv7e-m\librt.a(ROMCopy.o)
                0x00016c90                __copy_rom_sections_to_ram
 .text.__destroy_global_chain
                0x00016cc4       0x1c C:\fehqt\Proteus/EWL/lib/armv7e-m\librt.a(__arm_eabi_init.o)
                0x00016cc4                __destroy_global_chain
 .text.__init_registers
                0x00016ce0       0x20 C:\fehqt\Proteus/EWL/lib/armv7e-m\librt.a(__arm_eabi_init.o)
                0x00016ce0                __init_registers
 .text.__init_user
                0x00016d00        0x4 C:\fehqt\Proteus/EWL/lib/armv7e-m\librt.a(__arm_eabi_init.o)
                0x00016d00                __init_user
 *(.rodata)
 .rodata        0x00016d04       0x78 Libraries\FEHIO.o
 *(.rodata*)
 .rodata.K60_SDHC0_init
                0x00016d7c        0xc Drivers\SDHC.o
                0x00016d7c                K60_SDHC0_init
 .rodata._ZL21ESDHC_COMMAND_XFERTYP
                0x00016d88      0x100 Drivers\SDHC.o
 .rodata._ZL9GPIOPorts
                0x00016e88       0x20 Libraries\FEHIO.o
 .rodata._ZL10ADCNumbers
                0x00016ea8       0x24 Libraries\FEHIO.o
 .rodata._ZL14GPIOPinNumbers
                0x00016ecc       0x80 Libraries\FEHIO.o
 .rodata._ZL16AnalogPinNumbers
                0x00016f4c       0x84 Libraries\FEHIO.o
 .rodata._ZL5image
                0x00016fd0      0xaec Libraries\FEHLCD.o
 .rodata._ZL4logo
                0x00017abc      0x764 Libraries\FEHLCD.o
 .rodata.npio2_hw
                0x00018220       0x80 C:\fehqt\Proteus/EWL/lib/armv7e-m\libm.a(e_rem_pio2.o)
 .rodata.two_over_pi
                0x000182a0      0x108 C:\fehqt\Proteus/EWL/lib/armv7e-m\libm.a(e_rem_pio2.o)
 .rodata.init_jk
                0x000183a8       0x10 C:\fehqt\Proteus/EWL/lib/armv7e-m\libm.a(k_rem_pio2.o)
 .rodata.PIo2   0x000183b8       0x40 C:\fehqt\Proteus/EWL/lib/armv7e-m\libm.a(k_rem_pio2.o)
 .rodata.str1.1
                0x000183f8        0x1 C:\fehqt\Proteus/EWL/lib/armv7e-m\libc.a(printformat_.o)
 .rodata.__aeabi_ctype_table_C
                0x000183f9      0x101 C:\fehqt\Proteus/EWL/lib/armv7e-m\libc.a(ctype_aeabi.o)
                0x000183f9                __aeabi_ctype_table_C
 *(.glue_7)
 .glue_7        0x00000000        0x0 linker stubs
 *(.glue_7t)
 .glue_7t       0x00000000        0x0 linker stubs
 *(.eh_frame)
 *(.init)
 *(.fini)
                0x000184fc                . = ALIGN (0x4)
 *fill*         0x000184fa        0x2 00
                0x000184fc                _etext = .

.vfp11_veneer   0x000184fc        0x0
 .vfp11_veneer  0x00000000        0x0 linker stubs

.v4_bx          0x000184fc        0x0
 .v4_bx         0x00000000        0x0 linker stubs

.ARM.extab
 *(.ARM.extab* .gnu.linkonce.armextab.*)

.ARM            0x000184fc        0x0
                0x000184fc                __exidx_start = .
 *(.ARM.exidx*)
                0x000184fc                __exidx_end = .

.ctors          0x000184fc        0x0
                0x000184fc                __CTOR_LIST__ = .
 *crtbegin.o(.ctors)
 *(EXCLUDE_FILE(*crtend.o) .ctors)
 *(SORT(.ctors.*))
 *(.ctors)
                0x000184fc                __CTOR_END__ = .

.dtors          0x000184fc        0x0
                0x000184fc                __DTOR_LIST__ = .
 *crtbegin.o(.dtors)
 *(EXCLUDE_FILE(*crtend.o) .dtors)
 *(SORT(.dtors.*))
 *(.dtors)
                0x000184fc                __DTOR_END__ = .

.preinit_array  0x000184fc        0x0
                0x000184fc                PROVIDE (__preinit_array_start, .)
 *(.preinit_array*)
                0x000184fc                PROVIDE (__preinit_array_end, .)

.init_array     0x000184fc       0x20
                0x000184fc                PROVIDE (__init_array_start, .)
 *(SORT(.init_array.*))
 *(.init_array*)
 .init_array    0x000184fc        0x4 ..\main.o
 .init_array    0x00018500        0x4 FEHProteus.o
 .init_array    0x00018504        0x4 Libraries\FEHBuzzer.o
 .init_array    0x00018508        0x4 Libraries\FEHLCD.o
 .init_array    0x0001850c        0x4 Libraries\FEHAccel.o
 .init_array    0x00018510        0x4 Libraries\FEHBattery.o
 .init_array    0x00018514        0x4 Libraries\FEHRPS.o
 .init_array    0x00018518        0x4 Libraries\FEHSD.o
                0x0001851c                PROVIDE (__init_array_end, .)

.fini_array     0x0001851c        0x0
                0x0001851c                PROVIDE (__fini_array_start, .)
 *(SORT(.fini_array.*))
 *(.fini_array*)
                0x0001851c                PROVIDE (__fini_array_end, .)
                0x0001851c                ___ROM_AT = .

.data           0x1fff0400        0x4 load address 0x0001851c
                0x1fff0400                . = ALIGN (0x4)
                0x1fff0400                _sdata = .
 *(.data)
 *(.data*)
 .data._ZL4Stat
                0x1fff0400        0x1 Drivers\SDHC.o
                0x1fff0404                . = ALIGN (0x4)
 *fill*         0x1fff0401        0x3 00
                0x1fff0404                _edata = .
                0x00000004                ___data_size = (_edata - _sdata)
                0x00018520                ___m_data2_ROMStart = (___ROM_AT + SIZEOF (.data))

.user_data2     0x20000000        0x0 load address 0x00018520
                0x20000000                . = ALIGN (0x4)
                0x20000000                ___m_data2_RAMStart = .
 *(.data2)
                0x20000000                ___m_data2_RAMEnd = .
                0x20000000                . = ALIGN (0x4)
                0x00000000                ___m_data2_ROMSize = (___m_data2_RAMEnd - ___m_data2_RAMStart)
                0x20000000                . = ALIGN (0x4)

.bss            0x1fff0404      0x694 load address 0x00018520
                0x1fff0404                __START_BSS = .
                0x1fff0404                PROVIDE (__bss_start__, __START_BSS)
 *(.bss)
 *(.bss*)
 .bss.frontLeft
                0x1fff0404        0x8 ..\main.o
                0x1fff0404                frontLeft
 .bss.frontRight
                0x1fff040c        0x8 ..\main.o
                0x1fff040c                frontRight
 .bss.backLeft  0x1fff0414        0x8 ..\main.o
                0x1fff0414                backLeft
 .bss.backRight
                0x1fff041c        0x8 ..\main.o
                0x1fff041c                backRight
 .bss.bicep     0x1fff0424        0xc ..\main.o
                0x1fff0424                bicep
 .bss.CdS_Cell  0x1fff0430        0x4 ..\main.o
                0x1fff0430                CdS_Cell
 .bss.frontLeftEncoder
                0x1fff0434        0x4 ..\main.o
                0x1fff0434                frontLeftEncoder
 .bss.frontRightEncoder
                0x1fff0438        0x4 ..\main.o
                0x1fff0438                frontRightEncoder
 .bss.backLeftEncoder
                0x1fff043c        0x4 ..\main.o
                0x1fff043c                backLeftEncoder
 .bss.backRightEncoder
                0x1fff0440        0x4 ..\main.o
                0x1fff0440                backRightEncoder
 .bss._ZL4argv  0x1fff0444        0x4 Startup\__arm_start.o
 .bss.MasterTransmission
                0x1fff0448        0x1 Drivers\i2c.o
                0x1fff0448                MasterTransmission
 .bss.SlaveID   0x1fff0449        0x1 Drivers\i2c.o
                0x1fff0449                SlaveID
 *fill*         0x1fff044a        0x2 00
 .bss.SDHC_Card
                0x1fff044c       0x14 Drivers\SDHC.o
                0x1fff044c                SDHC_Card
 .bss.SDHC_Info
                0x1fff0460      0x204 Drivers\SDHC.o
                0x1fff0460                SDHC_Info
 .bss.SDHC_Device
                0x1fff0664        0x8 Drivers\SDHC.o
                0x1fff0664                SDHC_Device
 .bss.Propeller
                0x1fff066c        0x4 FEHProteus.o
                0x1fff066c                Propeller
 .bss.CoreClockKHz
                0x1fff0670        0x4 FEHProteus.o
                0x1fff0670                CoreClockKHz
 .bss.CoreClockMHz
                0x1fff0674        0x4 FEHProteus.o
                0x1fff0674                CoreClockMHz
 .bss.PeripheralClockKHz
                0x1fff0678        0x4 FEHProteus.o
                0x1fff0678                PeripheralClockKHz
 .bss._ZN14AnalogInputPin17Master_Adc_ConfigE
                0x1fff067c       0x10 Libraries\FEHIO.o
                0x1fff067c                AnalogInputPin::Master_Adc_Config
 .bss._ZN14AnalogInputPin18Encoder_Adc_ConfigE
                0x1fff068c       0x10 Libraries\FEHIO.o
                0x1fff068c                AnalogInputPin::Encoder_Adc_Config
 .bss.booted    0x1fff069c        0x1 Libraries\FEHIO.o
                0x1fff069c                booted
 *fill*         0x1fff069d        0x3 00
 .bss.interrupt_counts
                0x1fff06a0       0x80 Libraries\FEHIO.o
                0x1fff06a0                interrupt_counts
 .bss.interrupt_time
                0x1fff0720       0x80 Libraries\FEHIO.o
                0x1fff0720                interrupt_time
 .bss.new_interrupt
                0x1fff07a0       0x20 Libraries\FEHIO.o
                0x1fff07a0                new_interrupt
 .bss._ZN13AnalogEncoder7pinListE
                0x1fff07c0        0x4 Libraries\FEHIO.o
                0x1fff07c0                AnalogEncoder::pinList
 .bss.__interrupt_counter
                0x1fff07c4        0x4 Libraries\FEHIO.o
                0x1fff07c4                __interrupt_counter
 .bss.Buzzer    0x1fff07c8        0x4 Libraries\FEHBuzzer.o
                0x1fff07c8                Buzzer
 .bss.LCD       0x1fff07cc       0x44 Libraries\FEHLCD.o
                0x1fff07cc                LCD
 .bss.initialized
                0x1fff0810        0x1 Libraries\FEHLCD.o
                0x1fff0810                initialized
 *fill*         0x1fff0811        0x3 00
 .bss.Accel     0x1fff0814        0x4 Libraries\FEHAccel.o
                0x1fff0814                Accel
 .bss.Battery   0x1fff0818        0x4 Libraries\FEHBattery.o
                0x1fff0818                Battery
 .bss.XBeeDataProcess
                0x1fff081c        0x4 Drivers\FEHXBee.o
                0x1fff081c                XBeeDataProcess
 .bss._xbeebuffer
                0x1fff0820       0x10 Drivers\FEHXBee.o
                0x1fff0820                _xbeebuffer
 .bss._xbeebufferindex
                0x1fff0830        0x1 Drivers\FEHXBee.o
                0x1fff0830                _xbeebufferindex
 .bss._xbeestate
                0x1fff0831        0x1 Drivers\FEHXBee.o
                0x1fff0831                _xbeestate
 .bss._xbeebytereceived
                0x1fff0832        0x1 Drivers\FEHXBee.o
                0x1fff0832                _xbeebytereceived
 .bss._xbeebyte
                0x1fff0833        0x1 Drivers\FEHXBee.o
                0x1fff0833                _xbeebyte
 .bss.RPS       0x1fff0834        0x8 Libraries\FEHRPS.o
                0x1fff0834                RPS
 .bss._enabled  0x1fff083c        0x1 Libraries\FEHRPS.o
                0x1fff083c                _enabled
 *fill*         0x1fff083d        0x3 00
 .bss._RPS_x    0x1fff0840        0x4 Libraries\FEHRPS.o
                0x1fff0840                _RPS_x
 .bss._RPS_y    0x1fff0844        0x4 Libraries\FEHRPS.o
                0x1fff0844                _RPS_y
 .bss._RPS_heading
                0x1fff0848        0x4 Libraries\FEHRPS.o
                0x1fff0848                _RPS_heading
 .bss._RPS_objective
                0x1fff084c        0x4 Libraries\FEHRPS.o
                0x1fff084c                _RPS_objective
 .bss._RPS_time
                0x1fff0850        0x1 Libraries\FEHRPS.o
                0x1fff0850                _RPS_time
 .bss._RPS_stop
                0x1fff0851        0x1 Libraries\FEHRPS.o
                0x1fff0851                _RPS_stop
 .bss._RPS_foundpacket
                0x1fff0852        0x1 Libraries\FEHRPS.o
                0x1fff0852                _RPS_foundpacket
 *fill*         0x1fff0853        0x1 00
 .bss.SD        0x1fff0854        0x4 Libraries\FEHSD.o
                0x1fff0854                SD
 .bss.logfil    0x1fff0858      0x228 Libraries\FEHSD.o
                0x1fff0858                logfil
 .bss.__stdio_exit
                0x1fff0a80        0x4 C:\fehqt\Proteus/EWL/lib/armv7e-m\libc.a(exit.o)
                0x1fff0a80                __stdio_exit
 .bss.__console_exit
                0x1fff0a84        0x4 C:\fehqt\Proteus/EWL/lib/armv7e-m\libc.a(exit.o)
                0x1fff0a84                __console_exit
 .bss.__S_romp  0x1fff0a88        0xc C:\fehqt\Proteus/EWL/lib/armv7e-m\librt.a(ROMCopy.o)
 .bss.__global_destructor_chain
                0x1fff0a94        0x4 C:\fehqt\Proteus/EWL/lib/armv7e-m\librt.a(__arm_eabi_init.o)
                0x1fff0a94                __global_destructor_chain
 *(COMMON)
                0x1fff0a98                . = ALIGN (0x4)
                0x1fff0a98                __END_BSS = .
                0x1fff0a98                PROVIDE (__bss_end__, __END_BSS)

._user_heap_stack
                0x1fff0a98     0x1000 load address 0x00018bb4
                0x1fff0a98                . = ALIGN (0x4)
                0x1fff0a98                PROVIDE (end, .)
                0x1fff0a98                PROVIDE (_end, .)
                0x1fff0a98                __heap_addr = .
                0x1fff1298                . = (. + __heap_size)
 *fill*         0x1fff0a98      0x800 00
                0x1fff1a98                . = (. + __stack_size)
 *fill*         0x1fff1298      0x800 00
                0x1fff1a98                . = ALIGN (0x4)
                0x00018520                _romp_at = ((___ROM_AT + SIZEOF (.data)) + SIZEOF (.user_data2))

.romp           0x20000000       0x24 load address 0x00018520
                0x00018520                __S_romp = _romp_at
                0x20000000        0x4 LONG 0x1851c ___ROM_AT
                0x20000004        0x4 LONG 0x1fff0400 _sdata
                0x20000008        0x4 LONG 0x4 ___data_size
                0x2000000c        0x4 LONG 0x18520 ___m_data2_ROMStart
                0x20000010        0x4 LONG 0x20000000 ___m_data2_RAMStart
                0x20000014        0x4 LONG 0x0 ___m_data2_ROMSize
                0x20000018        0x4 LONG 0x0
                0x2000001c        0x4 LONG 0x0
                0x20000020        0x4 LONG 0x0

.ARM.attributes
                0x00000000       0x33
 *(.ARM.attributes)
 .ARM.attributes
                0x00000000       0x33 ..\main.o
 .ARM.attributes
                0x00000033       0x33 Startup\__arm_start.o
 .ARM.attributes
                0x00000066       0x33 Startup\__arm_end.o
 .ARM.attributes
                0x00000099       0x33 Startup\kinetis_sysinit.o
 .ARM.attributes
                0x000000cc       0x33 Libraries\FEHMotor.o
 .ARM.attributes
                0x000000ff       0x33 Drivers\i2c.o
 .ARM.attributes
                0x00000132       0x33 Drivers\spi.o
 .ARM.attributes
                0x00000165       0x33 Drivers\uart.o
 .ARM.attributes
                0x00000198       0x33 Drivers\ff.o
 .ARM.attributes
                0x000001cb       0x33 Drivers\SDHC.o
 .ARM.attributes
                0x000001fe       0x33 Drivers\lptmr.o
 .ARM.attributes
                0x00000231       0x33 FEHProteus.o
 .ARM.attributes
                0x00000264       0x33 Drivers\FEHPropeller.o
 .ARM.attributes
                0x00000297       0x33 Libraries\FEHUtility.o
 .ARM.attributes
                0x000002ca       0x33 Libraries\FEHIO.o
 .ARM.attributes
                0x000002fd       0x33 Drivers\adc16.o
 .ARM.attributes
                0x00000330       0x33 Libraries\FEHBuzzer.o
 .ARM.attributes
                0x00000363       0x33 Libraries\FEHServo.o
 .ARM.attributes
                0x00000396       0x33 Libraries\FEHLCD.o
 .ARM.attributes
                0x000003c9       0x33 Libraries\FEHAccel.o
 .ARM.attributes
                0x000003fc       0x33 Libraries\FEHBattery.o
 .ARM.attributes
                0x0000042f       0x33 Drivers\FEHXBee.o
 .ARM.attributes
                0x00000462       0x33 Libraries\FEHRPS.o
 .ARM.attributes
                0x00000495       0x33 Libraries\FEHSD.o
 .ARM.attributes
                0x000004c8       0x33 C:\fehqt\Proteus/EWL/lib/armv7e-m\libm.a(s_cos.o)
 .ARM.attributes
                0x000004fb       0x33 C:\fehqt\Proteus/EWL/lib/armv7e-m\libm.a(s_sin.o)
 .ARM.attributes
                0x0000052e       0x33 C:\fehqt\Proteus/EWL/lib/armv7e-m\libm.a(e_rem_pio2.o)
 .ARM.attributes
                0x00000561       0x33 C:\fehqt\Proteus/EWL/lib/armv7e-m\libm.a(k_cos.o)
 .ARM.attributes
                0x00000594       0x33 C:\fehqt\Proteus/EWL/lib/armv7e-m\libm.a(k_rem_pio2.o)
 .ARM.attributes
                0x000005c7       0x33 C:\fehqt\Proteus/EWL/lib/armv7e-m\libm.a(k_sin.o)
 .ARM.attributes
                0x000005fa       0x33 C:\fehqt\Proteus/EWL/lib/armv7e-m\libm.a(s_floor.o)
 .ARM.attributes
                0x0000062d       0x33 C:\fehqt\Proteus/EWL/lib/armv7e-m\libm.a(scalbn.o)
 .ARM.attributes
                0x00000660       0x33 C:\fehqt\Proteus/EWL/lib/armv7e-m\libm.a(s_frexp.o)
 .ARM.attributes
                0x00000693       0x33 C:\fehqt\Proteus/EWL/lib/armv7e-m\libm.a(s_ldexp.o)
 .ARM.attributes
                0x000006c6       0x33 C:\fehqt\Proteus/EWL/lib/armv7e-m\libm.a(math_api.o)
 .ARM.attributes
                0x000006f9       0x33 C:\fehqt\Proteus/EWL/lib/armv7e-m\libc.a(exit.o)
 .ARM.attributes
                0x0000072c       0x33 C:\fehqt\Proteus/EWL/lib/armv7e-m\libc.a(memset.o)
 .ARM.attributes
                0x0000075f       0x33 C:\fehqt\Proteus/EWL/lib/armv7e-m\libc.a(strlen.o)
 .ARM.attributes
                0x00000792       0x33 C:\fehqt\Proteus/EWL/lib/armv7e-m\libc.a(printformat_.o)
 .ARM.attributes
                0x000007c5       0x33 C:\fehqt\Proteus/EWL/lib/armv7e-m\libc.a(scanformat_.o)
 .ARM.attributes
                0x000007f8       0x33 C:\fehqt\Proteus/EWL/lib/armv7e-m\libc.a(ctype_aeabi.o)
 .ARM.attributes
                0x0000082b       0x33 C:\fehqt\Proteus/EWL/lib/armv7e-m\libc.a(__strtoul.o)
 .ARM.attributes
                0x0000085e       0x33 C:\fehqt\Proteus/EWL/lib/armv7e-m\libc.a(__filll_mem.o)
 .ARM.attributes
                0x00000891       0x33 C:\fehqt\Proteus/EWL/lib/armv7e-m\libc.a(memchr.o)
 .ARM.attributes
                0x000008c4       0x33 C:\fehqt\Proteus/EWL/lib/armv7e-m\libc.a(strchr.o)
 .ARM.attributes
                0x000008f7       0x1e c:/fehqt/proteus/gcc/bin/../lib/gcc/arm-none-eabi/4.6.2/armv7e-m\libgcc.a(_arm_addsubdf3.o)
 .ARM.attributes
                0x00000915       0x1e c:/fehqt/proteus/gcc/bin/../lib/gcc/arm-none-eabi/4.6.2/armv7e-m\libgcc.a(_arm_muldivdf3.o)
 .ARM.attributes
                0x00000933       0x1e c:/fehqt/proteus/gcc/bin/../lib/gcc/arm-none-eabi/4.6.2/armv7e-m\libgcc.a(_arm_cmpdf2.o)
 .ARM.attributes
                0x00000951       0x1e c:/fehqt/proteus/gcc/bin/../lib/gcc/arm-none-eabi/4.6.2/armv7e-m\libgcc.a(_arm_fixdfsi.o)
 .ARM.attributes
                0x0000096f       0x1e c:/fehqt/proteus/gcc/bin/../lib/gcc/arm-none-eabi/4.6.2/armv7e-m\libgcc.a(_arm_fixunsdfsi.o)
 .ARM.attributes
                0x0000098d       0x1e c:/fehqt/proteus/gcc/bin/../lib/gcc/arm-none-eabi/4.6.2/armv7e-m\libgcc.a(_arm_truncdfsf2.o)
 .ARM.attributes
                0x000009ab       0x1e c:/fehqt/proteus/gcc/bin/../lib/gcc/arm-none-eabi/4.6.2/armv7e-m\libgcc.a(_arm_addsubsf3.o)
 .ARM.attributes
                0x000009c9       0x1e c:/fehqt/proteus/gcc/bin/../lib/gcc/arm-none-eabi/4.6.2/armv7e-m\libgcc.a(_arm_muldivsf3.o)
 .ARM.attributes
                0x000009e7       0x1e c:/fehqt/proteus/gcc/bin/../lib/gcc/arm-none-eabi/4.6.2/armv7e-m\libgcc.a(_arm_cmpsf2.o)
 .ARM.attributes
                0x00000a05       0x1e c:/fehqt/proteus/gcc/bin/../lib/gcc/arm-none-eabi/4.6.2/armv7e-m\libgcc.a(_arm_fixsfsi.o)
 .ARM.attributes
                0x00000a23       0x33 C:\fehqt\Proteus/EWL/lib/armv7e-m\librt.a(gcc_ctor_dtor.o)
 .ARM.attributes
                0x00000a56       0x33 C:\fehqt\Proteus/EWL/lib/armv7e-m\librt.a(ROMCopy.o)
 .ARM.attributes
                0x00000a89       0x33 C:\fehqt\Proteus/EWL/lib/armv7e-m\librt.a(__arm_eabi_init.o)
OUTPUT(../FEHTeamA1.elf elf32-littlearm)

.debug_info     0x00000000    0x15475
 .debug_info    0x00000000      0xc41 ..\main.o
 .debug_info    0x00000c41     0x12c5 Startup\__arm_start.o
 .debug_info    0x00001f06       0x58 Startup\__arm_end.o
 .debug_info    0x00001f5e      0x57d Startup\kinetis_sysinit.o
 .debug_info    0x000024db      0x335 Libraries\FEHMotor.o
 .debug_info    0x00002810      0x250 Drivers\i2c.o
 .debug_info    0x00002a60      0x6cf Drivers\spi.o
 .debug_info    0x0000312f      0x59c Drivers\uart.o
 .debug_info    0x000036cb     0x1da0 Drivers\ff.o
 .debug_info    0x0000546b      0xf1d Drivers\SDHC.o
 .debug_info    0x00006388      0x2de Drivers\lptmr.o
 .debug_info    0x00006666      0x1a7 FEHProteus.o
 .debug_info    0x0000680d      0x722 Drivers\FEHPropeller.o
 .debug_info    0x00006f2f      0x36c Libraries\FEHUtility.o
 .debug_info    0x0000729b     0x219f Libraries\FEHIO.o
 .debug_info    0x0000943a      0x4ab Drivers\adc16.o
 .debug_info    0x000098e5      0xa42 Libraries\FEHBuzzer.o
 .debug_info    0x0000a327     0x1500 Libraries\FEHServo.o
 .debug_info    0x0000b827     0x2c2d Libraries\FEHLCD.o
 .debug_info    0x0000e454      0x26a Libraries\FEHAccel.o
 .debug_info    0x0000e6be      0x3a9 Libraries\FEHBattery.o
 .debug_info    0x0000ea67      0xac3 Drivers\FEHXBee.o
 .debug_info    0x0000f52a     0x1985 Libraries\FEHRPS.o
 .debug_info    0x00010eaf     0x1242 Libraries\FEHSD.o
 .debug_info    0x000120f1      0x19d C:\fehqt\Proteus/EWL/lib/armv7e-m\libm.a(s_cos.o)
 .debug_info    0x0001228e      0x19d C:\fehqt\Proteus/EWL/lib/armv7e-m\libm.a(s_sin.o)
 .debug_info    0x0001242b      0x345 C:\fehqt\Proteus/EWL/lib/armv7e-m\libm.a(e_rem_pio2.o)
 .debug_info    0x00012770      0x235 C:\fehqt\Proteus/EWL/lib/armv7e-m\libm.a(k_cos.o)
 .debug_info    0x000129a5      0x31b C:\fehqt\Proteus/EWL/lib/armv7e-m\libm.a(k_rem_pio2.o)
 .debug_info    0x00012cc0      0x22a C:\fehqt\Proteus/EWL/lib/armv7e-m\libm.a(k_sin.o)
 .debug_info    0x00012eea      0x1b1 C:\fehqt\Proteus/EWL/lib/armv7e-m\libm.a(s_floor.o)
 .debug_info    0x0001309b       0xfa C:\fehqt\Proteus/EWL/lib/armv7e-m\libm.a(scalbn.o)
 .debug_info    0x00013195      0x1a9 C:\fehqt\Proteus/EWL/lib/armv7e-m\libm.a(s_frexp.o)
 .debug_info    0x0001333e      0x1ea C:\fehqt\Proteus/EWL/lib/armv7e-m\libm.a(s_ldexp.o)
 .debug_info    0x00013528      0x32c C:\fehqt\Proteus/EWL/lib/armv7e-m\libm.a(math_api.o)
 .debug_info    0x00013854      0x103 C:\fehqt\Proteus/EWL/lib/armv7e-m\libc.a(exit.o)
 .debug_info    0x00013957       0xf4 C:\fehqt\Proteus/EWL/lib/armv7e-m\libc.a(memset.o)
 .debug_info    0x00013a4b       0xf3 C:\fehqt\Proteus/EWL/lib/armv7e-m\libc.a(strlen.o)
 .debug_info    0x00013b3e      0x512 C:\fehqt\Proteus/EWL/lib/armv7e-m\libc.a(printformat_.o)
 .debug_info    0x00014050      0x564 C:\fehqt\Proteus/EWL/lib/armv7e-m\libc.a(scanformat_.o)
 .debug_info    0x000145b4      0x32a C:\fehqt\Proteus/EWL/lib/armv7e-m\libc.a(ctype_aeabi.o)
 .debug_info    0x000148de      0x1d7 C:\fehqt\Proteus/EWL/lib/armv7e-m\libc.a(__strtoul.o)
 .debug_info    0x00014ab5      0x13d C:\fehqt\Proteus/EWL/lib/armv7e-m\libc.a(__filll_mem.o)
 .debug_info    0x00014bf2      0x129 C:\fehqt\Proteus/EWL/lib/armv7e-m\libc.a(memchr.o)
 .debug_info    0x00014d1b      0x110 C:\fehqt\Proteus/EWL/lib/armv7e-m\libc.a(strchr.o)
 .debug_info    0x00014e2b      0x1c0 C:\fehqt\Proteus/EWL/lib/armv7e-m\librt.a(gcc_ctor_dtor.o)
 .debug_info    0x00014feb      0x1b8 C:\fehqt\Proteus/EWL/lib/armv7e-m\librt.a(ROMCopy.o)
 .debug_info    0x000151a3      0x2d2 C:\fehqt\Proteus/EWL/lib/armv7e-m\librt.a(__arm_eabi_init.o)

.debug_abbrev   0x00000000     0x4591
 .debug_abbrev  0x00000000      0x317 ..\main.o
 .debug_abbrev  0x00000317      0x28f Startup\__arm_start.o
 .debug_abbrev  0x000005a6       0x45 Startup\__arm_end.o
 .debug_abbrev  0x000005eb      0x18a Startup\kinetis_sysinit.o
 .debug_abbrev  0x00000775      0x18c Libraries\FEHMotor.o
 .debug_abbrev  0x00000901       0xfc Drivers\i2c.o
 .debug_abbrev  0x000009fd      0x18b Drivers\spi.o
 .debug_abbrev  0x00000b88      0x15f Drivers\uart.o
 .debug_abbrev  0x00000ce7      0x18f Drivers\ff.o
 .debug_abbrev  0x00000e76      0x223 Drivers\SDHC.o
 .debug_abbrev  0x00001099       0xd2 Drivers\lptmr.o
 .debug_abbrev  0x0000116b      0x101 FEHProteus.o
 .debug_abbrev  0x0000126c      0x1c6 Drivers\FEHPropeller.o
 .debug_abbrev  0x00001432      0x154 Libraries\FEHUtility.o
 .debug_abbrev  0x00001586      0x48e Libraries\FEHIO.o
 .debug_abbrev  0x00001a14      0x12a Drivers\adc16.o
 .debug_abbrev  0x00001b3e      0x1da Libraries\FEHBuzzer.o
 .debug_abbrev  0x00001d18      0x312 Libraries\FEHServo.o
 .debug_abbrev  0x0000202a      0x39b Libraries\FEHLCD.o
 .debug_abbrev  0x000023c5      0x13b Libraries\FEHAccel.o
 .debug_abbrev  0x00002500      0x1cb Libraries\FEHBattery.o
 .debug_abbrev  0x000026cb      0x231 Drivers\FEHXBee.o
 .debug_abbrev  0x000028fc      0x37f Libraries\FEHRPS.o
 .debug_abbrev  0x00002c7b      0x33a Libraries\FEHSD.o
 .debug_abbrev  0x00002fb5       0xd9 C:\fehqt\Proteus/EWL/lib/armv7e-m\libm.a(s_cos.o)
 .debug_abbrev  0x0000308e       0xd9 C:\fehqt\Proteus/EWL/lib/armv7e-m\libm.a(s_sin.o)
 .debug_abbrev  0x00003167      0x100 C:\fehqt\Proteus/EWL/lib/armv7e-m\libm.a(e_rem_pio2.o)
 .debug_abbrev  0x00003267       0xd0 C:\fehqt\Proteus/EWL/lib/armv7e-m\libm.a(k_cos.o)
 .debug_abbrev  0x00003337       0xf7 C:\fehqt\Proteus/EWL/lib/armv7e-m\libm.a(k_rem_pio2.o)
 .debug_abbrev  0x0000342e       0xee C:\fehqt\Proteus/EWL/lib/armv7e-m\libm.a(k_sin.o)
 .debug_abbrev  0x0000351c       0xc3 C:\fehqt\Proteus/EWL/lib/armv7e-m\libm.a(s_floor.o)
 .debug_abbrev  0x000035df       0x88 C:\fehqt\Proteus/EWL/lib/armv7e-m\libm.a(scalbn.o)
 .debug_abbrev  0x00003667       0xd2 C:\fehqt\Proteus/EWL/lib/armv7e-m\libm.a(s_frexp.o)
 .debug_abbrev  0x00003739       0xd2 C:\fehqt\Proteus/EWL/lib/armv7e-m\libm.a(s_ldexp.o)
 .debug_abbrev  0x0000380b      0x136 C:\fehqt\Proteus/EWL/lib/armv7e-m\libm.a(math_api.o)
 .debug_abbrev  0x00003941       0x8f C:\fehqt\Proteus/EWL/lib/armv7e-m\libc.a(exit.o)
 .debug_abbrev  0x000039d0       0x66 C:\fehqt\Proteus/EWL/lib/armv7e-m\libc.a(memset.o)
 .debug_abbrev  0x00003a36       0x7e C:\fehqt\Proteus/EWL/lib/armv7e-m\libc.a(strlen.o)
 .debug_abbrev  0x00003ab4      0x204 C:\fehqt\Proteus/EWL/lib/armv7e-m\libc.a(printformat_.o)
 .debug_abbrev  0x00003cb8      0x1fb C:\fehqt\Proteus/EWL/lib/armv7e-m\libc.a(scanformat_.o)
 .debug_abbrev  0x00003eb3       0x9a C:\fehqt\Proteus/EWL/lib/armv7e-m\libc.a(ctype_aeabi.o)
 .debug_abbrev  0x00003f4d       0xc6 C:\fehqt\Proteus/EWL/lib/armv7e-m\libc.a(__strtoul.o)
 .debug_abbrev  0x00004013       0x8b C:\fehqt\Proteus/EWL/lib/armv7e-m\libc.a(__filll_mem.o)
 .debug_abbrev  0x0000409e       0x99 C:\fehqt\Proteus/EWL/lib/armv7e-m\libc.a(memchr.o)
 .debug_abbrev  0x00004137       0x8d C:\fehqt\Proteus/EWL/lib/armv7e-m\libc.a(strchr.o)
 .debug_abbrev  0x000041c4       0x9d C:\fehqt\Proteus/EWL/lib/armv7e-m\librt.a(gcc_ctor_dtor.o)
 .debug_abbrev  0x00004261      0x160 C:\fehqt\Proteus/EWL/lib/armv7e-m\librt.a(ROMCopy.o)
 .debug_abbrev  0x000043c1      0x1d0 C:\fehqt\Proteus/EWL/lib/armv7e-m\librt.a(__arm_eabi_init.o)

.debug_loc      0x00000000     0x7b14
 .debug_loc     0x00000000      0x3c2 ..\main.o
 .debug_loc     0x000003c2       0xb0 Startup\__arm_start.o
 .debug_loc     0x00000472       0x38 Startup\__arm_end.o
 .debug_loc     0x000004aa       0x84 Startup\kinetis_sysinit.o
 .debug_loc     0x0000052e       0xe0 Libraries\FEHMotor.o
 .debug_loc     0x0000060e       0xe0 Drivers\i2c.o
 .debug_loc     0x000006ee      0x19c Drivers\spi.o
 .debug_loc     0x0000088a       0xe0 Drivers\uart.o
 .debug_loc     0x0000096a      0xa96 Drivers\ff.o
 .debug_loc     0x00001400      0x370 Drivers\SDHC.o
 .debug_loc     0x00001770       0x38 Drivers\lptmr.o
 .debug_loc     0x000017a8       0x64 FEHProteus.o
 .debug_loc     0x0000180c      0x118 Drivers\FEHPropeller.o
 .debug_loc     0x00001924      0x1a8 Libraries\FEHUtility.o
 .debug_loc     0x00001acc      0xb32 Libraries\FEHIO.o
 .debug_loc     0x000025fe       0xa8 Drivers\adc16.o
 .debug_loc     0x000026a6      0x304 Libraries\FEHBuzzer.o
 .debug_loc     0x000029aa      0x1fa Libraries\FEHServo.o
 .debug_loc     0x00002ba4     0x1147 Libraries\FEHLCD.o
 .debug_loc     0x00003ceb      0x144 Libraries\FEHAccel.o
 .debug_loc     0x00003e2f       0xd4 Libraries\FEHBattery.o
 .debug_loc     0x00003f03      0x1c0 Drivers\FEHXBee.o
 .debug_loc     0x000040c3      0x3b0 Libraries\FEHRPS.o
 .debug_loc     0x00004473      0x188 Libraries\FEHSD.o
 .debug_loc     0x000045fb       0xee C:\fehqt\Proteus/EWL/lib/armv7e-m\libm.a(s_cos.o)
 .debug_loc     0x000046e9       0xee C:\fehqt\Proteus/EWL/lib/armv7e-m\libm.a(s_sin.o)
 .debug_loc     0x000047d7      0x2ae C:\fehqt\Proteus/EWL/lib/armv7e-m\libm.a(e_rem_pio2.o)
 .debug_loc     0x00004a85       0xff C:\fehqt\Proteus/EWL/lib/armv7e-m\libm.a(k_cos.o)
 .debug_loc     0x00004b84      0x5da C:\fehqt\Proteus/EWL/lib/armv7e-m\libm.a(k_rem_pio2.o)
 .debug_loc     0x0000515e       0xbc C:\fehqt\Proteus/EWL/lib/armv7e-m\libm.a(k_sin.o)
 .debug_loc     0x0000521a      0x108 C:\fehqt\Proteus/EWL/lib/armv7e-m\libm.a(s_floor.o)
 .debug_loc     0x00005322       0x6e C:\fehqt\Proteus/EWL/lib/armv7e-m\libm.a(scalbn.o)
 .debug_loc     0x00005390       0xb7 C:\fehqt\Proteus/EWL/lib/armv7e-m\libm.a(s_frexp.o)
 .debug_loc     0x00005447      0x130 C:\fehqt\Proteus/EWL/lib/armv7e-m\libm.a(s_ldexp.o)
 .debug_loc     0x00005577      0x27c C:\fehqt\Proteus/EWL/lib/armv7e-m\libm.a(math_api.o)
 .debug_loc     0x000057f3       0x3e C:\fehqt\Proteus/EWL/lib/armv7e-m\libc.a(exit.o)
 .debug_loc     0x00005831       0x64 C:\fehqt\Proteus/EWL/lib/armv7e-m\libc.a(memset.o)
 .debug_loc     0x00005895       0x31 C:\fehqt\Proteus/EWL/lib/armv7e-m\libc.a(strlen.o)
 .debug_loc     0x000058c6     0x106f C:\fehqt\Proteus/EWL/lib/armv7e-m\libc.a(printformat_.o)
 .debug_loc     0x00006935      0x8cb C:\fehqt\Proteus/EWL/lib/armv7e-m\libc.a(scanformat_.o)
 .debug_loc     0x00007200      0x18e C:\fehqt\Proteus/EWL/lib/armv7e-m\libc.a(ctype_aeabi.o)
 .debug_loc     0x0000738e      0x2ad C:\fehqt\Proteus/EWL/lib/armv7e-m\libc.a(__strtoul.o)
 .debug_loc     0x0000763b      0x12c C:\fehqt\Proteus/EWL/lib/armv7e-m\libc.a(__filll_mem.o)
 .debug_loc     0x00007767       0x82 C:\fehqt\Proteus/EWL/lib/armv7e-m\libc.a(memchr.o)
 .debug_loc     0x000077e9       0x78 C:\fehqt\Proteus/EWL/lib/armv7e-m\libc.a(strchr.o)
 .debug_loc     0x00007861       0xbe C:\fehqt\Proteus/EWL/lib/armv7e-m\librt.a(gcc_ctor_dtor.o)
 .debug_loc     0x0000791f       0x9b C:\fehqt\Proteus/EWL/lib/armv7e-m\librt.a(ROMCopy.o)
 .debug_loc     0x000079ba      0x15a C:\fehqt\Proteus/EWL/lib/armv7e-m\librt.a(__arm_eabi_init.o)

.debug_aranges  0x00000000     0x1078
 .debug_aranges
                0x00000000       0xa8 ..\main.o
 .debug_aranges
                0x000000a8       0x48 Startup\__arm_start.o
 .debug_aranges
                0x000000f0       0x20 Startup\__arm_end.o
 .debug_aranges
                0x00000110       0x30 Startup\kinetis_sysinit.o
 .debug_aranges
                0x00000140       0x38 Libraries\FEHMotor.o
 .debug_aranges
                0x00000178       0x38 Drivers\i2c.o
 .debug_aranges
                0x000001b0       0x58 Drivers\spi.o
 .debug_aranges
                0x00000208       0x38 Drivers\uart.o
 .debug_aranges
                0x00000240      0x198 Drivers\ff.o
 .debug_aranges
                0x000003d8       0x98 Drivers\SDHC.o
 .debug_aranges
                0x00000470       0x20 Drivers\lptmr.o
 .debug_aranges
                0x00000490       0x28 FEHProteus.o
 .debug_aranges
                0x000004b8       0x40 Drivers\FEHPropeller.o
 .debug_aranges
                0x000004f8       0x58 Libraries\FEHUtility.o
 .debug_aranges
                0x00000550      0x1b8 Libraries\FEHIO.o
 .debug_aranges
                0x00000708       0x30 Drivers\adc16.o
 .debug_aranges
                0x00000738       0x88 Libraries\FEHBuzzer.o
 .debug_aranges
                0x000007c0       0x60 Libraries\FEHServo.o
 .debug_aranges
                0x00000820      0x290 Libraries\FEHLCD.o
 .debug_aranges
                0x00000ab0       0x48 Libraries\FEHAccel.o
 .debug_aranges
                0x00000af8       0x38 Libraries\FEHBattery.o
 .debug_aranges
                0x00000b30       0x58 Drivers\FEHXBee.o
 .debug_aranges
                0x00000b88       0xa0 Libraries\FEHRPS.o
 .debug_aranges
                0x00000c28       0x50 Libraries\FEHSD.o
 .debug_aranges
                0x00000c78       0x20 C:\fehqt\Proteus/EWL/lib/armv7e-m\libm.a(s_cos.o)
 .debug_aranges
                0x00000c98       0x20 C:\fehqt\Proteus/EWL/lib/armv7e-m\libm.a(s_sin.o)
 .debug_aranges
                0x00000cb8       0x20 C:\fehqt\Proteus/EWL/lib/armv7e-m\libm.a(e_rem_pio2.o)
 .debug_aranges
                0x00000cd8       0x20 C:\fehqt\Proteus/EWL/lib/armv7e-m\libm.a(k_cos.o)
 .debug_aranges
                0x00000cf8       0x20 C:\fehqt\Proteus/EWL/lib/armv7e-m\libm.a(k_rem_pio2.o)
 .debug_aranges
                0x00000d18       0x20 C:\fehqt\Proteus/EWL/lib/armv7e-m\libm.a(k_sin.o)
 .debug_aranges
                0x00000d38       0x20 C:\fehqt\Proteus/EWL/lib/armv7e-m\libm.a(s_floor.o)
 .debug_aranges
                0x00000d58       0x20 C:\fehqt\Proteus/EWL/lib/armv7e-m\libm.a(scalbn.o)
 .debug_aranges
                0x00000d78       0x20 C:\fehqt\Proteus/EWL/lib/armv7e-m\libm.a(s_frexp.o)
 .debug_aranges
                0x00000d98       0x20 C:\fehqt\Proteus/EWL/lib/armv7e-m\libm.a(s_ldexp.o)
 .debug_aranges
                0x00000db8       0x60 C:\fehqt\Proteus/EWL/lib/armv7e-m\libm.a(math_api.o)
 .debug_aranges
                0x00000e18       0x20 C:\fehqt\Proteus/EWL/lib/armv7e-m\libc.a(exit.o)
 .debug_aranges
                0x00000e38       0x20 C:\fehqt\Proteus/EWL/lib/armv7e-m\libc.a(memset.o)
 .debug_aranges
                0x00000e58       0x20 C:\fehqt\Proteus/EWL/lib/armv7e-m\libc.a(strlen.o)
 .debug_aranges
                0x00000e78       0x28 C:\fehqt\Proteus/EWL/lib/armv7e-m\libc.a(printformat_.o)
 .debug_aranges
                0x00000ea0       0x20 C:\fehqt\Proteus/EWL/lib/armv7e-m\libc.a(scanformat_.o)
 .debug_aranges
                0x00000ec0       0x88 C:\fehqt\Proteus/EWL/lib/armv7e-m\libc.a(ctype_aeabi.o)
 .debug_aranges
                0x00000f48       0x20 C:\fehqt\Proteus/EWL/lib/armv7e-m\libc.a(__strtoul.o)
 .debug_aranges
                0x00000f68       0x20 C:\fehqt\Proteus/EWL/lib/armv7e-m\libc.a(__filll_mem.o)
 .debug_aranges
                0x00000f88       0x20 C:\fehqt\Proteus/EWL/lib/armv7e-m\libc.a(memchr.o)
 .debug_aranges
                0x00000fa8       0x20 C:\fehqt\Proteus/EWL/lib/armv7e-m\libc.a(strchr.o)
 .debug_aranges
                0x00000fc8       0x28 C:\fehqt\Proteus/EWL/lib/armv7e-m\librt.a(gcc_ctor_dtor.o)
 .debug_aranges
                0x00000ff0       0x30 C:\fehqt\Proteus/EWL/lib/armv7e-m\librt.a(ROMCopy.o)
 .debug_aranges
                0x00001020       0x58 C:\fehqt\Proteus/EWL/lib/armv7e-m\librt.a(__arm_eabi_init.o)

.debug_line     0x00000000     0x8a4a
 .debug_line    0x00000000      0x5f7 ..\main.o
 .debug_line    0x000005f7      0x3ad Startup\__arm_start.o
 .debug_line    0x000009a4      0x230 Startup\__arm_end.o
 .debug_line    0x00000bd4      0x298 Startup\kinetis_sysinit.o
 .debug_line    0x00000e6c      0x242 Libraries\FEHMotor.o
 .debug_line    0x000010ae      0x2ba Drivers\i2c.o
 .debug_line    0x00001368      0x2a2 Drivers\spi.o
 .debug_line    0x0000160a      0x21f Drivers\uart.o
 .debug_line    0x00001829     0x1121 Drivers\ff.o
 .debug_line    0x0000294a      0x685 Drivers\SDHC.o
 .debug_line    0x00002fcf      0x1cd Drivers\lptmr.o
 .debug_line    0x0000319c      0x1f0 FEHProteus.o
 .debug_line    0x0000338c      0x279 Drivers\FEHPropeller.o
 .debug_line    0x00003605      0x28d Libraries\FEHUtility.o
 .debug_line    0x00003892      0x917 Libraries\FEHIO.o
 .debug_line    0x000041a9      0x21c Drivers\adc16.o
 .debug_line    0x000043c5      0x2ea Libraries\FEHBuzzer.o
 .debug_line    0x000046af      0x545 Libraries\FEHServo.o
 .debug_line    0x00004bf4     0x1167 Libraries\FEHLCD.o
 .debug_line    0x00005d5b      0x24a Libraries\FEHAccel.o
 .debug_line    0x00005fa5      0x223 Libraries\FEHBattery.o
 .debug_line    0x000061c8      0x35e Drivers\FEHXBee.o
 .debug_line    0x00006526      0x6fe Libraries\FEHRPS.o
 .debug_line    0x00006c24      0x349 Libraries\FEHSD.o
 .debug_line    0x00006f6d       0xcd C:\fehqt\Proteus/EWL/lib/armv7e-m\libm.a(s_cos.o)
 .debug_line    0x0000703a       0xc4 C:\fehqt\Proteus/EWL/lib/armv7e-m\libm.a(s_sin.o)
 .debug_line    0x000070fe      0x124 C:\fehqt\Proteus/EWL/lib/armv7e-m\libm.a(e_rem_pio2.o)
 .debug_line    0x00007222       0xbf C:\fehqt\Proteus/EWL/lib/armv7e-m\libm.a(k_cos.o)
 .debug_line    0x000072e1      0x341 C:\fehqt\Proteus/EWL/lib/armv7e-m\libm.a(k_rem_pio2.o)
 .debug_line    0x00007622       0xb6 C:\fehqt\Proteus/EWL/lib/armv7e-m\libm.a(k_sin.o)
 .debug_line    0x000076d8       0xd0 C:\fehqt\Proteus/EWL/lib/armv7e-m\libm.a(s_floor.o)
 .debug_line    0x000077a8       0x75 C:\fehqt\Proteus/EWL/lib/armv7e-m\libm.a(scalbn.o)
 .debug_line    0x0000781d       0xc1 C:\fehqt\Proteus/EWL/lib/armv7e-m\libm.a(s_frexp.o)
 .debug_line    0x000078de       0xcc C:\fehqt\Proteus/EWL/lib/armv7e-m\libm.a(s_ldexp.o)
 .debug_line    0x000079aa      0x178 C:\fehqt\Proteus/EWL/lib/armv7e-m\libm.a(math_api.o)
 .debug_line    0x00007b22       0x94 C:\fehqt\Proteus/EWL/lib/armv7e-m\libc.a(exit.o)
 .debug_line    0x00007bb6       0x8f C:\fehqt\Proteus/EWL/lib/armv7e-m\libc.a(memset.o)
 .debug_line    0x00007c45       0x89 C:\fehqt\Proteus/EWL/lib/armv7e-m\libc.a(strlen.o)
 .debug_line    0x00007cce      0x2c6 C:\fehqt\Proteus/EWL/lib/armv7e-m\libc.a(printformat_.o)
 .debug_line    0x00007f94      0x2e3 C:\fehqt\Proteus/EWL/lib/armv7e-m\libc.a(scanformat_.o)
 .debug_line    0x00008277      0x1dd C:\fehqt\Proteus/EWL/lib/armv7e-m\libc.a(ctype_aeabi.o)
 .debug_line    0x00008454      0x141 C:\fehqt\Proteus/EWL/lib/armv7e-m\libc.a(__strtoul.o)
 .debug_line    0x00008595      0x121 C:\fehqt\Proteus/EWL/lib/armv7e-m\libc.a(__filll_mem.o)
 .debug_line    0x000086b6       0xa3 C:\fehqt\Proteus/EWL/lib/armv7e-m\libc.a(memchr.o)
 .debug_line    0x00008759       0x84 C:\fehqt\Proteus/EWL/lib/armv7e-m\libc.a(strchr.o)
 .debug_line    0x000087dd       0x94 C:\fehqt\Proteus/EWL/lib/armv7e-m\librt.a(gcc_ctor_dtor.o)
 .debug_line    0x00008871       0xc0 C:\fehqt\Proteus/EWL/lib/armv7e-m\librt.a(ROMCopy.o)
 .debug_line    0x00008931      0x119 C:\fehqt\Proteus/EWL/lib/armv7e-m\librt.a(__arm_eabi_init.o)

.debug_macinfo  0x00000000   0x89ebdd
 .debug_macinfo
                0x00000000    0x67f71 ..\main.o
 .debug_macinfo
                0x00067f71    0x6480d Startup\__arm_start.o
 .debug_macinfo
                0x000cc77e     0x3464 Startup\__arm_end.o
 .debug_macinfo
                0x000cfbe2    0x64ce0 Startup\kinetis_sysinit.o
 .debug_macinfo
                0x001348c2    0x6305c Libraries\FEHMotor.o
 .debug_macinfo
                0x0019791e    0x6318f Drivers\i2c.o
 .debug_macinfo
                0x001faaad    0x62fd6 Drivers\spi.o
 .debug_macinfo
                0x0025da83    0x62fc7 Drivers\uart.o
 .debug_macinfo
                0x002c0a4a     0x4396 Drivers\ff.o
 .debug_macinfo
                0x002c4de0    0x6452b Drivers\SDHC.o
 .debug_macinfo
                0x0032930b    0x63036 Drivers\lptmr.o
 .debug_macinfo
                0x0038c341    0x62fdc FEHProteus.o
 .debug_macinfo
                0x003ef31d    0x63085 Drivers\FEHPropeller.o
 .debug_macinfo
                0x004523a2    0x62ff1 Libraries\FEHUtility.o
 .debug_macinfo
                0x004b5393    0x6435a Libraries\FEHIO.o
 .debug_macinfo
                0x005196ed    0x63678 Drivers\adc16.o
 .debug_macinfo
                0x0057cd65    0x6301e Libraries\FEHBuzzer.o
 .debug_macinfo
                0x005dfd83    0x64488 Libraries\FEHServo.o
 .debug_macinfo
                0x0064420b    0x649bd Libraries\FEHLCD.o
 .debug_macinfo
                0x006a8bc8    0x631be Libraries\FEHAccel.o
 .debug_macinfo
                0x0070bd86    0x6369f Libraries\FEHBattery.o
 .debug_macinfo
                0x0076f425    0x63d6f Drivers\FEHXBee.o
 .debug_macinfo
                0x007d3194    0x661a6 Libraries\FEHRPS.o
 .debug_macinfo
                0x0083933a    0x658a3 Libraries\FEHSD.o

.debug_str      0x00000000     0x5444
 .debug_str     0x00000000      0x9f0 ..\main.o
                                0xa8a (size before relaxing)
 .debug_str     0x000009f0      0xd0b Startup\__arm_start.o
                                0xe67 (size before relaxing)
 .debug_str     0x000016fb       0x39 Startup\__arm_end.o
                                 0xd1 (size before relaxing)
 .debug_str     0x00001734      0x1ec Startup\kinetis_sysinit.o
                                0x37c (size before relaxing)
 .debug_str     0x00001920       0x45 Libraries\FEHMotor.o
                                0x2ef (size before relaxing)
 .debug_str     0x00001965      0x12b Drivers\i2c.o
                                0x218 (size before relaxing)
 .debug_str     0x00001a90      0x1a1 Drivers\spi.o
                                0x3d1 (size before relaxing)
 .debug_str     0x00001c31      0x19e Drivers\uart.o
                                0x366 (size before relaxing)
 .debug_str     0x00001dcf      0x6cb Drivers\ff.o
                                0x869 (size before relaxing)
 .debug_str     0x0000249a      0x55c Drivers\SDHC.o
                                0x83f (size before relaxing)
 .debug_str     0x000029f6       0x70 Drivers\lptmr.o
                                0x21f (size before relaxing)
 .debug_str     0x00002a66       0x3e FEHProteus.o
                                0x26b (size before relaxing)
 .debug_str     0x00002aa4       0x35 Drivers\FEHPropeller.o
                                0x3ac (size before relaxing)
 .debug_str     0x00002ad9       0xd6 Libraries\FEHUtility.o
                                0x1f0 (size before relaxing)
 .debug_str     0x00002baf      0xecf Libraries\FEHIO.o
                               0x1473 (size before relaxing)
 .debug_str     0x00003a7e       0xed Drivers\adc16.o
                                0x2b0 (size before relaxing)
 .debug_str     0x00003b6b      0x1d0 Libraries\FEHBuzzer.o
                                0x3c2 (size before relaxing)
 .debug_str     0x00003d3b      0x276 Libraries\FEHServo.o
                               0x10f9 (size before relaxing)
 .debug_str     0x00003fb1      0x2d9 Libraries\FEHLCD.o
                               0x1132 (size before relaxing)
 .debug_str     0x0000428a       0x42 Libraries\FEHAccel.o
                                0x1b4 (size before relaxing)
 .debug_str     0x000042cc       0x73 Libraries\FEHBattery.o
                                0x375 (size before relaxing)
 .debug_str     0x0000433f      0x207 Drivers\FEHXBee.o
                                0x55b (size before relaxing)
 .debug_str     0x00004546      0x355 Libraries\FEHRPS.o
                               0x14f9 (size before relaxing)
 .debug_str     0x0000489b       0x8b Libraries\FEHSD.o
                                0xf40 (size before relaxing)
 .debug_str     0x00004926       0x91 C:\fehqt\Proteus/EWL/lib/armv7e-m\libm.a(s_cos.o)
                                0x144 (size before relaxing)
 .debug_str     0x000049b7       0x11 C:\fehqt\Proteus/EWL/lib/armv7e-m\libm.a(s_sin.o)
                                0x144 (size before relaxing)
 .debug_str     0x000049c8       0x83 C:\fehqt\Proteus/EWL/lib/armv7e-m\libm.a(e_rem_pio2.o)
                                0x1b6 (size before relaxing)
 .debug_str     0x00004a4b       0x1e C:\fehqt\Proteus/EWL/lib/armv7e-m\libm.a(k_cos.o)
                                0x151 (size before relaxing)
 .debug_str     0x00004a69       0x57 C:\fehqt\Proteus/EWL/lib/armv7e-m\libm.a(k_rem_pio2.o)
                                0x18d (size before relaxing)
 .debug_str     0x00004ac0       0x1e C:\fehqt\Proteus/EWL/lib/armv7e-m\libm.a(k_sin.o)
                                0x156 (size before relaxing)
 .debug_str     0x00004ade       0x19 C:\fehqt\Proteus/EWL/lib/armv7e-m\libm.a(s_floor.o)
                                0x14c (size before relaxing)
 .debug_str     0x00004af7       0x1e C:\fehqt\Proteus/EWL/lib/armv7e-m\libm.a(scalbn.o)
                                0x13f (size before relaxing)
 .debug_str     0x00004b15       0x24 C:\fehqt\Proteus/EWL/lib/armv7e-m\libm.a(s_frexp.o)
                                0x15d (size before relaxing)
 .debug_str     0x00004b39       0x25 C:\fehqt\Proteus/EWL/lib/armv7e-m\libm.a(s_ldexp.o)
                                0x164 (size before relaxing)
 .debug_str     0x00004b5e       0xe7 C:\fehqt\Proteus/EWL/lib/armv7e-m\libm.a(math_api.o)
                                0x228 (size before relaxing)
 .debug_str     0x00004c45       0x2e C:\fehqt\Proteus/EWL/lib/armv7e-m\libc.a(exit.o)
                                0x14e (size before relaxing)
 .debug_str     0x00004c73       0x1c C:\fehqt\Proteus/EWL/lib/armv7e-m\libc.a(memset.o)
                                0x140 (size before relaxing)
 .debug_str     0x00004c8f       0x24 C:\fehqt\Proteus/EWL/lib/armv7e-m\libc.a(strlen.o)
                                0x140 (size before relaxing)
 .debug_str     0x00004cb3      0x213 C:\fehqt\Proteus/EWL/lib/armv7e-m\libc.a(printformat_.o)
                                0x3aa (size before relaxing)
 .debug_str     0x00004ec6      0x17b C:\fehqt\Proteus/EWL/lib/armv7e-m\libc.a(scanformat_.o)
                                0x3f0 (size before relaxing)
 .debug_str     0x00005041       0x9d C:\fehqt\Proteus/EWL/lib/armv7e-m\libc.a(ctype_aeabi.o)
                                0x1b3 (size before relaxing)
 .debug_str     0x000050de       0x55 C:\fehqt\Proteus/EWL/lib/armv7e-m\libc.a(__strtoul.o)
                                0x1f2 (size before relaxing)
 .debug_str     0x00005133       0x25 C:\fehqt\Proteus/EWL/lib/armv7e-m\libc.a(__filll_mem.o)
                                0x152 (size before relaxing)
 .debug_str     0x00005158       0x1c C:\fehqt\Proteus/EWL/lib/armv7e-m\libc.a(memchr.o)
                                0x148 (size before relaxing)
 .debug_str     0x00005174       0x1c C:\fehqt\Proteus/EWL/lib/armv7e-m\libc.a(strchr.o)
                                0x137 (size before relaxing)
 .debug_str     0x00005190      0x126 C:\fehqt\Proteus/EWL/lib/armv7e-m\librt.a(gcc_ctor_dtor.o)
                                0x185 (size before relaxing)
 .debug_str     0x000052b6       0x9b C:\fehqt\Proteus/EWL/lib/armv7e-m\librt.a(ROMCopy.o)
                                0x140 (size before relaxing)
 .debug_str     0x00005351       0xf3 C:\fehqt\Proteus/EWL/lib/armv7e-m\librt.a(__arm_eabi_init.o)
                                0x1ac (size before relaxing)

.comment        0x00000000       0x79
 .comment       0x00000000       0x79 ..\main.o
                                 0x7a (size before relaxing)
 .comment       0x00000000       0x7a Startup\__arm_start.o
 .comment       0x00000000       0x7a Startup\__arm_end.o
 .comment       0x00000000       0x7a Startup\kinetis_sysinit.o
 .comment       0x00000000       0x7a Libraries\FEHMotor.o
 .comment       0x00000000       0x7a Drivers\i2c.o
 .comment       0x00000000       0x7a Drivers\spi.o
 .comment       0x00000000       0x7a Drivers\uart.o
 .comment       0x00000000       0x7a Drivers\ff.o
 .comment       0x00000000       0x7a Drivers\SDHC.o
 .comment       0x00000000       0x7a Drivers\lptmr.o
 .comment       0x00000000       0x7a FEHProteus.o
 .comment       0x00000000       0x7a Drivers\FEHPropeller.o
 .comment       0x00000000       0x7a Libraries\FEHUtility.o
 .comment       0x00000000       0x7a Libraries\FEHIO.o
 .comment       0x00000000       0x7a Drivers\adc16.o
 .comment       0x00000000       0x7a Libraries\FEHBuzzer.o
 .comment       0x00000000       0x7a Libraries\FEHServo.o
 .comment       0x00000000       0x7a Libraries\FEHLCD.o
 .comment       0x00000000       0x7a Libraries\FEHAccel.o
 .comment       0x00000000       0x7a Libraries\FEHBattery.o
 .comment       0x00000000       0x7a Drivers\FEHXBee.o
 .comment       0x00000000       0x7a Libraries\FEHRPS.o
 .comment       0x00000000       0x7a Libraries\FEHSD.o
 .comment       0x00000000       0x7a C:\fehqt\Proteus/EWL/lib/armv7e-m\libm.a(s_cos.o)
 .comment       0x00000000       0x7a C:\fehqt\Proteus/EWL/lib/armv7e-m\libm.a(s_sin.o)
 .comment       0x00000000       0x7a C:\fehqt\Proteus/EWL/lib/armv7e-m\libm.a(e_rem_pio2.o)
 .comment       0x00000000       0x7a C:\fehqt\Proteus/EWL/lib/armv7e-m\libm.a(k_cos.o)
 .comment       0x00000000       0x7a C:\fehqt\Proteus/EWL/lib/armv7e-m\libm.a(k_rem_pio2.o)
 .comment       0x00000000       0x7a C:\fehqt\Proteus/EWL/lib/armv7e-m\libm.a(k_sin.o)
 .comment       0x00000000       0x7a C:\fehqt\Proteus/EWL/lib/armv7e-m\libm.a(s_floor.o)
 .comment       0x00000000       0x7a C:\fehqt\Proteus/EWL/lib/armv7e-m\libm.a(scalbn.o)
 .comment       0x00000000       0x7a C:\fehqt\Proteus/EWL/lib/armv7e-m\libm.a(s_frexp.o)
 .comment       0x00000000       0x7a C:\fehqt\Proteus/EWL/lib/armv7e-m\libm.a(s_ldexp.o)
 .comment       0x00000000       0x7a C:\fehqt\Proteus/EWL/lib/armv7e-m\libm.a(math_api.o)
 .comment       0x00000000       0x7a C:\fehqt\Proteus/EWL/lib/armv7e-m\libc.a(exit.o)
 .comment       0x00000000       0x7a C:\fehqt\Proteus/EWL/lib/armv7e-m\libc.a(memset.o)
 .comment       0x00000000       0x7a C:\fehqt\Proteus/EWL/lib/armv7e-m\libc.a(strlen.o)
 .comment       0x00000000       0x7a C:\fehqt\Proteus/EWL/lib/armv7e-m\libc.a(printformat_.o)
 .comment       0x00000000       0x7a C:\fehqt\Proteus/EWL/lib/armv7e-m\libc.a(scanformat_.o)
 .comment       0x00000000       0x7a C:\fehqt\Proteus/EWL/lib/armv7e-m\libc.a(ctype_aeabi.o)
 .comment       0x00000000       0x7a C:\fehqt\Proteus/EWL/lib/armv7e-m\libc.a(__strtoul.o)
 .comment       0x00000000       0x7a C:\fehqt\Proteus/EWL/lib/armv7e-m\libc.a(__filll_mem.o)
 .comment       0x00000000       0x7a C:\fehqt\Proteus/EWL/lib/armv7e-m\libc.a(memchr.o)
 .comment       0x00000000       0x7a C:\fehqt\Proteus/EWL/lib/armv7e-m\libc.a(strchr.o)
 .comment       0x00000000       0x7a C:\fehqt\Proteus/EWL/lib/armv7e-m\librt.a(gcc_ctor_dtor.o)
 .comment       0x00000000       0x7a C:\fehqt\Proteus/EWL/lib/armv7e-m\librt.a(ROMCopy.o)
 .comment       0x00000000       0x7a C:\fehqt\Proteus/EWL/lib/armv7e-m\librt.a(__arm_eabi_init.o)

.debug_frame    0x00000000     0x2f60
 .debug_frame   0x00000000      0x240 ..\main.o
 .debug_frame   0x00000240       0x98 Startup\__arm_start.o
 .debug_frame   0x000002d8       0x2c Startup\__arm_end.o
 .debug_frame   0x00000304       0x5c Startup\kinetis_sysinit.o
 .debug_frame   0x00000360       0x94 Libraries\FEHMotor.o
 .debug_frame   0x000003f4       0x88 Drivers\i2c.o
 .debug_frame   0x0000047c       0xf8 Drivers\spi.o
 .debug_frame   0x00000574       0x84 Drivers\uart.o
 .debug_frame   0x000005f8      0x5e8 Drivers\ff.o
 .debug_frame   0x00000be0      0x1e8 Drivers\SDHC.o
 .debug_frame   0x00000dc8       0x2c Drivers\lptmr.o
 .debug_frame   0x00000df4       0x4c FEHProteus.o
 .debug_frame   0x00000e40       0xa8 Drivers\FEHPropeller.o
 .debug_frame   0x00000ee8       0xf8 Libraries\FEHUtility.o
 .debug_frame   0x00000fe0      0x640 Libraries\FEHIO.o
 .debug_frame   0x00001620       0x64 Drivers\adc16.o
 .debug_frame   0x00001684      0x1c8 Libraries\FEHBuzzer.o
 .debug_frame   0x0000184c      0x12c Libraries\FEHServo.o
 .debug_frame   0x00001978      0x9c0 Libraries\FEHLCD.o
 .debug_frame   0x00002338       0xd8 Libraries\FEHAccel.o
 .debug_frame   0x00002410       0x8c Libraries\FEHBattery.o
 .debug_frame   0x0000249c       0xfc Drivers\FEHXBee.o
 .debug_frame   0x00002598      0x210 Libraries\FEHRPS.o
 .debug_frame   0x000027a8       0xf0 Libraries\FEHSD.o
 .debug_frame   0x00002898       0x30 C:\fehqt\Proteus/EWL/lib/armv7e-m\libm.a(s_cos.o)
 .debug_frame   0x000028c8       0x30 C:\fehqt\Proteus/EWL/lib/armv7e-m\libm.a(s_sin.o)
 .debug_frame   0x000028f8       0x38 C:\fehqt\Proteus/EWL/lib/armv7e-m\libm.a(e_rem_pio2.o)
 .debug_frame   0x00002930       0x38 C:\fehqt\Proteus/EWL/lib/armv7e-m\libm.a(k_cos.o)
 .debug_frame   0x00002968       0x3c C:\fehqt\Proteus/EWL/lib/armv7e-m\libm.a(k_rem_pio2.o)
 .debug_frame   0x000029a4       0x38 C:\fehqt\Proteus/EWL/lib/armv7e-m\libm.a(k_sin.o)
 .debug_frame   0x000029dc       0x34 C:\fehqt\Proteus/EWL/lib/armv7e-m\libm.a(s_floor.o)
 .debug_frame   0x00002a10       0x2c C:\fehqt\Proteus/EWL/lib/armv7e-m\libm.a(scalbn.o)
 .debug_frame   0x00002a3c       0x2c C:\fehqt\Proteus/EWL/lib/armv7e-m\libm.a(s_frexp.o)
 .debug_frame   0x00002a68       0x34 C:\fehqt\Proteus/EWL/lib/armv7e-m\libm.a(s_ldexp.o)
 .debug_frame   0x00002a9c       0xd8 C:\fehqt\Proteus/EWL/lib/armv7e-m\libm.a(math_api.o)
 .debug_frame   0x00002b74       0x28 C:\fehqt\Proteus/EWL/lib/armv7e-m\libc.a(exit.o)
 .debug_frame   0x00002b9c       0x28 C:\fehqt\Proteus/EWL/lib/armv7e-m\libc.a(memset.o)
 .debug_frame   0x00002bc4       0x20 C:\fehqt\Proteus/EWL/lib/armv7e-m\libc.a(strlen.o)
 .debug_frame   0x00002be4       0x64 C:\fehqt\Proteus/EWL/lib/armv7e-m\libc.a(printformat_.o)
 .debug_frame   0x00002c48       0x3c C:\fehqt\Proteus/EWL/lib/armv7e-m\libc.a(scanformat_.o)
 .debug_frame   0x00002c84       0xf0 C:\fehqt\Proteus/EWL/lib/armv7e-m\libc.a(ctype_aeabi.o)
 .debug_frame   0x00002d74       0x3c C:\fehqt\Proteus/EWL/lib/armv7e-m\libc.a(__strtoul.o)
 .debug_frame   0x00002db0       0x2c C:\fehqt\Proteus/EWL/lib/armv7e-m\libc.a(__filll_mem.o)
 .debug_frame   0x00002ddc       0x28 C:\fehqt\Proteus/EWL/lib/armv7e-m\libc.a(memchr.o)
 .debug_frame   0x00002e04       0x20 C:\fehqt\Proteus/EWL/lib/armv7e-m\libc.a(strchr.o)
 .debug_frame   0x00002e24       0x48 C:\fehqt\Proteus/EWL/lib/armv7e-m\librt.a(gcc_ctor_dtor.o)
 .debug_frame   0x00002e6c       0x48 C:\fehqt\Proteus/EWL/lib/armv7e-m\librt.a(ROMCopy.o)
 .debug_frame   0x00002eb4       0xac C:\fehqt\Proteus/EWL/lib/armv7e-m\librt.a(__arm_eabi_init.o)
