Archive member included because of file (symbol)

C:\fehqt\Proteus/EWL/lib/armv7e-m\libm.a(s_cos.o)
                              ..\main.o (cos)
C:\fehqt\Proteus/EWL/lib/armv7e-m\libm.a(s_sin.o)
                              ..\main.o (sin)
C:\fehqt\Proteus/EWL/lib/armv7e-m\libm.a(e_rem_pio2.o)
                              C:\fehqt\Proteus/EWL/lib/armv7e-m\libm.a(s_cos.o) (__ieee754_rem_pio2)
C:\fehqt\Proteus/EWL/lib/armv7e-m\libm.a(k_cos.o)
                              C:\fehqt\Proteus/EWL/lib/armv7e-m\libm.a(s_cos.o) (__kernel_cos)
C:\fehqt\Proteus/EWL/lib/armv7e-m\libm.a(k_rem_pio2.o)
                              C:\fehqt\Proteus/EWL/lib/armv7e-m\libm.a(e_rem_pio2.o) (__kernel_rem_pio2)
C:\fehqt\Proteus/EWL/lib/armv7e-m\libm.a(k_sin.o)
                              C:\fehqt\Proteus/EWL/lib/armv7e-m\libm.a(s_cos.o) (__kernel_sin)
C:\fehqt\Proteus/EWL/lib/armv7e-m\libm.a(s_floor.o)
                              C:\fehqt\Proteus/EWL/lib/armv7e-m\libm.a(k_rem_pio2.o) (floor)
C:\fehqt\Proteus/EWL/lib/armv7e-m\libm.a(scalbn.o)
                              C:\fehqt\Proteus/EWL/lib/armv7e-m\libm.a(k_rem_pio2.o) (scalbn)
C:\fehqt\Proteus/EWL/lib/armv7e-m\libm.a(s_frexp.o)
                              C:\fehqt\Proteus/EWL/lib/armv7e-m\libm.a(scalbn.o) (frexp)
C:\fehqt\Proteus/EWL/lib/armv7e-m\libm.a(s_ldexp.o)
                              C:\fehqt\Proteus/EWL/lib/armv7e-m\libm.a(scalbn.o) (ldexp)
C:\fehqt\Proteus/EWL/lib/armv7e-m\libm.a(math_api.o)
                              C:\fehqt\Proteus/EWL/lib/armv7e-m\libm.a(s_ldexp.o) (__fpclassifyd)
C:\fehqt\Proteus/EWL/lib/armv7e-m\libc.a(sprintf.o)
                              Libraries\FEHLCD.o (sprintf)
C:\fehqt\Proteus/EWL/lib/armv7e-m\libc.a(vsnprintf.o)
                              C:\fehqt\Proteus/EWL/lib/armv7e-m\libc.a(sprintf.o) (vsnprintf)
C:\fehqt\Proteus/EWL/lib/armv7e-m\libc.a(exit.o)
                              Startup\__arm_start.o (exit)
C:\fehqt\Proteus/EWL/lib/armv7e-m\libc.a(memcpy.o)
                              C:\fehqt\Proteus/EWL/lib/armv7e-m\libc.a(vsnprintf.o) (memcpy)
C:\fehqt\Proteus/EWL/lib/armv7e-m\libc.a(memset.o)
                              Startup\__arm_start.o (memset)
C:\fehqt\Proteus/EWL/lib/armv7e-m\libc.a(strcmp.o)
                              Libraries\FEHLCD.o (strcmp)
C:\fehqt\Proteus/EWL/lib/armv7e-m\libc.a(strcpy.o)
                              Libraries\FEHLCD.o (strcpy)
C:\fehqt\Proteus/EWL/lib/armv7e-m\libc.a(strlen.o)
                              Libraries\FEHLCD.o (strlen)
C:\fehqt\Proteus/EWL/lib/armv7e-m\libc.a(math_ARM.o)
                              C:\fehqt\Proteus/EWL/lib/armv7e-m\libm.a(math_api.o) (__ewl_count_bits32)
C:\fehqt\Proteus/EWL/lib/armv7e-m\libc.a(printformat_.o)
                              (__pformatter_)
C:\fehqt\Proteus/EWL/lib/armv7e-m\libc.a(scanformat_.o)
                              (__sformatter)
C:\fehqt\Proteus/EWL/lib/armv7e-m\libc.a(ctype_aeabi.o)
                              C:\fehqt\Proteus/EWL/lib/armv7e-m\libc.a(scanformat_.o) (isspace)
C:\fehqt\Proteus/EWL/lib/armv7e-m\libc.a(__strtoul.o)
                              C:\fehqt\Proteus/EWL/lib/armv7e-m\libc.a(scanformat_.o) (__strtoul)
C:\fehqt\Proteus/EWL/lib/armv7e-m\libc.a(__filll_mem.o)
                              C:\fehqt\Proteus/EWL/lib/armv7e-m\libc.a(memset.o) (__fill_mem)
C:\fehqt\Proteus/EWL/lib/armv7e-m\libc.a(memchr.o)
                              C:\fehqt\Proteus/EWL/lib/armv7e-m\libc.a(printformat_.o) (memchr)
C:\fehqt\Proteus/EWL/lib/armv7e-m\libc.a(strchr.o)
                              C:\fehqt\Proteus/EWL/lib/armv7e-m\libc.a(printformat_.o) (strchr)
c:/fehqt/proteus/gcc/bin/../lib/gcc/arm-none-eabi/4.6.2/armv7e-m\libgcc.a(_lshrdi3.o)
                              C:\fehqt\Proteus/EWL/lib/armv7e-m\libc.a(math_ARM.o) (__aeabi_llsr)
c:/fehqt/proteus/gcc/bin/../lib/gcc/arm-none-eabi/4.6.2/armv7e-m\libgcc.a(_ashldi3.o)
                              C:\fehqt\Proteus/EWL/lib/armv7e-m\libc.a(math_ARM.o) (__aeabi_llsl)
c:/fehqt/proteus/gcc/bin/../lib/gcc/arm-none-eabi/4.6.2/armv7e-m\libgcc.a(_arm_addsubdf3.o)
                              ..\main.o (__aeabi_dsub)
c:/fehqt/proteus/gcc/bin/../lib/gcc/arm-none-eabi/4.6.2/armv7e-m\libgcc.a(_arm_muldivdf3.o)
                              ..\main.o (__aeabi_dmul)
c:/fehqt/proteus/gcc/bin/../lib/gcc/arm-none-eabi/4.6.2/armv7e-m\libgcc.a(_arm_cmpdf2.o)
                              C:\fehqt\Proteus/EWL/lib/armv7e-m\libm.a(e_rem_pio2.o) (__aeabi_dcmpeq)
c:/fehqt/proteus/gcc/bin/../lib/gcc/arm-none-eabi/4.6.2/armv7e-m\libgcc.a(_arm_fixdfsi.o)
                              Libraries\FEHMotor.o (__aeabi_d2iz)
c:/fehqt/proteus/gcc/bin/../lib/gcc/arm-none-eabi/4.6.2/armv7e-m\libgcc.a(_arm_fixunsdfsi.o)
                              Libraries\FEHUtility.o (__aeabi_d2uiz)
c:/fehqt/proteus/gcc/bin/../lib/gcc/arm-none-eabi/4.6.2/armv7e-m\libgcc.a(_arm_truncdfsf2.o)
                              ..\main.o (__aeabi_d2f)
[...]
Memory Configuration

Name             Origin             Length             Attributes
m_interrupts     0x0000c000         0x00000400         xr
m_cfmprotrom     0x0000c400         0x00000010         xr
m_text           0x0000c410         0x00073bf0         xr
m_data           0x1fff0400         0x0000fc00         xrw
m_data2          0x20000000         0x00010000         xrw
*default*        0x00000000         0xffffffff

Linker script and memory map

LOAD ..\main.o
LOAD Startup\__arm_start.o
LOAD Startup\__arm_end.o
LOAD Startup\kinetis_sysinit.o
LOAD Libraries\FEHMotor.o
LOAD Drivers\mcg.o
LOAD Drivers\i2c.o
LOAD Drivers\spi.o
LOAD Drivers\uart.o
LOAD Drivers\ff.o
LOAD Drivers\SDHC.o
LOAD Drivers\lptmr.o
LOAD FEHProteus.o
LOAD Drivers\FEHPropeller.o
LOAD Libraries\FEHUtility.o
LOAD Libraries\FEHIO.o
LOAD Drivers\adc16.o
LOAD Libraries\FEHBuzzer.o
LOAD Libraries\FEHServo.o
LOAD Libraries\FEHLCD.o
LOAD Libraries\FEHAccel.o
LOAD Libraries\FEHBattery.o
LOAD Drivers\FEHXBee.o
LOAD Libraries\FEHRPS.o
LOAD Libraries\FEHSD.o
                0x00014f58                __pformatter = __pformatter_
                [0x00015350]                __sformatter = __sformatter
LOAD C:\fehqt\Proteus/EWL/lib/armv7e-m\libstdc++.a
LOAD C:\fehqt\Proteus/EWL/lib/armv7e-m\libm.a
START GROUP
LOAD C:\fehqt\Proteus/EWL/lib/armv7e-m\libc.a
LOAD C:\fehqt\Proteus/EWL/lib/armv7e-m\libc++.a
LOAD C:\fehqt\Proteus/EWL/lib/armv7e-m\libm.a
LOAD c:/fehqt/proteus/gcc/bin/../lib/gcc/arm-none-eabi/4.6.2/armv7e-m\libgcc.a
LOAD C:\fehqt\Proteus/EWL/lib/armv7e-m\librt.a
LOAD c:/fehqt/proteus/gcc/bin/../lib/gcc/arm-none-eabi/4.6.2/../../../../arm-none-eabi/lib/armv7e-m\libsupc++.a
END GROUP
                0x20000000                _estack = 0x20000000
                0x20000000                __SP_INIT = _estack
                0x00000800                __heap_size = 0x800
                0x00000800                __stack_size = 0x800

.interrupts     0x0000c000      0x1e0
                0x0000c000                __vector_table = .
                0x0000c000                . = ALIGN (0x4)
 *(.vectortable)
 .vectortable   0x0000c000      0x1e0 Startup\kinetis_sysinit.o
                0x0000c1e0                . = ALIGN (0x4)

.cfmprotect     0x0000c400        0x0
                0x0000c400                . = ALIGN (0x4)
 *(.cfmconfig)
                0x0000c400                . = ALIGN (0x4)

.text           0x0000c410     0xa064
                0x0000c410                . = ALIGN (0x4)
 *(.text)
 .text          0x0000c410      0x370 c:/fehqt/proteus/gcc/bin/../lib/gcc/arm-none-eabi/4.6.2/armv7e-m\libgcc.a(_arm_addsubdf3.o)
                0x0000c410                __aeabi_drsub
                0x0000c418                __aeabi_dsub
                0x0000c418                __subdf3
                0x0000c41c                __aeabi_dadd
                0x0000c41c                __adddf3
                0x0000c694                __floatunsidf
                0x0000c694                __aeabi_ui2d
                0x0000c6b4                __floatsidf
                0x0000c6b4                __aeabi_i2d
                0x0000c6d8                __aeabi_f2d
                0x0000c6d8                __extendsfdf2
                0x0000c714                __floatundidf
                0x0000c714                __aeabi_ul2d
                0x0000c724                __floatdidf
                0x0000c724                __aeabi_l2d
 .text          0x0000c780      0x424 c:/fehqt/proteus/gcc/bin/../lib/gcc/arm-none-eabi/4.6.2/armv7e-m\libgcc.a(_arm_muldivdf3.o)
                0x0000c780                __aeabi_dmul
                0x0000c780                __muldf3
                0x0000c9d4                __divdf3
                0x0000c9d4                __aeabi_ddiv
 .text          0x0000cba4      0x110 c:/fehqt/proteus/gcc/bin/../lib/gcc/arm-none-eabi/4.6.2/armv7e-m\libgcc.a(_arm_cmpdf2.o)
                0x0000cba4                __gtdf2
                0x0000cba4                __gedf2
                0x0000cbac                __ltdf2
                0x0000cbac                __ledf2
                0x0000cbb4                __nedf2
                0x0000cbb4                __eqdf2
                0x0000cbb4                __cmpdf2
                0x0000cc30                __aeabi_cdrcmple
                0x0000cc40                __aeabi_cdcmpeq
                0x0000cc40                __aeabi_cdcmple
                0x0000cc50                __aeabi_dcmpeq
                0x0000cc64                __aeabi_dcmplt
                0x0000cc78                __aeabi_dcmple
                0x0000cc8c                __aeabi_dcmpge
                0x0000cca0                __aeabi_dcmpgt
 .text          0x0000ccb4       0x50 c:/fehqt/proteus/gcc/bin/../lib/gcc/arm-none-eabi/4.6.2/armv7e-m\libgcc.a(_arm_fixdfsi.o)
                0x0000ccb4                __aeabi_d2iz
                0x0000ccb4                __fixdfsi
 .text          0x0000cd04       0x40 c:/fehqt/proteus/gcc/bin/../lib/gcc/arm-none-eabi/4.6.2/armv7e-m\libgcc.a(_arm_fixunsdfsi.o)
                0x0000cd04                __aeabi_d2uiz
                0x0000cd04                __fixunsdfsi
 .text          0x0000cd44       0xa0 c:/fehqt/proteus/gcc/bin/../lib/gcc/arm-none-eabi/4.6.2/armv7e-m\libgcc.a(_arm_truncdfsf2.o)
                0x0000cd44                __truncdfsf2
                0x0000cd44                __aeabi_d2f
 .text          0x0000cde4      0x21c c:/fehqt/proteus/gcc/bin/../lib/gcc/arm-none-eabi/4.6.2/armv7e-m\libgcc.a(_arm_addsubsf3.o)
                0x0000cde4                __aeabi_frsub
                0x0000cdec                __subsf3
                0x0000cdec                __aeabi_fsub
                0x0000cdf0                __aeabi_fadd
                0x0000cdf0                __addsf3
                0x0000cf50                __aeabi_ui2f
                0x0000cf50                __floatunsisf
                0x0000cf58                __aeabi_i2f
                0x0000cf58                __floatsisf
                0x0000cf74                __aeabi_ul2f
                0x0000cf74                __floatundisf
                0x0000cf84                __aeabi_l2f
                0x0000cf84                __floatdisf
 .text          0x0000d000      0x2a0 c:/fehqt/proteus/gcc/bin/../lib/gcc/arm-none-eabi/4.6.2/armv7e-m\libgcc.a(_arm_muldivsf3.o)
                0x0000d000                __mulsf3
                0x0000d000                __aeabi_fmul
                0x0000d168                __aeabi_fdiv
                0x0000d168                __divsf3
 .text          0x0000d2a0       0xec c:/fehqt/proteus/gcc/bin/../lib/gcc/arm-none-eabi/4.6.2/armv7e-m\libgcc.a(_arm_cmpsf2.o)
                0x0000d2a0                __gesf2
                0x0000d2a0                __gtsf2
                0x0000d2a8                __lesf2
                0x0000d2a8                __ltsf2
                0x0000d2b0                __nesf2
                0x0000d2b0                __eqsf2
                0x0000d2b0                __cmpsf2
                0x0000d310                __aeabi_cfrcmple
                0x0000d318                __aeabi_cfcmpeq
                0x0000d318                __aeabi_cfcmple
                0x0000d328                __aeabi_fcmpeq
                0x0000d33c                __aeabi_fcmplt
                0x0000d350                __aeabi_fcmple
                0x0000d364                __aeabi_fcmpge
                0x0000d378                __aeabi_fcmpgt
 *(.text*)
 .text._ZSt3absf
                0x0000d38c       0x1c ..\main.o
                0x0000d38c                std::abs(float)
 .text.main     0x0000d3a8       0x4c ..\main.o
                0x0000d3a8                main
 *fill*         0x0000d3f4        0x4 00
 .text._Z10drivePolarfff
                0x0000d3f8      0x4f0 ..\main.o
                0x0000d3f8                drivePolar(float, float, float)
 .text._Z41__static_initialization_and_destruction_0ii
                0x0000d8e8       0xd0 ..\main.o
 .text._GLOBAL__sub_I_frontLeft
                0x0000d9b8       0x14 ..\main.o
 .text.zero_fill_bss
                0x0000d9cc       0x34 Startup\__arm_start.o
 .text.__thumb_startup
                0x0000da00       0x34 Startup\__arm_start.o
                0x0000da00                __thumb_startup
 .text.InitFEHProteus
                0x0000da34      0x160 Startup\__arm_start.o
                0x0000da34                InitFEHProteus
 .text.pll_init_bl
                0x0000db94      0x130 Startup\__arm_start.o
 .text.InitPowerButton
                0x0000dcc4       0x90 Startup\__arm_start.o
                0x0000dcc4                InitPowerButton
 .text._ExitProcess
                0x0000dd54        0xc Startup\__arm_end.o
                0x0000dd54                _ExitProcess
 .text.Default_Handler
                0x0000dd60        0xc Startup\kinetis_sysinit.o
                0x0000dd60                BusFault_Handler()
                0x0000dd60                HardFault_Handler()
                0x0000dd60                SysTick_Handler()
                0x0000dd60                PendSV_Handler()
                0x0000dd60                DebugMonitor_Handler()
                0x0000dd60                MemManage_Handler()
                0x0000dd60                NMI_Handler()
                0x0000dd60                SVC_Handler()
                0x0000dd60                Default_Handler
                0x0000dd60                UsageFault_Handler()
 .text.__init_hardware
                0x0000dd6c       0x44 Startup\kinetis_sysinit.o
                0x0000dd6c                __init_hardware
 .text._Z8PortDISRv
                0x0000ddb0       0x64 Startup\kinetis_sysinit.o
                0x0000ddb0                PortDISR()
 *fill*         0x0000de14        0x4 00
 .text._ZN8FEHMotorC2ENS_12FEHMotorPortEf
                0x0000de18       0xb0 Libraries\FEHMotor.o
                0x0000de18                FEHMotor::FEHMotor(FEHMotor::FEHMotorPort, float)
                0x0000de18                FEHMotor::FEHMotor(FEHMotor::FEHMotorPort, float)
 .text._ZN8FEHMotor4StopEv
                0x0000dec8       0x3c Libraries\FEHMotor.o
                0x0000dec8                FEHMotor::Stop()
 .text._ZN8FEHMotor8SetPowerEi
                0x0000df04       0x60 Libraries\FEHMotor.o
                0x0000df04                FEHMotor::SetPower(int)
 *fill*         0x0000df64        0x4 00
 .text._ZN8FEHMotor10SetPercentEf
                0x0000df68      0x158 Libraries\FEHMotor.o
                0x0000df68                FEHMotor::SetPercent(float)
 .text._Z21IIC_StartTransmissionhh
                0x0000e0c0       0x98 Drivers\i2c.o
                0x0000e0c0                IIC_StartTransmission(unsigned char, unsigned char)
 .text._Z5Pausev
                0x0000e158       0x34 Drivers\i2c.o
                0x0000e158                Pause()
 .text._Z21MMA8451QWriteRegisterhh
                0x0000e18c      0x12c Drivers\i2c.o
                0x0000e18c                MMA8451QWriteRegister(unsigned char, unsigned char)
 .text._Z12SPI_SendCharh
                0x0000e2b8       0x1c Drivers\spi.o
                0x0000e2b8                SPI_SendChar(unsigned char)
 .text._Z16SPI_WriteCommandhh
                0x0000e2d4       0x34 Drivers\spi.o
                0x0000e2d4                SPI_WriteCommand(unsigned char, unsigned char)
 .text._Z13SPI_CS_Assertv
                0x0000e308       0x24 Drivers\spi.o
                0x0000e308                SPI_CS_Assert()
 .text._Z15SPI_CS_Deassertv
                0x0000e32c       0x24 Drivers\spi.o
                0x0000e32c                SPI_CS_Deassert()
 .text._Z12SPI_Transferh
                0x0000e350       0x88 Drivers\spi.o
                0x0000e350                SPI_Transfer(unsigned char)
 .text._Z8SPI_Initv
                0x0000e3d8       0xe8 Drivers\spi.o
                0x0000e3d8                SPI_Init()
 .text._Z9uart_initPV11UART_MemMapii
                0x0000e4c0      0x20c Drivers\uart.o
                0x0000e4c0                uart_init(UART_MemMap volatile*, int, int)
 .text._Z12uart_getcharPV11UART_MemMap
                0x0000e6cc       0x34 Drivers\uart.o
                0x0000e6cc                uart_getchar(UART_MemMap volatile*)
 .text._Z12uart_putcharPV11UART_MemMapc
                0x0000e700       0x38 Drivers\uart.o
                0x0000e700                uart_putchar(UART_MemMap volatile*, char)
 .text._ZL7mem_setPvij
                0x0000e738       0x44 Drivers\ff.o
 .text._ZL11move_windowP5FATFSm
                0x0000e77c       0xf0 Drivers\ff.o
 .text._ZL4syncP5FATFS
                0x0000e86c      0x188 Drivers\ff.o
 .text._ZL8validateP5FATFSt
                0x0000e9f4       0x54 Drivers\ff.o
 .text._Z6f_syncP3FIL
                0x0000ea48      0x1c0 Drivers\ff.o
                0x0000ea48                f_sync(FIL*)
 .text._Z7f_closeP3FIL
                0x0000ec08       0x2c Drivers\ff.o
                0x0000ec08                f_close(FIL*)
 .text._ZL17SDHC_set_baudratemm
                0x0000ec34      0x14c Drivers\SDHC.o
 .text._Z9SDHC_initP17esdhc_info_structPK17esdhc_init_struct
                0x0000ed80      0x1c4 Drivers\SDHC.o
                0x0000ed80                SDHC_init(esdhc_info_struct*, esdhc_init_struct const*)
 .text._ZL15SDHC_is_runningv
                0x0000ef44       0x28 Drivers\SDHC.o
 .text._ZL16SDHC_status_waitm
                0x0000ef6c       0x38 Drivers\SDHC.o
 .text._ZL17SDHC_send_commandP20esdhc_command_struct
                0x0000efa4      0x2a0 Drivers\SDHC.o
 .text._Z10SDHC_ioctlmPv
                0x0000f244      0x978 Drivers\SDHC.o
                0x0000f244                SDHC_ioctl(unsigned long, void*)
 .text._ZL14rcvr_datablockPhm
                0x0000fbbc      0x134 Drivers\SDHC.o
 .text._Z9disk_readhPhmh
                0x0000fcf0      0x13c Drivers\SDHC.o
                0x0000fcf0                disk_read(unsigned char, unsigned char*, unsigned long, unsigned char)
 .text._ZL14xmit_datablockPKhm
                0x0000fe2c       0xe0 Drivers\SDHC.o
 .text._Z10disk_writehPKhmh
                0x0000ff0c      0x1cc Drivers\SDHC.o
                0x0000ff0c                disk_write(unsigned char, unsigned char const*, unsigned long, unsigned char)
 .text._Z10disk_ioctlhhPv
                0x000100d8      0x128 Drivers\SDHC.o
                0x000100d8                disk_ioctl(unsigned char, unsigned char, void*)
 .text._Z11disk_statush
                0x00010200       0x30 Drivers\SDHC.o
                0x00010200                disk_status(unsigned char)
 .text._Z13time_delay_msm
                0x00010230       0xa4 Drivers\lptmr.o
                0x00010230                time_delay_ms(unsigned long)
 .text._Z41__static_initialization_and_destruction_0ii
                0x000102d4       0x30 FEHProteus.o
 .text._GLOBAL__sub_I_Propeller
                0x00010304       0x14 FEHProteus.o
 .text._ZN12FEHPropellerC2Ev
                0x00010318       0x20 Drivers\FEHPropeller.o
                0x00010318                FEHPropeller::FEHPropeller()
                0x00010318                FEHPropeller::FEHPropeller()
 .text._ZN12FEHPropeller10InitializeEv
                0x00010338       0x94 Drivers\FEHPropeller.o
                0x00010338                FEHPropeller::Initialize()
 .text._ZN12FEHPropeller12SetMotorRateEhhh
                0x000103cc       0x78 Drivers\FEHPropeller.o
                0x000103cc                FEHPropeller::SetMotorRate(unsigned char, unsigned char, unsigned char)
 .text._ZL5Delaymjj
                0x00010444       0xc4 Libraries\FEHUtility.o
 .text._Z5Sleepi
                0x00010508       0x34 Libraries\FEHUtility.o
                0x00010508                Sleep(int)
 *fill*         0x0001053c        0x4 00
 .text._Z5Sleepd
                0x00010540       0x58 Libraries\FEHUtility.o
                0x00010540                Sleep(double)
 .text._Z11TimeNowMSecv
                0x00010598       0x44 Libraries\FEHUtility.o
                0x00010598                TimeNowMSec()
 .text._Z14ProteusStartedv
                0x000105dc       0x18 Libraries\FEHIO.o
                0x000105dc                ProteusStarted()
 .text._Z10enable_irqi
                0x000105f4      0x1cc Libraries\FEHIO.o
                0x000105f4                enable_irq(int)
 .text._ZN12DigitalIOPinC2Ev
                0x000107c0       0x18 Libraries\FEHIO.o
                0x000107c0                DigitalIOPin::DigitalIOPin()
                0x000107c0                DigitalIOPin::DigitalIOPin()
 .text._ZN14DigitalEncoderC2EN5FEHIO8FEHIOPinENS0_21FEHIOInterruptTriggerE
                0x000107d8       0x2c Libraries\FEHIO.o
                0x000107d8                DigitalEncoder::DigitalEncoder(FEHIO::FEHIOPin, FEHIO::FEHIOInterruptTrigger)
                0x000107d8                DigitalEncoder::DigitalEncoder(FEHIO::FEHIOPin, FEHIO::FEHIOInterruptTrigger)
 .text._ZN14DigitalEncoder10InitializeEN5FEHIO8FEHIOPinENS0_21FEHIOInterruptTriggerE
                0x00010804      0x224 Libraries\FEHIO.o
                0x00010804                DigitalEncoder::Initialize(FEHIO::FEHIOPin, FEHIO::FEHIOInterruptTrigger)
 .text._Z9portB_isrv
                0x00010a28      0x13c Libraries\FEHIO.o
                0x00010a28                portB_isr()
 .text._Z9portC_isrv
                0x00010b64      0x148 Libraries\FEHIO.o
                0x00010b64                portC_isr()
 .text._Z9portA_isrv
                0x00010cac      0x14c Libraries\FEHIO.o
                0x00010cac                portA_isr()
 .text._Z9portE_isrv
                0x00010df8      0x144 Libraries\FEHIO.o
                0x00010df8                portE_isr()
 .text._ZN14DigitalEncoder6CountsEv
                0x00010f3c       0x28 Libraries\FEHIO.o
                0x00010f3c                DigitalEncoder::Counts()
 .text._ZN14DigitalEncoder11ResetCountsEv
                0x00010f64       0x28 Libraries\FEHIO.o
                0x00010f64                DigitalEncoder::ResetCounts()
 .text._ZN14AnalogInputPinC2EN5FEHIO8FEHIOPinE
                0x00010f8c       0x20 Libraries\FEHIO.o
                0x00010f8c                AnalogInputPin::AnalogInputPin(FEHIO::FEHIOPin)
                0x00010f8c                AnalogInputPin::AnalogInputPin(FEHIO::FEHIOPin)
 .text._ZN13AnalogEncoder12EncoderValueEv
                0x00010fac       0xe4 Libraries\FEHIO.o
                0x00010fac                AnalogEncoder::EncoderValue()
 .text._ZN14AnalogInputPin8InitADCsEv
                0x00011090      0x120 Libraries\FEHIO.o
                0x00011090                AnalogInputPin::InitADCs()
 .text._Z8pit0_isrv
                0x000111b0       0x34 Libraries\FEHIO.o
                0x000111b0                pit0_isr()
 .text._ZN13AnalogEncoder4InitEv
                0x000111e4       0x64 Libraries\FEHIO.o
                0x000111e4                AnalogEncoder::Init()
 .text._ZN13AnalogEncoder14SetCounterInitEj
                0x00011248       0x20 Libraries\FEHIO.o
                0x00011248                AnalogEncoder::SetCounterInit(unsigned int)
 .text._ZN13AnalogEncoder10ProcessIntEv
                0x00011268       0x80 Libraries\FEHIO.o
                0x00011268                AnalogEncoder::ProcessInt()
 .text._ZN13AnalogEncoder14ProcessIntSelfEv
                0x000112e8       0x80 Libraries\FEHIO.o
                0x000112e8                AnalogEncoder::ProcessIntSelf()
 .text._Z41__static_initialization_and_destruction_0ii
                0x00011368       0x3c Libraries\FEHIO.o
 .text._GLOBAL__sub_I__ZN14AnalogInputPin17Master_Adc_ConfigE
                0x000113a4       0x14 Libraries\FEHIO.o
 .text._Z7ADC_CalPV10ADC_MemMap
                0x000113b8      0x14c Drivers\adc16.o
                0x000113b8                ADC_Cal(ADC_MemMap volatile*)
 .text._Z14ADC_Config_AltPV10ADC_MemMapP7adc_cfg
                0x00011504       0x6c Drivers\adc16.o
                0x00011504                ADC_Config_Alt(ADC_MemMap volatile*, adc_cfg*)
 .text._ZN9FEHBuzzerC2Ev
                0x00011570       0x18 Libraries\FEHBuzzer.o
                0x00011570                FEHBuzzer::FEHBuzzer()
                0x00011570                FEHBuzzer::FEHBuzzer()
 .text._Z41__static_initialization_and_destruction_0ii
                0x00011588       0x30 Libraries\FEHBuzzer.o
 .text._GLOBAL__sub_I_Buzzer
                0x000115b8       0x14 Libraries\FEHBuzzer.o
 .text._ZN6FEHLCD11_InitializeEv
                0x000115cc      0x5c0 Libraries\FEHLCD.o
                0x000115cc                FEHLCD::_Initialize()
 .text._ZN6FEHLCDC2Ev
                0x00011b8c       0x64 Libraries\FEHLCD.o
                0x00011b8c                FEHLCD::FEHLCD()
                0x00011b8c                FEHLCD::FEHLCD()
 .text._ZN6FEHLCD10InitializeEv
                0x00011bf0       0x38 Libraries\FEHLCD.o
                0x00011bf0                FEHLCD::Initialize()
 .text._ZN6FEHLCD10PrintImageEii
                0x00011c28      0x154 Libraries\FEHLCD.o
                0x00011c28                FEHLCD::PrintImage(int, int)
 .text._ZN6FEHLCD9PrintLogoEii
                0x00011d7c       0xd8 Libraries\FEHLCD.o
                0x00011d7c                FEHLCD::PrintLogo(int, int)
 .text._ZN6FEHLCD22ConvertFEHColorTo24BitENS_11FEHLCDColorE
                0x00011e54       0x80 Libraries\FEHLCD.o
                0x00011e54                FEHLCD::ConvertFEHColorTo24Bit(FEHLCD::FEHLCDColor)
 .text._ZN6FEHLCD24Convert24BitColorTo16BitEj
                0x00011ed4       0x40 Libraries\FEHLCD.o
                0x00011ed4                FEHLCD::Convert24BitColorTo16Bit(unsigned int)
 .text._ZN6FEHLCD22ConvertRGBColorTo16BitEhhh
                0x00011f14       0x44 Libraries\FEHLCD.o
                0x00011f14                FEHLCD::ConvertRGBColorTo16Bit(unsigned char, unsigned char, unsigned char)
 .text._ZN6FEHLCD5ClearENS_11FEHLCDColorE
                0x00011f58       0x28 Libraries\FEHLCD.o
                0x00011f58                FEHLCD::Clear(FEHLCD::FEHLCDColor)
 .text._ZN6FEHLCD5ClearEj
                0x00011f80       0x2c Libraries\FEHLCD.o
                0x00011f80                FEHLCD::Clear(unsigned int)
 .text._ZN6FEHLCD18SetBackgroundColorENS_11FEHLCDColorE
                0x00011fac       0x28 Libraries\FEHLCD.o
                0x00011fac                FEHLCD::SetBackgroundColor(FEHLCD::FEHLCDColor)
 .text._ZN6FEHLCD18SetBackgroundColorEj
                0x00011fd4       0x28 Libraries\FEHLCD.o
                0x00011fd4                FEHLCD::SetBackgroundColor(unsigned int)
 .text._ZN6FEHLCD12SetFontColorENS_11FEHLCDColorE
                0x00011ffc       0x28 Libraries\FEHLCD.o
                0x00011ffc                FEHLCD::SetFontColor(FEHLCD::FEHLCDColor)
 .text._ZN6FEHLCD12SetFontColorEj
                0x00012024       0x28 Libraries\FEHLCD.o
                0x00012024                FEHLCD::SetFontColor(unsigned int)
 .text._ZN6FEHLCD7WriteAtEPKcii
                0x0001204c       0x58 Libraries\FEHLCD.o
                0x0001204c                FEHLCD::WriteAt(char const*, int, int)
 .text._ZN6FEHLCD7WriteAtEiii
                0x000120a4       0x3c Libraries\FEHLCD.o
                0x000120a4                FEHLCD::WriteAt(int, int, int)
 .text._ZN6FEHLCD11TS_SPI_InitEv
                0x000120e0       0xa8 Libraries\FEHLCD.o
                0x000120e0                FEHLCD::TS_SPI_Init()
 .text._ZN6FEHLCD10WriteIndexEh
                0x00012188      0x288 Libraries\FEHLCD.o
                0x00012188                FEHLCD::WriteIndex(unsigned char)
 .text._ZN6FEHLCD14WriteParameterEh
                0x00012410      0x254 Libraries\FEHLCD.o
                0x00012410                FEHLCD::WriteParameter(unsigned char)
 .text._ZN6FEHLCD6_ClearEv
                0x00012664      0x228 Libraries\FEHLCD.o
                0x00012664                FEHLCD::_Clear()
 .text._ZN6FEHLCD8NextLineEv
                0x0001288c       0x30 Libraries\FEHLCD.o
                0x0001288c                FEHLCD::NextLine()
 .text._ZN6FEHLCD9CheckLineEv
                0x000128bc       0x2c Libraries\FEHLCD.o
                0x000128bc                FEHLCD::CheckLine()
 .text._ZN6FEHLCD13SetDrawRegionEiiii
                0x000128e8      0x10c Libraries\FEHLCD.o
                0x000128e8                FEHLCD::SetDrawRegion(int, int, int, int)
 .text._ZN6FEHLCD11WriteCharAtEiic
                0x000129f4      0x278 Libraries\FEHLCD.o
                0x000129f4                FEHLCD::WriteCharAt(int, int, char)
 .text._ZN6FEHLCD11RepeatColorEv
                0x00012c6c       0xbc Libraries\FEHLCD.o
                0x00012c6c                FEHLCD::RepeatColor()
 .text._ZN6FEHLCD10_ForePixelEv
                0x00012d28      0x160 Libraries\FEHLCD.o
                0x00012d28                FEHLCD::_ForePixel()
 .text._ZN6FEHLCD10_BackPixelEv
                0x00012e88      0x160 Libraries\FEHLCD.o
                0x00012e88                FEHLCD::_BackPixel()
 .text._ZN6FEHLCD22SetRegisterColorValuesEv
                0x00012fe8      0x4c0 Libraries\FEHLCD.o
                0x00012fe8                FEHLCD::SetRegisterColorValues()
 .text._Z41__static_initialization_and_destruction_0ii
                0x000134a8       0x30 Libraries\FEHLCD.o
 .text._GLOBAL__sub_I_image
                0x000134d8       0x14 Libraries\FEHLCD.o
 .text._ZN8FEHAccelC2Ev
                0x000134ec       0x8c Libraries\FEHAccel.o
                0x000134ec                FEHAccel::FEHAccel()
                0x000134ec                FEHAccel::FEHAccel()
 .text._Z41__static_initialization_and_destruction_0ii
                0x00013578       0x30 Libraries\FEHAccel.o
 .text._GLOBAL__sub_I_Accel
                0x000135a8       0x14 Libraries\FEHAccel.o
 .text._ZN10FEHBatteryC2EN5FEHIO8FEHIOPinE
                0x000135bc       0x24 Libraries\FEHBattery.o
                0x000135bc                FEHBattery::FEHBattery(FEHIO::FEHIOPin)
                0x000135bc                FEHBattery::FEHBattery(FEHIO::FEHIOPin)
 .text._Z41__static_initialization_and_destruction_0ii
                0x000135e0       0x34 Libraries\FEHBattery.o
 .text._GLOBAL__sub_I_Battery
                0x00013614       0x14 Libraries\FEHBattery.o
 .text._ZN7FEHXBeeC2Ev
                0x00013628       0x20 Drivers\FEHXBee.o
                0x00013628                FEHXBee::FEHXBee()
                0x00013628                FEHXBee::FEHXBee()
 .text._ZN7FEHXBee17SetPacketCallBackEPFvPhhE
                0x00013648       0x20 Drivers\FEHXBee.o
                0x00013648                FEHXBee::SetPacketCallBack(void (*)(unsigned char*, unsigned char))
 .text._Z9UART0_ISRv
                0x00013668      0x174 Drivers\FEHXBee.o
                0x00013668                UART0_ISR()
 .text._ZN6FEHRPSC2Ev
                0x000137dc       0x88 Libraries\FEHRPS.o
                0x000137dc                FEHRPS::FEHRPS()
                0x000137dc                FEHRPS::FEHRPS()
 .text._Z14RPSDataProcessPhh
                0x00013864      0x18c Libraries\FEHRPS.o
                0x00013864                RPSDataProcess(unsigned char*, unsigned char)
 .text._Z41__static_initialization_and_destruction_0ii
                0x000139f0       0x30 Libraries\FEHRPS.o
 .text._GLOBAL__sub_I_RPS
                0x00013a20       0x14 Libraries\FEHRPS.o
 .text._ZN5FEHSDC2Ev
                0x00013a34       0x24 Libraries\FEHSD.o
                0x00013a34                FEHSD::FEHSD()
                0x00013a34                FEHSD::FEHSD()
 .text._ZN5FEHSD8CloseLogEv
                0x00013a58       0x38 Libraries\FEHSD.o
                0x00013a58                FEHSD::CloseLog()
 .text._Z41__static_initialization_and_destruction_0ii
                0x00013a90       0x30 Libraries\FEHSD.o
 .text._GLOBAL__sub_I_SD
                0x00013ac0       0x14 Libraries\FEHSD.o
 .text.cos      0x00013ad4       0x94 C:\fehqt\Proteus/EWL/lib/armv7e-m\libm.a(s_cos.o)
                0x00013ad4                cos
 .text.sin      0x00013b68       0x90 C:\fehqt\Proteus/EWL/lib/armv7e-m\libm.a(s_sin.o)
                0x00013b68                sin
 .text.__ieee754_rem_pio2
                0x00013bf8      0x3f8 C:\fehqt\Proteus/EWL/lib/armv7e-m\libm.a(e_rem_pio2.o)
                0x00013bf8                __ieee754_rem_pio2
 .text.__kernel_cos
                0x00013ff0      0x1e0 C:\fehqt\Proteus/EWL/lib/armv7e-m\libm.a(k_cos.o)
                0x00013ff0                __kernel_cos
 .text.__kernel_rem_pio2
                0x000141d0      0x674 C:\fehqt\Proteus/EWL/lib/armv7e-m\libm.a(k_rem_pio2.o)
                0x000141d0                __kernel_rem_pio2
 *fill*         0x00014844        0x4 00
 .text.__kernel_sin
                0x00014848      0x180 C:\fehqt\Proteus/EWL/lib/armv7e-m\libm.a(k_sin.o)
                0x00014848                __kernel_sin
 .text.floor    0x000149c8      0x118 C:\fehqt\Proteus/EWL/lib/armv7e-m\libm.a(s_floor.o)
                0x000149c8                floor
 .text.scalbn   0x00014ae0       0x18 C:\fehqt\Proteus/EWL/lib/armv7e-m\libm.a(scalbn.o)
                0x00014ae0                scalbn
 .text.frexp    0x00014af8       0x70 C:\fehqt\Proteus/EWL/lib/armv7e-m\libm.a(s_frexp.o)
                0x00014af8                frexp
 .text.ldexp    0x00014b68      0x140 C:\fehqt\Proteus/EWL/lib/armv7e-m\libm.a(s_ldexp.o)
                0x00014b68                ldexp
 .text.__fpclassifyd
                0x00014ca8       0x3c C:\fehqt\Proteus/EWL/lib/armv7e-m\libm.a(math_api.o)
                0x00014ca8                __fpclassifyd
 .text.sprintf  0x00014ce4       0x1c C:\fehqt\Proteus/EWL/lib/armv7e-m\libc.a(sprintf.o)
                0x00014ce4                sprintf
 .text.__StringWrite
                0x00014d00       0x28 C:\fehqt\Proteus/EWL/lib/armv7e-m\libc.a(vsnprintf.o)
                0x00014d00                __StringWrite
 .text.vsnprintf
                0x00014d28       0x34 C:\fehqt\Proteus/EWL/lib/armv7e-m\libc.a(vsnprintf.o)
                0x00014d28                vsnprintf
 .text.exit     0x00014d5c       0x38 C:\fehqt\Proteus/EWL/lib/armv7e-m\libc.a(exit.o)
                0x00014d5c                exit
 .text.memcpy   0x00014d94       0x12 C:\fehqt\Proteus/EWL/lib/armv7e-m\libc.a(memcpy.o)
                0x00014d94                memcpy
 .text.memset   0x00014da6        0xc C:\fehqt\Proteus/EWL/lib/armv7e-m\libc.a(memset.o)
                0x00014da6                memset
 .text.strlen   0x00014db2       0x10 C:\fehqt\Proteus/EWL/lib/armv7e-m\libc.a(strlen.o)
                0x00014db2                strlen
 .text.long2str.isra.0
                0x00014dc2      0x196 C:\fehqt\Proteus/EWL/lib/armv7e-m\libc.a(printformat_.o)
 .text.__pformatter_
                0x00014f58      0x3f8 C:\fehqt\Proteus/EWL/lib/armv7e-m\libc.a(printformat_.o)
                0x00014f58                __pformatter_
 .text.__sformatter
                0x00015350      0x74e C:\fehqt\Proteus/EWL/lib/armv7e-m\libc.a(scanformat_.o)
                0x00015350                __sformatter
 *fill*         0x00015a9e        0x2 00
 .text.isalpha  0x00015aa0       0x1c C:\fehqt\Proteus/EWL/lib/armv7e-m\libc.a(ctype_aeabi.o)
                0x00015aa0                isalpha
 .text.isspace  0x00015abc       0x1c C:\fehqt\Proteus/EWL/lib/armv7e-m\libc.a(ctype_aeabi.o)
                0x00015abc                isspace
 .text.toupper  0x00015ad8        0xc C:\fehqt\Proteus/EWL/lib/armv7e-m\libc.a(ctype_aeabi.o)
                0x00015ad8                toupper
 .text.__strtoul
                0x00015ae4      0x1dc C:\fehqt\Proteus/EWL/lib/armv7e-m\libc.a(__strtoul.o)
                0x00015ae4                __strtoul
 .text.__fill_mem
                0x00015cc0       0x76 C:\fehqt\Proteus/EWL/lib/armv7e-m\libc.a(__filll_mem.o)
                0x00015cc0                __fill_mem
 .text.memchr   0x00015d36       0x1a C:\fehqt\Proteus/EWL/lib/armv7e-m\libc.a(memchr.o)
                0x00015d36                memchr
 .text.strchr   0x00015d50       0x1c C:\fehqt\Proteus/EWL/lib/armv7e-m\libc.a(strchr.o)
                0x00015d50                strchr
 .text.__init_cpp
                0x00015d6c       0x4c C:\fehqt\Proteus/EWL/lib/armv7e-m\librt.a(gcc_ctor_dtor.o)
                0x00015d6c                __init_cpp
 .text.__fini_cpp
                0x00015db8       0x34 C:\fehqt\Proteus/EWL/lib/armv7e-m\librt.a(gcc_ctor_dtor.o)
                0x00015db8                __fini_cpp
 .text.__copy_rom_section
                0x00015dec       0x44 C:\fehqt\Proteus/EWL/lib/armv7e-m\librt.a(ROMCopy.o)
                0x00015dec                __copy_rom_section
 .text.__copy_rom_sections_to_ram
                0x00015e30       0x34 C:\fehqt\Proteus/EWL/lib/armv7e-m\librt.a(ROMCopy.o)
                0x00015e30                __copy_rom_sections_to_ram
 .text.__destroy_global_chain
                0x00015e64       0x1c C:\fehqt\Proteus/EWL/lib/armv7e-m\librt.a(__arm_eabi_init.o)
                0x00015e64                __destroy_global_chain
 .text.__init_registers
                0x00015e80       0x20 C:\fehqt\Proteus/EWL/lib/armv7e-m\librt.a(__arm_eabi_init.o)
                0x00015e80                __init_registers
 .text.__init_user
                0x00015ea0        0x4 C:\fehqt\Proteus/EWL/lib/armv7e-m\librt.a(__arm_eabi_init.o)
                0x00015ea0                __init_user
 *(.rodata)
 .rodata        0x00015ea4       0x78 Libraries\FEHIO.o
 .rodata        0x00015f1c       0x28 Libraries\FEHLCD.o
 *(.rodata*)
 .rodata.K60_SDHC0_init
                0x00015f44        0xc Drivers\SDHC.o
                0x00015f44                K60_SDHC0_init
 .rodata._ZL21ESDHC_COMMAND_XFERTYP
                0x00015f50      0x100 Drivers\SDHC.o
 .rodata._ZL9GPIOPorts
                0x00016050       0x20 Libraries\FEHIO.o
 .rodata._ZL10ADCNumbers
                0x00016070       0x24 Libraries\FEHIO.o
 .rodata._ZL14GPIOPinNumbers
                0x00016094       0x80 Libraries\FEHIO.o
 .rodata._ZL16AnalogPinNumbers
                0x00016114       0x84 Libraries\FEHIO.o
 .rodata.npio2_hw
                0x00016198       0x80 C:\fehqt\Proteus/EWL/lib/armv7e-m\libm.a(e_rem_pio2.o)
 .rodata.two_over_pi
                0x00016218      0x108 C:\fehqt\Proteus/EWL/lib/armv7e-m\libm.a(e_rem_pio2.o)
 .rodata.init_jk
                0x00016320       0x10 C:\fehqt\Proteus/EWL/lib/armv7e-m\libm.a(k_rem_pio2.o)
 .rodata.PIo2   0x00016330       0x40 C:\fehqt\Proteus/EWL/lib/armv7e-m\libm.a(k_rem_pio2.o)
 .rodata.str1.1
                0x00016370        0x1 C:\fehqt\Proteus/EWL/lib/armv7e-m\libc.a(printformat_.o)
 .rodata.__aeabi_ctype_table_C
                0x00016371      0x101 C:\fehqt\Proteus/EWL/lib/armv7e-m\libc.a(ctype_aeabi.o)
                0x00016371                __aeabi_ctype_table_C
 *(.glue_7)
 .glue_7        0x00000000        0x0 linker stubs
 *(.glue_7t)
 .glue_7t       0x00000000        0x0 linker stubs
 *(.eh_frame)
 *(.init)
 *(.fini)
                0x00016474                . = ALIGN (0x4)
 *fill*         0x00016472        0x2 00
                0x00016474                _etext = .

.vfp11_veneer   0x00016474        0x0
 .vfp11_veneer  0x00000000        0x0 linker stubs

.v4_bx          0x00016474        0x0
 .v4_bx         0x00000000        0x0 linker stubs

.ARM.extab
 *(.ARM.extab* .gnu.linkonce.armextab.*)

.ARM            0x00016474        0x0
                0x00016474                __exidx_start = .
 *(.ARM.exidx*)
                0x00016474                __exidx_end = .

.ctors          0x00016474        0x0
                0x00016474                __CTOR_LIST__ = .
 *crtbegin.o(.ctors)
 *(EXCLUDE_FILE(*crtend.o) .ctors)
 *(SORT(.ctors.*))
 *(.ctors)
                0x00016474                __CTOR_END__ = .

.dtors          0x00016474        0x0
                0x00016474                __DTOR_LIST__ = .
 *crtbegin.o(.dtors)
 *(EXCLUDE_FILE(*crtend.o) .dtors)
 *(SORT(.dtors.*))
 *(.dtors)
                0x00016474                __DTOR_END__ = .

.preinit_array  0x00016474        0x0
                0x00016474                PROVIDE (__preinit_array_start, .)
 *(.preinit_array*)
                0x00016474                PROVIDE (__preinit_array_end, .)

.init_array     0x00016474       0x24
                0x00016474                PROVIDE (__init_array_start, .)
 *(SORT(.init_array.*))
 *(.init_array*)
 .init_array    0x00016474        0x4 ..\main.o
 .init_array    0x00016478        0x4 FEHProteus.o
 .init_array    0x0001647c        0x4 Libraries\FEHIO.o
 .init_array    0x00016480        0x4 Libraries\FEHBuzzer.o
 .init_array    0x00016484        0x4 Libraries\FEHLCD.o
 .init_array    0x00016488        0x4 Libraries\FEHAccel.o
 .init_array    0x0001648c        0x4 Libraries\FEHBattery.o
 .init_array    0x00016490        0x4 Libraries\FEHRPS.o
 .init_array    0x00016494        0x4 Libraries\FEHSD.o
                0x00016498                PROVIDE (__init_array_end, .)

.fini_array     0x00016498        0x0
                0x00016498                PROVIDE (__fini_array_start, .)
 *(SORT(.fini_array.*))
 *(.fini_array*)
                0x00016498                PROVIDE (__fini_array_end, .)
                0x00016498                ___ROM_AT = .

.data           0x1fff0400     0x1434 load address 0x00016498
                0x1fff0400                . = ALIGN (0x4)
                0x1fff0400                _sdata = .
 *(.data)
 *(.data*)
 .data._ZL4Stat
                0x1fff0400        0x1 Drivers\SDHC.o
 *fill*         0x1fff0401        0x3 00
 .data.image    0x1fff0404      0xaec Libraries\FEHLCD.o
                0x1fff0404                image
 .data.logo     0x1fff0ef0      0x764 Libraries\FEHLCD.o
                0x1fff0ef0                logo
 .data._ZN6FEHLCD8fontDataE
                0x1fff1654      0x1e0 Libraries\FEHLCD.o
                0x1fff1654                FEHLCD::fontData
                0x1fff1834                . = ALIGN (0x4)
                0x1fff1834                _edata = .
                0x00001434                ___data_size = (_edata - _sdata)
                0x000178cc                ___m_data2_ROMStart = (___ROM_AT + SIZEOF (.data))

.user_data2     0x20000000        0x0 load address 0x000178cc
                0x20000000                . = ALIGN (0x4)
                0x20000000                ___m_data2_RAMStart = .
 *(.data2)
                0x20000000                ___m_data2_RAMEnd = .
                0x20000000                . = ALIGN (0x4)
                0x00000000                ___m_data2_ROMSize = (___m_data2_RAMEnd - ___m_data2_RAMStart)
                0x20000000                . = ALIGN (0x4)

.bss            0x1fff1834      0x670 load address 0x000178cc
                0x1fff1834                __START_BSS = .
                0x1fff1834                PROVIDE (__bss_start__, __START_BSS)
 *(.bss)
 *(.bss*)
 .bss.frontLeft
                0x1fff1834        0x8 ..\main.o
                0x1fff1834                frontLeft
 .bss.frontRight
                0x1fff183c        0x8 ..\main.o
                0x1fff183c                frontRight
 .bss.backLeft  0x1fff1844        0x8 ..\main.o
                0x1fff1844                backLeft
 .bss.backRight
                0x1fff184c        0x8 ..\main.o
                0x1fff184c                backRight
 .bss.CdS_Cell  0x1fff1854        0x4 ..\main.o
                0x1fff1854                CdS_Cell
 .bss.frontLeftEncoder
                0x1fff1858        0x4 ..\main.o
                0x1fff1858                frontLeftEncoder
 .bss.frontRightEncoder
                0x1fff185c        0x4 ..\main.o
                0x1fff185c                frontRightEncoder
 .bss.backLeftEncoder
                0x1fff1860        0x4 ..\main.o
                0x1fff1860                backLeftEncoder
 .bss.backRightEncoder
                0x1fff1864        0x4 ..\main.o
                0x1fff1864                backRightEncoder
 .bss._ZL4argv  0x1fff1868        0x4 Startup\__arm_start.o
 .bss.MasterTransmission
                0x1fff186c        0x1 Drivers\i2c.o
                0x1fff186c                MasterTransmission
 .bss.SlaveID   0x1fff186d        0x1 Drivers\i2c.o
                0x1fff186d                SlaveID
 *fill*         0x1fff186e        0x2 00
 .bss.SDHC_Card
                0x1fff1870       0x14 Drivers\SDHC.o
                0x1fff1870                SDHC_Card
 .bss.SDHC_Info
                0x1fff1884      0x204 Drivers\SDHC.o
                0x1fff1884                SDHC_Info
 .bss.SDHC_Device
                0x1fff1a88        0x8 Drivers\SDHC.o
                0x1fff1a88                SDHC_Device
 .bss.Propeller
                0x1fff1a90        0x4 FEHProteus.o
                0x1fff1a90                Propeller
 .bss.CoreClockKHz
                0x1fff1a94        0x4 FEHProteus.o
                0x1fff1a94                CoreClockKHz
 .bss.CoreClockMHz
                0x1fff1a98        0x4 FEHProteus.o
                0x1fff1a98                CoreClockMHz
 .bss.PeripheralClockKHz
                0x1fff1a9c        0x4 FEHProteus.o
                0x1fff1a9c                PeripheralClockKHz
 .bss._ZN14AnalogInputPin17Master_Adc_ConfigE
                0x1fff1aa0       0x10 Libraries\FEHIO.o
                0x1fff1aa0                AnalogInputPin::Master_Adc_Config
 .bss._ZN14AnalogInputPin18Encoder_Adc_ConfigE
                0x1fff1ab0       0x10 Libraries\FEHIO.o
                0x1fff1ab0                AnalogInputPin::Encoder_Adc_Config
 .bss.booted    0x1fff1ac0        0x1 Libraries\FEHIO.o
                0x1fff1ac0                booted
 *fill*         0x1fff1ac1        0x3 00
 .bss._ZN8Wireless6clkPinE
                0x1fff1ac4        0x4 Libraries\FEHIO.o
                0x1fff1ac4                Wireless::clkPin
 .bss._ZN8Wireless7dataPinE
                0x1fff1ac8        0x4 Libraries\FEHIO.o
                0x1fff1ac8                Wireless::dataPin
 .bss.interrupt_counts
                0x1fff1acc       0x80 Libraries\FEHIO.o
                0x1fff1acc                interrupt_counts
 .bss.interrupt_time
                0x1fff1b4c       0x80 Libraries\FEHIO.o
                0x1fff1b4c                interrupt_time
 .bss._ZN13AnalogEncoder7pinListE
                0x1fff1bcc        0x4 Libraries\FEHIO.o
                0x1fff1bcc                AnalogEncoder::pinList
 .bss.__interrupt_counter
                0x1fff1bd0        0x4 Libraries\FEHIO.o
                0x1fff1bd0                __interrupt_counter
 .bss.Buzzer    0x1fff1bd4        0x4 Libraries\FEHBuzzer.o
                0x1fff1bd4                Buzzer
 .bss.LCD       0x1fff1bd8       0x44 Libraries\FEHLCD.o
                0x1fff1bd8                LCD
 .bss.initialized
                0x1fff1c1c        0x1 Libraries\FEHLCD.o
                0x1fff1c1c                initialized
 *fill*         0x1fff1c1d        0x3 00
 .bss.Accel     0x1fff1c20        0x4 Libraries\FEHAccel.o
                0x1fff1c20                Accel
 .bss.Battery   0x1fff1c24        0x4 Libraries\FEHBattery.o
                0x1fff1c24                Battery
 .bss.XBeeDataProcess
                0x1fff1c28        0x4 Drivers\FEHXBee.o
                0x1fff1c28                XBeeDataProcess
 .bss._xbeebuffer
                0x1fff1c2c       0x10 Drivers\FEHXBee.o
                0x1fff1c2c                _xbeebuffer
 .bss._xbeebufferindex
                0x1fff1c3c        0x1 Drivers\FEHXBee.o
                0x1fff1c3c                _xbeebufferindex
 .bss._xbeestate
                0x1fff1c3d        0x1 Drivers\FEHXBee.o
                0x1fff1c3d                _xbeestate
 .bss._xbeebytereceived
                0x1fff1c3e        0x1 Drivers\FEHXBee.o
                0x1fff1c3e                _xbeebytereceived
 .bss._xbeebyte
                0x1fff1c3f        0x1 Drivers\FEHXBee.o
                0x1fff1c3f                _xbeebyte
 .bss.RPS       0x1fff1c40        0x8 Libraries\FEHRPS.o
                0x1fff1c40                RPS
 .bss._enabled  0x1fff1c48        0x1 Libraries\FEHRPS.o
                0x1fff1c48                _enabled
 *fill*         0x1fff1c49        0x3 00
 .bss._RPS_x    0x1fff1c4c        0x4 Libraries\FEHRPS.o
                0x1fff1c4c                _RPS_x
 .bss._RPS_y    0x1fff1c50        0x4 Libraries\FEHRPS.o
                0x1fff1c50                _RPS_y
 .bss._RPS_heading
                0x1fff1c54        0x4 Libraries\FEHRPS.o
                0x1fff1c54                _RPS_heading
 .bss._RPS_objective
                0x1fff1c58        0x4 Libraries\FEHRPS.o
                0x1fff1c58                _RPS_objective
 .bss._RPS_time
                0x1fff1c5c        0x1 Libraries\FEHRPS.o
                0x1fff1c5c                _RPS_time
 .bss._RPS_stop
                0x1fff1c5d        0x1 Libraries\FEHRPS.o
                0x1fff1c5d                _RPS_stop
 .bss._RPS_foundpacket
                0x1fff1c5e        0x1 Libraries\FEHRPS.o
                0x1fff1c5e                _RPS_foundpacket
 *fill*         0x1fff1c5f        0x1 00
 .bss.SD        0x1fff1c60        0x4 Libraries\FEHSD.o
                0x1fff1c60                SD
 .bss.logfil    0x1fff1c64      0x228 Libraries\FEHSD.o
                0x1fff1c64                logfil
 .bss.__stdio_exit
                0x1fff1e8c        0x4 C:\fehqt\Proteus/EWL/lib/armv7e-m\libc.a(exit.o)
                0x1fff1e8c                __stdio_exit
 .bss.__console_exit
                0x1fff1e90        0x4 C:\fehqt\Proteus/EWL/lib/armv7e-m\libc.a(exit.o)
                0x1fff1e90                __console_exit
 .bss.__S_romp  0x1fff1e94        0xc C:\fehqt\Proteus/EWL/lib/armv7e-m\librt.a(ROMCopy.o)
 .bss.__global_destructor_chain
                0x1fff1ea0        0x4 C:\fehqt\Proteus/EWL/lib/armv7e-m\librt.a(__arm_eabi_init.o)
                0x1fff1ea0                __global_destructor_chain
 *(COMMON)
                0x1fff1ea4                . = ALIGN (0x4)
                0x1fff1ea4                __END_BSS = .
                0x1fff1ea4                PROVIDE (__bss_end__, __END_BSS)

._user_heap_stack
                0x1fff1ea4     0x1000 load address 0x00017f3c
                0x1fff1ea4                . = ALIGN (0x4)
                0x1fff1ea4                PROVIDE (end, .)
                0x1fff1ea4                PROVIDE (_end, .)
                0x1fff1ea4                __heap_addr = .
                0x1fff26a4                . = (. + __heap_size)
 *fill*         0x1fff1ea4      0x800 00
                0x1fff2ea4                . = (. + __stack_size)
 *fill*         0x1fff26a4      0x800 00
                0x1fff2ea4                . = ALIGN (0x4)
                0x000178cc                _romp_at = ((___ROM_AT + SIZEOF (.data)) + SIZEOF (.user_data2))

.romp           0x20000000       0x24 load address 0x000178cc
                0x000178cc                __S_romp = _romp_at
                0x20000000        0x4 LONG 0x16498 ___ROM_AT
                0x20000004        0x4 LONG 0x1fff0400 _sdata
                0x20000008        0x4 LONG 0x1434 ___data_size
                0x2000000c        0x4 LONG 0x178cc ___m_data2_ROMStart
                0x20000010        0x4 LONG 0x20000000 ___m_data2_RAMStart
                0x20000014        0x4 LONG 0x0 ___m_data2_ROMSize
                0x20000018        0x4 LONG 0x0
                0x2000001c        0x4 LONG 0x0
                0x20000020        0x4 LONG 0x0

.ARM.attributes
                0x00000000       0x33
 *(.ARM.attributes)
 .ARM.attributes
                0x00000000       0x33 ..\main.o
 .ARM.attributes
                0x00000033       0x33 Startup\__arm_start.o
 .ARM.attributes
                0x00000066       0x33 Startup\__arm_end.o
 .ARM.attributes
                0x00000099       0x33 Startup\kinetis_sysinit.o
 .ARM.attributes
                0x000000cc       0x33 Libraries\FEHMotor.o
 .ARM.attributes
                0x000000ff       0x33 Drivers\i2c.o
 .ARM.attributes
                0x00000132       0x33 Drivers\spi.o
 .ARM.attributes
                0x00000165       0x33 Drivers\uart.o
 .ARM.attributes
                0x00000198       0x33 Drivers\ff.o
 .ARM.attributes
                0x000001cb       0x33 Drivers\SDHC.o
 .ARM.attributes
                0x000001fe       0x33 Drivers\lptmr.o
 .ARM.attributes
                0x00000231       0x33 FEHProteus.o
 .ARM.attributes
                0x00000264       0x33 Drivers\FEHPropeller.o
 .ARM.attributes
                0x00000297       0x33 Libraries\FEHUtility.o
 .ARM.attributes
                0x000002ca       0x33 Libraries\FEHIO.o
 .ARM.attributes
                0x000002fd       0x33 Drivers\adc16.o
 .ARM.attributes
                0x00000330       0x33 Libraries\FEHBuzzer.o
 .ARM.attributes
                0x00000363       0x33 Libraries\FEHLCD.o
 .ARM.attributes
                0x00000396       0x33 Libraries\FEHAccel.o
 .ARM.attributes
                0x000003c9       0x33 Libraries\FEHBattery.o
 .ARM.attributes
                0x000003fc       0x33 Drivers\FEHXBee.o
 .ARM.attributes
                0x0000042f       0x33 Libraries\FEHRPS.o
 .ARM.attributes
                0x00000462       0x33 Libraries\FEHSD.o
 .ARM.attributes
                0x00000495       0x33 C:\fehqt\Proteus/EWL/lib/armv7e-m\libm.a(s_cos.o)
 .ARM.attributes
                0x000004c8       0x33 C:\fehqt\Proteus/EWL/lib/armv7e-m\libm.a(s_sin.o)
 .ARM.attributes
                0x000004fb       0x33 C:\fehqt\Proteus/EWL/lib/armv7e-m\libm.a(e_rem_pio2.o)
 .ARM.attributes
                0x0000052e       0x33 C:\fehqt\Proteus/EWL/lib/armv7e-m\libm.a(k_cos.o)
 .ARM.attributes
                0x00000561       0x33 C:\fehqt\Proteus/EWL/lib/armv7e-m\libm.a(k_rem_pio2.o)
 .ARM.attributes
                0x00000594       0x33 C:\fehqt\Proteus/EWL/lib/armv7e-m\libm.a(k_sin.o)
 .ARM.attributes
                0x000005c7       0x33 C:\fehqt\Proteus/EWL/lib/armv7e-m\libm.a(s_floor.o)
 .ARM.attributes
                0x000005fa       0x33 C:\fehqt\Proteus/EWL/lib/armv7e-m\libm.a(scalbn.o)
 .ARM.attributes
                0x0000062d       0x33 C:\fehqt\Proteus/EWL/lib/armv7e-m\libm.a(s_frexp.o)
 .ARM.attributes
                0x00000660       0x33 C:\fehqt\Proteus/EWL/lib/armv7e-m\libm.a(s_ldexp.o)
 .ARM.attributes
                0x00000693       0x33 C:\fehqt\Proteus/EWL/lib/armv7e-m\libm.a(math_api.o)
 .ARM.attributes
                0x000006c6       0x33 C:\fehqt\Proteus/EWL/lib/armv7e-m\libc.a(sprintf.o)
 .ARM.attributes
                0x000006f9       0x33 C:\fehqt\Proteus/EWL/lib/armv7e-m\libc.a(vsnprintf.o)
 .ARM.attributes
                0x0000072c       0x33 C:\fehqt\Proteus/EWL/lib/armv7e-m\libc.a(exit.o)
 .ARM.attributes
                0x0000075f       0x33 C:\fehqt\Proteus/EWL/lib/armv7e-m\libc.a(memcpy.o)
 .ARM.attributes
                0x00000792       0x33 C:\fehqt\Proteus/EWL/lib/armv7e-m\libc.a(memset.o)
 .ARM.attributes
                0x000007c5       0x33 C:\fehqt\Proteus/EWL/lib/armv7e-m\libc.a(strlen.o)
 .ARM.attributes
                0x000007f8       0x33 C:\fehqt\Proteus/EWL/lib/armv7e-m\libc.a(printformat_.o)
 .ARM.attributes
                0x0000082b       0x33 C:\fehqt\Proteus/EWL/lib/armv7e-m\libc.a(scanformat_.o)
 .ARM.attributes
                0x0000085e       0x33 C:\fehqt\Proteus/EWL/lib/armv7e-m\libc.a(ctype_aeabi.o)
 .ARM.attributes
                0x00000891       0x33 C:\fehqt\Proteus/EWL/lib/armv7e-m\libc.a(__strtoul.o)
 .ARM.attributes
                0x000008c4       0x33 C:\fehqt\Proteus/EWL/lib/armv7e-m\libc.a(__filll_mem.o)
 .ARM.attributes
                0x000008f7       0x33 C:\fehqt\Proteus/EWL/lib/armv7e-m\libc.a(memchr.o)
 .ARM.attributes
                0x0000092a       0x33 C:\fehqt\Proteus/EWL/lib/armv7e-m\libc.a(strchr.o)
 .ARM.attributes
                0x0000095d       0x1e c:/fehqt/proteus/gcc/bin/../lib/gcc/arm-none-eabi/4.6.2/armv7e-m\libgcc.a(_arm_addsubdf3.o)
 .ARM.attributes
                0x0000097b       0x1e c:/fehqt/proteus/gcc/bin/../lib/gcc/arm-none-eabi/4.6.2/armv7e-m\libgcc.a(_arm_muldivdf3.o)
 .ARM.attributes
                0x00000999       0x1e c:/fehqt/proteus/gcc/bin/../lib/gcc/arm-none-eabi/4.6.2/armv7e-m\libgcc.a(_arm_cmpdf2.o)
 .ARM.attributes
                0x000009b7       0x1e c:/fehqt/proteus/gcc/bin/../lib/gcc/arm-none-eabi/4.6.2/armv7e-m\libgcc.a(_arm_fixdfsi.o)
 .ARM.attributes
                0x000009d5       0x1e c:/fehqt/proteus/gcc/bin/../lib/gcc/arm-none-eabi/4.6.2/armv7e-m\libgcc.a(_arm_fixunsdfsi.o)
 .ARM.attributes
                0x000009f3       0x1e c:/fehqt/proteus/gcc/bin/../lib/gcc/arm-none-eabi/4.6.2/armv7e-m\libgcc.a(_arm_truncdfsf2.o)
 .ARM.attributes
                0x00000a11       0x1e c:/fehqt/proteus/gcc/bin/../lib/gcc/arm-none-eabi/4.6.2/armv7e-m\libgcc.a(_arm_addsubsf3.o)
 .ARM.attributes
                0x00000a2f       0x1e c:/fehqt/proteus/gcc/bin/../lib/gcc/arm-none-eabi/4.6.2/armv7e-m\libgcc.a(_arm_muldivsf3.o)
 .ARM.attributes
                0x00000a4d       0x1e c:/fehqt/proteus/gcc/bin/../lib/gcc/arm-none-eabi/4.6.2/armv7e-m\libgcc.a(_arm_cmpsf2.o)
 .ARM.attributes
                0x00000a6b       0x33 C:\fehqt\Proteus/EWL/lib/armv7e-m\librt.a(gcc_ctor_dtor.o)
 .ARM.attributes
                0x00000a9e       0x33 C:\fehqt\Proteus/EWL/lib/armv7e-m\librt.a(ROMCopy.o)
 .ARM.attributes
                0x00000ad1       0x33 C:\fehqt\Proteus/EWL/lib/armv7e-m\librt.a(__arm_eabi_init.o)
OUTPUT(../PerformanceTest1.elf elf32-littlearm)

.debug_info     0x00000000    0x14c1e
 .debug_info    0x00000000     0x1485 ..\main.o
 .debug_info    0x00001485     0x12c5 Startup\__arm_start.o
 .debug_info    0x0000274a       0x58 Startup\__arm_end.o
 .debug_info    0x000027a2      0x57d Startup\kinetis_sysinit.o
 .debug_info    0x00002d1f      0x335 Libraries\FEHMotor.o
 .debug_info    0x00003054      0x250 Drivers\i2c.o
 .debug_info    0x000032a4      0x6cf Drivers\spi.o
 .debug_info    0x00003973      0x59c Drivers\uart.o
 .debug_info    0x00003f0f     0x1da0 Drivers\ff.o
 .debug_info    0x00005caf      0xf1d Drivers\SDHC.o
 .debug_info    0x00006bcc      0x2de Drivers\lptmr.o
 .debug_info    0x00006eaa      0x1a7 FEHProteus.o
 .debug_info    0x00007051      0x722 Drivers\FEHPropeller.o
 .debug_info    0x00007773      0x36c Libraries\FEHUtility.o
 .debug_info    0x00007adf     0x21d4 Libraries\FEHIO.o
 .debug_info    0x00009cb3      0x4ab Drivers\adc16.o
 .debug_info    0x0000a15e      0xa42 Libraries\FEHBuzzer.o
 .debug_info    0x0000aba0     0x2c25 Libraries\FEHLCD.o
 .debug_info    0x0000d7c5      0x26a Libraries\FEHAccel.o
 .debug_info    0x0000da2f      0x3a9 Libraries\FEHBattery.o
 .debug_info    0x0000ddd8      0xac3 Drivers\FEHXBee.o
 .debug_info    0x0000e89b     0x1985 Libraries\FEHRPS.o
 .debug_info    0x00010220     0x1242 Libraries\FEHSD.o
 .debug_info    0x00011462      0x19d C:\fehqt\Proteus/EWL/lib/armv7e-m\libm.a(s_cos.o)
 .debug_info    0x000115ff      0x19d C:\fehqt\Proteus/EWL/lib/armv7e-m\libm.a(s_sin.o)
 .debug_info    0x0001179c      0x345 C:\fehqt\Proteus/EWL/lib/armv7e-m\libm.a(e_rem_pio2.o)
 .debug_info    0x00011ae1      0x235 C:\fehqt\Proteus/EWL/lib/armv7e-m\libm.a(k_cos.o)
 .debug_info    0x00011d16      0x31b C:\fehqt\Proteus/EWL/lib/armv7e-m\libm.a(k_rem_pio2.o)
 .debug_info    0x00012031      0x22a C:\fehqt\Proteus/EWL/lib/armv7e-m\libm.a(k_sin.o)
 .debug_info    0x0001225b      0x1b1 C:\fehqt\Proteus/EWL/lib/armv7e-m\libm.a(s_floor.o)
 .debug_info    0x0001240c       0xfa C:\fehqt\Proteus/EWL/lib/armv7e-m\libm.a(scalbn.o)
 .debug_info    0x00012506      0x1a9 C:\fehqt\Proteus/EWL/lib/armv7e-m\libm.a(s_frexp.o)
 .debug_info    0x000126af      0x1ea C:\fehqt\Proteus/EWL/lib/armv7e-m\libm.a(s_ldexp.o)
 .debug_info    0x00012899      0x32c C:\fehqt\Proteus/EWL/lib/armv7e-m\libm.a(math_api.o)
 .debug_info    0x00012bc5      0x11f C:\fehqt\Proteus/EWL/lib/armv7e-m\libc.a(sprintf.o)
 .debug_info    0x00012ce4      0x206 C:\fehqt\Proteus/EWL/lib/armv7e-m\libc.a(vsnprintf.o)
 .debug_info    0x00012eea      0x103 C:\fehqt\Proteus/EWL/lib/armv7e-m\libc.a(exit.o)
 .debug_info    0x00012fed      0x113 C:\fehqt\Proteus/EWL/lib/armv7e-m\libc.a(memcpy.o)
 .debug_info    0x00013100       0xf4 C:\fehqt\Proteus/EWL/lib/armv7e-m\libc.a(memset.o)
 .debug_info    0x000131f4       0xf3 C:\fehqt\Proteus/EWL/lib/armv7e-m\libc.a(strlen.o)
 .debug_info    0x000132e7      0x512 C:\fehqt\Proteus/EWL/lib/armv7e-m\libc.a(printformat_.o)
 .debug_info    0x000137f9      0x564 C:\fehqt\Proteus/EWL/lib/armv7e-m\libc.a(scanformat_.o)
 .debug_info    0x00013d5d      0x32a C:\fehqt\Proteus/EWL/lib/armv7e-m\libc.a(ctype_aeabi.o)
 .debug_info    0x00014087      0x1d7 C:\fehqt\Proteus/EWL/lib/armv7e-m\libc.a(__strtoul.o)
 .debug_info    0x0001425e      0x13d C:\fehqt\Proteus/EWL/lib/armv7e-m\libc.a(__filll_mem.o)
 .debug_info    0x0001439b      0x129 C:\fehqt\Proteus/EWL/lib/armv7e-m\libc.a(memchr.o)
 .debug_info    0x000144c4      0x110 C:\fehqt\Proteus/EWL/lib/armv7e-m\libc.a(strchr.o)
 .debug_info    0x000145d4      0x1c0 C:\fehqt\Proteus/EWL/lib/armv7e-m\librt.a(gcc_ctor_dtor.o)
 .debug_info    0x00014794      0x1b8 C:\fehqt\Proteus/EWL/lib/armv7e-m\librt.a(ROMCopy.o)
 .debug_info    0x0001494c      0x2d2 C:\fehqt\Proteus/EWL/lib/armv7e-m\librt.a(__arm_eabi_init.o)

.debug_abbrev   0x00000000     0x44ea
 .debug_abbrev  0x00000000      0x315 ..\main.o
 .debug_abbrev  0x00000315      0x28f Startup\__arm_start.o
 .debug_abbrev  0x000005a4       0x45 Startup\__arm_end.o
 .debug_abbrev  0x000005e9      0x18a Startup\kinetis_sysinit.o
 .debug_abbrev  0x00000773      0x18c Libraries\FEHMotor.o
 .debug_abbrev  0x000008ff       0xfc Drivers\i2c.o
 .debug_abbrev  0x000009fb      0x18b Drivers\spi.o
 .debug_abbrev  0x00000b86      0x15f Drivers\uart.o
 .debug_abbrev  0x00000ce5      0x18f Drivers\ff.o
 .debug_abbrev  0x00000e74      0x223 Drivers\SDHC.o
 .debug_abbrev  0x00001097       0xd2 Drivers\lptmr.o
 .debug_abbrev  0x00001169      0x101 FEHProteus.o
 .debug_abbrev  0x0000126a      0x1c6 Drivers\FEHPropeller.o
 .debug_abbrev  0x00001430      0x154 Libraries\FEHUtility.o
 .debug_abbrev  0x00001584      0x4ca Libraries\FEHIO.o
 .debug_abbrev  0x00001a4e      0x12a Drivers\adc16.o
 .debug_abbrev  0x00001b78      0x1da Libraries\FEHBuzzer.o
 .debug_abbrev  0x00001d52      0x38c Libraries\FEHLCD.o
 .debug_abbrev  0x000020de      0x13b Libraries\FEHAccel.o
 .debug_abbrev  0x00002219      0x1cb Libraries\FEHBattery.o
 .debug_abbrev  0x000023e4      0x231 Drivers\FEHXBee.o
 .debug_abbrev  0x00002615      0x37f Libraries\FEHRPS.o
 .debug_abbrev  0x00002994      0x33a Libraries\FEHSD.o
 .debug_abbrev  0x00002cce       0xd9 C:\fehqt\Proteus/EWL/lib/armv7e-m\libm.a(s_cos.o)
 .debug_abbrev  0x00002da7       0xd9 C:\fehqt\Proteus/EWL/lib/armv7e-m\libm.a(s_sin.o)
 .debug_abbrev  0x00002e80      0x100 C:\fehqt\Proteus/EWL/lib/armv7e-m\libm.a(e_rem_pio2.o)
 .debug_abbrev  0x00002f80       0xd0 C:\fehqt\Proteus/EWL/lib/armv7e-m\libm.a(k_cos.o)
 .debug_abbrev  0x00003050       0xf7 C:\fehqt\Proteus/EWL/lib/armv7e-m\libm.a(k_rem_pio2.o)
 .debug_abbrev  0x00003147       0xee C:\fehqt\Proteus/EWL/lib/armv7e-m\libm.a(k_sin.o)
 .debug_abbrev  0x00003235       0xc3 C:\fehqt\Proteus/EWL/lib/armv7e-m\libm.a(s_floor.o)
 .debug_abbrev  0x000032f8       0x88 C:\fehqt\Proteus/EWL/lib/armv7e-m\libm.a(scalbn.o)
 .debug_abbrev  0x00003380       0xd2 C:\fehqt\Proteus/EWL/lib/armv7e-m\libm.a(s_frexp.o)
 .debug_abbrev  0x00003452       0xd2 C:\fehqt\Proteus/EWL/lib/armv7e-m\libm.a(s_ldexp.o)
 .debug_abbrev  0x00003524      0x136 C:\fehqt\Proteus/EWL/lib/armv7e-m\libm.a(math_api.o)
 .debug_abbrev  0x0000365a       0xb5 C:\fehqt\Proteus/EWL/lib/armv7e-m\libc.a(sprintf.o)
 .debug_abbrev  0x0000370f       0xf4 C:\fehqt\Proteus/EWL/lib/armv7e-m\libc.a(vsnprintf.o)
 .debug_abbrev  0x00003803       0x8f C:\fehqt\Proteus/EWL/lib/armv7e-m\libc.a(exit.o)
 .debug_abbrev  0x00003892       0x97 C:\fehqt\Proteus/EWL/lib/armv7e-m\libc.a(memcpy.o)
 .debug_abbrev  0x00003929       0x66 C:\fehqt\Proteus/EWL/lib/armv7e-m\libc.a(memset.o)
 .debug_abbrev  0x0000398f       0x7e C:\fehqt\Proteus/EWL/lib/armv7e-m\libc.a(strlen.o)
 .debug_abbrev  0x00003a0d      0x204 C:\fehqt\Proteus/EWL/lib/armv7e-m\libc.a(printformat_.o)
 .debug_abbrev  0x00003c11      0x1fb C:\fehqt\Proteus/EWL/lib/armv7e-m\libc.a(scanformat_.o)
 .debug_abbrev  0x00003e0c       0x9a C:\fehqt\Proteus/EWL/lib/armv7e-m\libc.a(ctype_aeabi.o)
 .debug_abbrev  0x00003ea6       0xc6 C:\fehqt\Proteus/EWL/lib/armv7e-m\libc.a(__strtoul.o)
 .debug_abbrev  0x00003f6c       0x8b C:\fehqt\Proteus/EWL/lib/armv7e-m\libc.a(__filll_mem.o)
 .debug_abbrev  0x00003ff7       0x99 C:\fehqt\Proteus/EWL/lib/armv7e-m\libc.a(memchr.o)
 .debug_abbrev  0x00004090       0x8d C:\fehqt\Proteus/EWL/lib/armv7e-m\libc.a(strchr.o)
 .debug_abbrev  0x0000411d       0x9d C:\fehqt\Proteus/EWL/lib/armv7e-m\librt.a(gcc_ctor_dtor.o)
 .debug_abbrev  0x000041ba      0x160 C:\fehqt\Proteus/EWL/lib/armv7e-m\librt.a(ROMCopy.o)
 .debug_abbrev  0x0000431a      0x1d0 C:\fehqt\Proteus/EWL/lib/armv7e-m\librt.a(__arm_eabi_init.o)

.debug_loc      0x00000000     0x7a3e
 .debug_loc     0x00000000      0x33c ..\main.o
 .debug_loc     0x0000033c       0xb0 Startup\__arm_start.o
 .debug_loc     0x000003ec       0x38 Startup\__arm_end.o
 .debug_loc     0x00000424       0x84 Startup\kinetis_sysinit.o
 .debug_loc     0x000004a8       0xe0 Libraries\FEHMotor.o
 .debug_loc     0x00000588       0xe0 Drivers\i2c.o
 .debug_loc     0x00000668      0x19c Drivers\spi.o
 .debug_loc     0x00000804       0xe0 Drivers\uart.o
 .debug_loc     0x000008e4      0xa96 Drivers\ff.o
 .debug_loc     0x0000137a      0x370 Drivers\SDHC.o
 .debug_loc     0x000016ea       0x38 Drivers\lptmr.o
 .debug_loc     0x00001722       0x64 FEHProteus.o
 .debug_loc     0x00001786      0x118 Drivers\FEHPropeller.o
 .debug_loc     0x0000189e      0x1a8 Libraries\FEHUtility.o
 .debug_loc     0x00001a46      0xb52 Libraries\FEHIO.o
 .debug_loc     0x00002598       0xa8 Drivers\adc16.o
 .debug_loc     0x00002640      0x304 Libraries\FEHBuzzer.o
 .debug_loc     0x00002944     0x1147 Libraries\FEHLCD.o
 .debug_loc     0x00003a8b      0x144 Libraries\FEHAccel.o
 .debug_loc     0x00003bcf       0xd4 Libraries\FEHBattery.o
 .debug_loc     0x00003ca3      0x1c0 Drivers\FEHXBee.o
 .debug_loc     0x00003e63      0x3b0 Libraries\FEHRPS.o
 .debug_loc     0x00004213      0x188 Libraries\FEHSD.o
 .debug_loc     0x0000439b       0xee C:\fehqt\Proteus/EWL/lib/armv7e-m\libm.a(s_cos.o)
 .debug_loc     0x00004489       0xee C:\fehqt\Proteus/EWL/lib/armv7e-m\libm.a(s_sin.o)
 .debug_loc     0x00004577      0x2ae C:\fehqt\Proteus/EWL/lib/armv7e-m\libm.a(e_rem_pio2.o)
 .debug_loc     0x00004825       0xff C:\fehqt\Proteus/EWL/lib/armv7e-m\libm.a(k_cos.o)
 .debug_loc     0x00004924      0x5da C:\fehqt\Proteus/EWL/lib/armv7e-m\libm.a(k_rem_pio2.o)
 .debug_loc     0x00004efe       0xbc C:\fehqt\Proteus/EWL/lib/armv7e-m\libm.a(k_sin.o)
 .debug_loc     0x00004fba      0x108 C:\fehqt\Proteus/EWL/lib/armv7e-m\libm.a(s_floor.o)
 .debug_loc     0x000050c2       0x6e C:\fehqt\Proteus/EWL/lib/armv7e-m\libm.a(scalbn.o)
 .debug_loc     0x00005130       0xb7 C:\fehqt\Proteus/EWL/lib/armv7e-m\libm.a(s_frexp.o)
 .debug_loc     0x000051e7      0x130 C:\fehqt\Proteus/EWL/lib/armv7e-m\libm.a(s_ldexp.o)
 .debug_loc     0x00005317      0x27c C:\fehqt\Proteus/EWL/lib/armv7e-m\libm.a(math_api.o)
 .debug_loc     0x00005593       0x3f C:\fehqt\Proteus/EWL/lib/armv7e-m\libc.a(sprintf.o)
 .debug_loc     0x000055d2      0x105 C:\fehqt\Proteus/EWL/lib/armv7e-m\libc.a(vsnprintf.o)
 .debug_loc     0x000056d7       0x3e C:\fehqt\Proteus/EWL/lib/armv7e-m\libc.a(exit.o)
 .debug_loc     0x00005715       0x46 C:\fehqt\Proteus/EWL/lib/armv7e-m\libc.a(memcpy.o)
 .debug_loc     0x0000575b       0x64 C:\fehqt\Proteus/EWL/lib/armv7e-m\libc.a(memset.o)
 .debug_loc     0x000057bf       0x31 C:\fehqt\Proteus/EWL/lib/armv7e-m\libc.a(strlen.o)
 .debug_loc     0x000057f0     0x106f C:\fehqt\Proteus/EWL/lib/armv7e-m\libc.a(printformat_.o)
 .debug_loc     0x0000685f      0x8cb C:\fehqt\Proteus/EWL/lib/armv7e-m\libc.a(scanformat_.o)
 .debug_loc     0x0000712a      0x18e C:\fehqt\Proteus/EWL/lib/armv7e-m\libc.a(ctype_aeabi.o)
 .debug_loc     0x000072b8      0x2ad C:\fehqt\Proteus/EWL/lib/armv7e-m\libc.a(__strtoul.o)
 .debug_loc     0x00007565      0x12c C:\fehqt\Proteus/EWL/lib/armv7e-m\libc.a(__filll_mem.o)
 .debug_loc     0x00007691       0x82 C:\fehqt\Proteus/EWL/lib/armv7e-m\libc.a(memchr.o)
 .debug_loc     0x00007713       0x78 C:\fehqt\Proteus/EWL/lib/armv7e-m\libc.a(strchr.o)
 .debug_loc     0x0000778b       0xbe C:\fehqt\Proteus/EWL/lib/armv7e-m\librt.a(gcc_ctor_dtor.o)
 .debug_loc     0x00007849       0x9b C:\fehqt\Proteus/EWL/lib/armv7e-m\librt.a(ROMCopy.o)
 .debug_loc     0x000078e4      0x15a C:\fehqt\Proteus/EWL/lib/armv7e-m\librt.a(__arm_eabi_init.o)

.debug_aranges  0x00000000     0x1070
 .debug_aranges
                0x00000000       0x90 ..\main.o
 .debug_aranges
                0x00000090       0x48 Startup\__arm_start.o
 .debug_aranges
                0x000000d8       0x20 Startup\__arm_end.o
 .debug_aranges
                0x000000f8       0x30 Startup\kinetis_sysinit.o
 .debug_aranges
                0x00000128       0x38 Libraries\FEHMotor.o
 .debug_aranges
                0x00000160       0x38 Drivers\i2c.o
 .debug_aranges
                0x00000198       0x58 Drivers\spi.o
 .debug_aranges
                0x000001f0       0x38 Drivers\uart.o
 .debug_aranges
                0x00000228      0x198 Drivers\ff.o
 .debug_aranges
                0x000003c0       0x98 Drivers\SDHC.o
 .debug_aranges
                0x00000458       0x20 Drivers\lptmr.o
 .debug_aranges
                0x00000478       0x28 FEHProteus.o
 .debug_aranges
                0x000004a0       0x40 Drivers\FEHPropeller.o
 .debug_aranges
                0x000004e0       0x58 Libraries\FEHUtility.o
 .debug_aranges
                0x00000538      0x1c0 Libraries\FEHIO.o
 .debug_aranges
                0x000006f8       0x30 Drivers\adc16.o
 .debug_aranges
                0x00000728       0x88 Libraries\FEHBuzzer.o
 .debug_aranges
                0x000007b0      0x290 Libraries\FEHLCD.o
 .debug_aranges
                0x00000a40       0x48 Libraries\FEHAccel.o
 .debug_aranges
                0x00000a88       0x38 Libraries\FEHBattery.o
 .debug_aranges
                0x00000ac0       0x58 Drivers\FEHXBee.o
 .debug_aranges
                0x00000b18       0xa0 Libraries\FEHRPS.o
 .debug_aranges
                0x00000bb8       0x50 Libraries\FEHSD.o
 .debug_aranges
                0x00000c08       0x20 C:\fehqt\Proteus/EWL/lib/armv7e-m\libm.a(s_cos.o)
 .debug_aranges
                0x00000c28       0x20 C:\fehqt\Proteus/EWL/lib/armv7e-m\libm.a(s_sin.o)
 .debug_aranges
                0x00000c48       0x20 C:\fehqt\Proteus/EWL/lib/armv7e-m\libm.a(e_rem_pio2.o)
 .debug_aranges
                0x00000c68       0x20 C:\fehqt\Proteus/EWL/lib/armv7e-m\libm.a(k_cos.o)
 .debug_aranges
                0x00000c88       0x20 C:\fehqt\Proteus/EWL/lib/armv7e-m\libm.a(k_rem_pio2.o)
 .debug_aranges
                0x00000ca8       0x20 C:\fehqt\Proteus/EWL/lib/armv7e-m\libm.a(k_sin.o)
 .debug_aranges
                0x00000cc8       0x20 C:\fehqt\Proteus/EWL/lib/armv7e-m\libm.a(s_floor.o)
 .debug_aranges
                0x00000ce8       0x20 C:\fehqt\Proteus/EWL/lib/armv7e-m\libm.a(scalbn.o)
 .debug_aranges
                0x00000d08       0x20 C:\fehqt\Proteus/EWL/lib/armv7e-m\libm.a(s_frexp.o)
 .debug_aranges
                0x00000d28       0x20 C:\fehqt\Proteus/EWL/lib/armv7e-m\libm.a(s_ldexp.o)
 .debug_aranges
                0x00000d48       0x60 C:\fehqt\Proteus/EWL/lib/armv7e-m\libm.a(math_api.o)
 .debug_aranges
                0x00000da8       0x20 C:\fehqt\Proteus/EWL/lib/armv7e-m\libc.a(sprintf.o)
 .debug_aranges
                0x00000dc8       0x28 C:\fehqt\Proteus/EWL/lib/armv7e-m\libc.a(vsnprintf.o)
 .debug_aranges
                0x00000df0       0x20 C:\fehqt\Proteus/EWL/lib/armv7e-m\libc.a(exit.o)
 .debug_aranges
                0x00000e10       0x20 C:\fehqt\Proteus/EWL/lib/armv7e-m\libc.a(memcpy.o)
 .debug_aranges
                0x00000e30       0x20 C:\fehqt\Proteus/EWL/lib/armv7e-m\libc.a(memset.o)
 .debug_aranges
                0x00000e50       0x20 C:\fehqt\Proteus/EWL/lib/armv7e-m\libc.a(strlen.o)
 .debug_aranges
                0x00000e70       0x28 C:\fehqt\Proteus/EWL/lib/armv7e-m\libc.a(printformat_.o)
 .debug_aranges
                0x00000e98       0x20 C:\fehqt\Proteus/EWL/lib/armv7e-m\libc.a(scanformat_.o)
 .debug_aranges
                0x00000eb8       0x88 C:\fehqt\Proteus/EWL/lib/armv7e-m\libc.a(ctype_aeabi.o)
 .debug_aranges
                0x00000f40       0x20 C:\fehqt\Proteus/EWL/lib/armv7e-m\libc.a(__strtoul.o)
 .debug_aranges
                0x00000f60       0x20 C:\fehqt\Proteus/EWL/lib/armv7e-m\libc.a(__filll_mem.o)
 .debug_aranges
                0x00000f80       0x20 C:\fehqt\Proteus/EWL/lib/armv7e-m\libc.a(memchr.o)
 .debug_aranges
                0x00000fa0       0x20 C:\fehqt\Proteus/EWL/lib/armv7e-m\libc.a(strchr.o)
 .debug_aranges
                0x00000fc0       0x28 C:\fehqt\Proteus/EWL/lib/armv7e-m\librt.a(gcc_ctor_dtor.o)
 .debug_aranges
                0x00000fe8       0x30 C:\fehqt\Proteus/EWL/lib/armv7e-m\librt.a(ROMCopy.o)
 .debug_aranges
                0x00001018       0x58 C:\fehqt\Proteus/EWL/lib/armv7e-m\librt.a(__arm_eabi_init.o)

.debug_line     0x00000000     0x84f1
 .debug_line    0x00000000      0x545 ..\main.o
 .debug_line    0x00000545      0x3ae Startup\__arm_start.o
 .debug_line    0x000008f3      0x21a Startup\__arm_end.o
 .debug_line    0x00000b0d      0x283 Startup\kinetis_sysinit.o
 .debug_line    0x00000d90      0x237 Libraries\FEHMotor.o
 .debug_line    0x00000fc7      0x2ad Drivers\i2c.o
 .debug_line    0x00001274      0x295 Drivers\spi.o
 .debug_line    0x00001509      0x212 Drivers\uart.o
 .debug_line    0x0000171b     0x1114 Drivers\ff.o
 .debug_line    0x0000282f      0x678 Drivers\SDHC.o
 .debug_line    0x00002ea7      0x1c0 Drivers\lptmr.o
 .debug_line    0x00003067      0x1da FEHProteus.o
 .debug_line    0x00003241      0x264 Drivers\FEHPropeller.o
 .debug_line    0x000034a5      0x282 Libraries\FEHUtility.o
 .debug_line    0x00003727      0x8fd Libraries\FEHIO.o
 .debug_line    0x00004024      0x20f Drivers\adc16.o
 .debug_line    0x00004233      0x2df Libraries\FEHBuzzer.o
 .debug_line    0x00004512     0x1152 Libraries\FEHLCD.o
 .debug_line    0x00005664      0x23f Libraries\FEHAccel.o
 .debug_line    0x000058a3      0x218 Libraries\FEHBattery.o
 .debug_line    0x00005abb      0x349 Drivers\FEHXBee.o
 .debug_line    0x00005e04      0x6e9 Libraries\FEHRPS.o
 .debug_line    0x000064ed      0x334 Libraries\FEHSD.o
 .debug_line    0x00006821       0xcd C:\fehqt\Proteus/EWL/lib/armv7e-m\libm.a(s_cos.o)
 .debug_line    0x000068ee       0xc4 C:\fehqt\Proteus/EWL/lib/armv7e-m\libm.a(s_sin.o)
 .debug_line    0x000069b2      0x124 C:\fehqt\Proteus/EWL/lib/armv7e-m\libm.a(e_rem_pio2.o)
 .debug_line    0x00006ad6       0xbf C:\fehqt\Proteus/EWL/lib/armv7e-m\libm.a(k_cos.o)
 .debug_line    0x00006b95      0x341 C:\fehqt\Proteus/EWL/lib/armv7e-m\libm.a(k_rem_pio2.o)
 .debug_line    0x00006ed6       0xb6 C:\fehqt\Proteus/EWL/lib/armv7e-m\libm.a(k_sin.o)
 .debug_line    0x00006f8c       0xd0 C:\fehqt\Proteus/EWL/lib/armv7e-m\libm.a(s_floor.o)
 .debug_line    0x0000705c       0x75 C:\fehqt\Proteus/EWL/lib/armv7e-m\libm.a(scalbn.o)
 .debug_line    0x000070d1       0xc1 C:\fehqt\Proteus/EWL/lib/armv7e-m\libm.a(s_frexp.o)
 .debug_line    0x00007192       0xcc C:\fehqt\Proteus/EWL/lib/armv7e-m\libm.a(s_ldexp.o)
 .debug_line    0x0000725e      0x178 C:\fehqt\Proteus/EWL/lib/armv7e-m\libm.a(math_api.o)
 .debug_line    0x000073d6       0x94 C:\fehqt\Proteus/EWL/lib/armv7e-m\libc.a(sprintf.o)
 .debug_line    0x0000746a       0xd2 C:\fehqt\Proteus/EWL/lib/armv7e-m\libc.a(vsnprintf.o)
 .debug_line    0x0000753c       0x94 C:\fehqt\Proteus/EWL/lib/armv7e-m\libc.a(exit.o)
 .debug_line    0x000075d0       0x8d C:\fehqt\Proteus/EWL/lib/armv7e-m\libc.a(memcpy.o)
 .debug_line    0x0000765d       0x8f C:\fehqt\Proteus/EWL/lib/armv7e-m\libc.a(memset.o)
 .debug_line    0x000076ec       0x89 C:\fehqt\Proteus/EWL/lib/armv7e-m\libc.a(strlen.o)
 .debug_line    0x00007775      0x2c6 C:\fehqt\Proteus/EWL/lib/armv7e-m\libc.a(printformat_.o)
 .debug_line    0x00007a3b      0x2e3 C:\fehqt\Proteus/EWL/lib/armv7e-m\libc.a(scanformat_.o)
 .debug_line    0x00007d1e      0x1dd C:\fehqt\Proteus/EWL/lib/armv7e-m\libc.a(ctype_aeabi.o)
 .debug_line    0x00007efb      0x141 C:\fehqt\Proteus/EWL/lib/armv7e-m\libc.a(__strtoul.o)
 .debug_line    0x0000803c      0x121 C:\fehqt\Proteus/EWL/lib/armv7e-m\libc.a(__filll_mem.o)
 .debug_line    0x0000815d       0xa3 C:\fehqt\Proteus/EWL/lib/armv7e-m\libc.a(memchr.o)
 .debug_line    0x00008200       0x84 C:\fehqt\Proteus/EWL/lib/armv7e-m\libc.a(strchr.o)
 .debug_line    0x00008284       0x94 C:\fehqt\Proteus/EWL/lib/armv7e-m\librt.a(gcc_ctor_dtor.o)
 .debug_line    0x00008318       0xc0 C:\fehqt\Proteus/EWL/lib/armv7e-m\librt.a(ROMCopy.o)
 .debug_line    0x000083d8      0x119 C:\fehqt\Proteus/EWL/lib/armv7e-m\librt.a(__arm_eabi_init.o)

.debug_macinfo  0x00000000   0x83a49f
 .debug_macinfo
                0x00000000    0x67ced ..\main.o
 .debug_macinfo
                0x00067ced    0x6480d Startup\__arm_start.o
 .debug_macinfo
                0x000cc4fa     0x3464 Startup\__arm_end.o
 .debug_macinfo
                0x000cf95e    0x64ce0 Startup\kinetis_sysinit.o
 .debug_macinfo
                0x0013463e    0x6305c Libraries\FEHMotor.o
 .debug_macinfo
                0x0019769a    0x6318f Drivers\i2c.o
 .debug_macinfo
                0x001fa829    0x62fd6 Drivers\spi.o
 .debug_macinfo
                0x0025d7ff    0x62fc7 Drivers\uart.o
 .debug_macinfo
                0x002c07c6     0x4396 Drivers\ff.o
 .debug_macinfo
                0x002c4b5c    0x6452b Drivers\SDHC.o
 .debug_macinfo
                0x00329087    0x63036 Drivers\lptmr.o
 .debug_macinfo
                0x0038c0bd    0x62fdc FEHProteus.o
 .debug_macinfo
                0x003ef099    0x63085 Drivers\FEHPropeller.o
 .debug_macinfo
                0x0045211e    0x62ff1 Libraries\FEHUtility.o
 .debug_macinfo
                0x004b510f    0x6435a Libraries\FEHIO.o
 .debug_macinfo
                0x00519469    0x63678 Drivers\adc16.o
 .debug_macinfo
                0x0057cae1    0x6301e Libraries\FEHBuzzer.o
 .debug_macinfo
                0x005dfaff    0x649bd Libraries\FEHLCD.o
 .debug_macinfo
                0x006444bc    0x631be Libraries\FEHAccel.o
 .debug_macinfo
                0x006a767a    0x636a3 Libraries\FEHBattery.o
 .debug_macinfo
                0x0070ad1d    0x63d5d Drivers\FEHXBee.o
 .debug_macinfo
                0x0076ea7a    0x66194 Libraries\FEHRPS.o
 .debug_macinfo
                0x007d4c0e    0x65891 Libraries\FEHSD.o

.debug_str      0x00000000     0x516c
 .debug_str     0x00000000     0x1193 ..\main.o
                               0x1256 (size before relaxing)
 .debug_str     0x00001193      0x353 Startup\__arm_start.o
                                0xe65 (size before relaxing)
 .debug_str     0x000014e6       0x58 Startup\__arm_end.o
                                 0xb3 (size before relaxing)
 .debug_str     0x0000153e      0x154 Startup\kinetis_sysinit.o
                                0x35e (size before relaxing)
 .debug_str     0x00001692       0x2f Libraries\FEHMotor.o
                                0x2d1 (size before relaxing)
 .debug_str     0x000016c1      0x115 Drivers\i2c.o
                                0x1fa (size before relaxing)
 .debug_str     0x000017d6      0x18b Drivers\spi.o
                                0x3b3 (size before relaxing)
 .debug_str     0x00001961      0x188 Drivers\uart.o
                                0x348 (size before relaxing)
 .debug_str     0x00001ae9      0x6b5 Drivers\ff.o
                                0x84b (size before relaxing)
 .debug_str     0x0000219e      0x546 Drivers\SDHC.o
                                0x821 (size before relaxing)
 .debug_str     0x000026e4       0x5a Drivers\lptmr.o
                                0x201 (size before relaxing)
 .debug_str     0x0000273e       0x28 FEHProteus.o
                                0x24d (size before relaxing)
 .debug_str     0x00002766       0x1f Drivers\FEHPropeller.o
                                0x38e (size before relaxing)
 .debug_str     0x00002785       0xc0 Libraries\FEHUtility.o
                                0x1d2 (size before relaxing)
 .debug_str     0x00002845      0xfe2 Libraries\FEHIO.o
                               0x15b0 (size before relaxing)
 .debug_str     0x00003827       0xd7 Drivers\adc16.o
                                0x292 (size before relaxing)
 .debug_str     0x000038fe      0x1ba Libraries\FEHBuzzer.o
                                0x3a4 (size before relaxing)
 .debug_str     0x00003ab8      0x471 Libraries\FEHLCD.o
                               0x1105 (size before relaxing)
 .debug_str     0x00003f29       0x68 Libraries\FEHAccel.o
                                0x196 (size before relaxing)
 .debug_str     0x00003f91       0x5d Libraries\FEHBattery.o
                                0x357 (size before relaxing)
 .debug_str     0x00003fee      0x1f1 Drivers\FEHXBee.o
                                0x53d (size before relaxing)
 .debug_str     0x000041df      0x33f Libraries\FEHRPS.o
                               0x14db (size before relaxing)
 .debug_str     0x0000451e       0x75 Libraries\FEHSD.o
                                0xf22 (size before relaxing)
 .debug_str     0x00004593       0x91 C:\fehqt\Proteus/EWL/lib/armv7e-m\libm.a(s_cos.o)
                                0x144 (size before relaxing)
 .debug_str     0x00004624       0x11 C:\fehqt\Proteus/EWL/lib/armv7e-m\libm.a(s_sin.o)
                                0x144 (size before relaxing)
 .debug_str     0x00004635       0x83 C:\fehqt\Proteus/EWL/lib/armv7e-m\libm.a(e_rem_pio2.o)
                                0x1b6 (size before relaxing)
 .debug_str     0x000046b8       0x1e C:\fehqt\Proteus/EWL/lib/armv7e-m\libm.a(k_cos.o)
                                0x151 (size before relaxing)
 .debug_str     0x000046d6       0x57 C:\fehqt\Proteus/EWL/lib/armv7e-m\libm.a(k_rem_pio2.o)
                                0x18d (size before relaxing)
 .debug_str     0x0000472d       0x1e C:\fehqt\Proteus/EWL/lib/armv7e-m\libm.a(k_sin.o)
                                0x156 (size before relaxing)
 .debug_str     0x0000474b       0x19 C:\fehqt\Proteus/EWL/lib/armv7e-m\libm.a(s_floor.o)
                                0x14c (size before relaxing)
 .debug_str     0x00004764       0x1e C:\fehqt\Proteus/EWL/lib/armv7e-m\libm.a(scalbn.o)
                                0x13f (size before relaxing)
 .debug_str     0x00004782       0x24 C:\fehqt\Proteus/EWL/lib/armv7e-m\libm.a(s_frexp.o)
                                0x15d (size before relaxing)
 .debug_str     0x000047a6       0x25 C:\fehqt\Proteus/EWL/lib/armv7e-m\libm.a(s_ldexp.o)
                                0x164 (size before relaxing)
 .debug_str     0x000047cb       0xe7 C:\fehqt\Proteus/EWL/lib/armv7e-m\libm.a(math_api.o)
                                0x228 (size before relaxing)
 .debug_str     0x000048b2       0x1c C:\fehqt\Proteus/EWL/lib/armv7e-m\libc.a(sprintf.o)
                                0x15a (size before relaxing)
 .debug_str     0x000048ce       0x83 C:\fehqt\Proteus/EWL/lib/armv7e-m\libc.a(vsnprintf.o)
                                0x1c3 (size before relaxing)
 .debug_str     0x00004951       0x2e C:\fehqt\Proteus/EWL/lib/armv7e-m\libc.a(exit.o)
                                0x14e (size before relaxing)
 .debug_str     0x0000497f       0x1c C:\fehqt\Proteus/EWL/lib/armv7e-m\libc.a(memcpy.o)
                                0x138 (size before relaxing)
 .debug_str     0x0000499b       0x1c C:\fehqt\Proteus/EWL/lib/armv7e-m\libc.a(memset.o)
                                0x140 (size before relaxing)
 .debug_str     0x000049b7       0x24 C:\fehqt\Proteus/EWL/lib/armv7e-m\libc.a(strlen.o)
                                0x140 (size before relaxing)
 .debug_str     0x000049db      0x213 C:\fehqt\Proteus/EWL/lib/armv7e-m\libc.a(printformat_.o)
                                0x3aa (size before relaxing)
 .debug_str     0x00004bee      0x17b C:\fehqt\Proteus/EWL/lib/armv7e-m\libc.a(scanformat_.o)
                                0x3f0 (size before relaxing)
 .debug_str     0x00004d69       0x9d C:\fehqt\Proteus/EWL/lib/armv7e-m\libc.a(ctype_aeabi.o)
                                0x1b3 (size before relaxing)
 .debug_str     0x00004e06       0x55 C:\fehqt\Proteus/EWL/lib/armv7e-m\libc.a(__strtoul.o)
                                0x1f2 (size before relaxing)
 .debug_str     0x00004e5b       0x25 C:\fehqt\Proteus/EWL/lib/armv7e-m\libc.a(__filll_mem.o)
                                0x152 (size before relaxing)
 .debug_str     0x00004e80       0x1c C:\fehqt\Proteus/EWL/lib/armv7e-m\libc.a(memchr.o)
                                0x148 (size before relaxing)
 .debug_str     0x00004e9c       0x1c C:\fehqt\Proteus/EWL/lib/armv7e-m\libc.a(strchr.o)
                                0x137 (size before relaxing)
 .debug_str     0x00004eb8      0x126 C:\fehqt\Proteus/EWL/lib/armv7e-m\librt.a(gcc_ctor_dtor.o)
                                0x185 (size before relaxing)
 .debug_str     0x00004fde       0x9b C:\fehqt\Proteus/EWL/lib/armv7e-m\librt.a(ROMCopy.o)
                                0x140 (size before relaxing)
 .debug_str     0x00005079       0xf3 C:\fehqt\Proteus/EWL/lib/armv7e-m\librt.a(__arm_eabi_init.o)
                                0x1ac (size before relaxing)

.comment        0x00000000       0x79
 .comment       0x00000000       0x79 ..\main.o
                                 0x7a (size before relaxing)
 .comment       0x00000000       0x7a Startup\__arm_start.o
 .comment       0x00000000       0x7a Startup\__arm_end.o
 .comment       0x00000000       0x7a Startup\kinetis_sysinit.o
 .comment       0x00000000       0x7a Libraries\FEHMotor.o
 .comment       0x00000000       0x7a Drivers\i2c.o
 .comment       0x00000000       0x7a Drivers\spi.o
 .comment       0x00000000       0x7a Drivers\uart.o
 .comment       0x00000000       0x7a Drivers\ff.o
 .comment       0x00000000       0x7a Drivers\SDHC.o
 .comment       0x00000000       0x7a Drivers\lptmr.o
 .comment       0x00000000       0x7a FEHProteus.o
 .comment       0x00000000       0x7a Drivers\FEHPropeller.o
 .comment       0x00000000       0x7a Libraries\FEHUtility.o
 .comment       0x00000000       0x7a Libraries\FEHIO.o
 .comment       0x00000000       0x7a Drivers\adc16.o
 .comment       0x00000000       0x7a Libraries\FEHBuzzer.o
 .comment       0x00000000       0x7a Libraries\FEHLCD.o
 .comment       0x00000000       0x7a Libraries\FEHAccel.o
 .comment       0x00000000       0x7a Libraries\FEHBattery.o
 .comment       0x00000000       0x7a Drivers\FEHXBee.o
 .comment       0x00000000       0x7a Libraries\FEHRPS.o
 .comment       0x00000000       0x7a Libraries\FEHSD.o
 .comment       0x00000000       0x7a C:\fehqt\Proteus/EWL/lib/armv7e-m\libm.a(s_cos.o)
 .comment       0x00000000       0x7a C:\fehqt\Proteus/EWL/lib/armv7e-m\libm.a(s_sin.o)
 .comment       0x00000000       0x7a C:\fehqt\Proteus/EWL/lib/armv7e-m\libm.a(e_rem_pio2.o)
 .comment       0x00000000       0x7a C:\fehqt\Proteus/EWL/lib/armv7e-m\libm.a(k_cos.o)
 .comment       0x00000000       0x7a C:\fehqt\Proteus/EWL/lib/armv7e-m\libm.a(k_rem_pio2.o)
 .comment       0x00000000       0x7a C:\fehqt\Proteus/EWL/lib/armv7e-m\libm.a(k_sin.o)
 .comment       0x00000000       0x7a C:\fehqt\Proteus/EWL/lib/armv7e-m\libm.a(s_floor.o)
 .comment       0x00000000       0x7a C:\fehqt\Proteus/EWL/lib/armv7e-m\libm.a(scalbn.o)
 .comment       0x00000000       0x7a C:\fehqt\Proteus/EWL/lib/armv7e-m\libm.a(s_frexp.o)
 .comment       0x00000000       0x7a C:\fehqt\Proteus/EWL/lib/armv7e-m\libm.a(s_ldexp.o)
 .comment       0x00000000       0x7a C:\fehqt\Proteus/EWL/lib/armv7e-m\libm.a(math_api.o)
 .comment       0x00000000       0x7a C:\fehqt\Proteus/EWL/lib/armv7e-m\libc.a(sprintf.o)
 .comment       0x00000000       0x7a C:\fehqt\Proteus/EWL/lib/armv7e-m\libc.a(vsnprintf.o)
 .comment       0x00000000       0x7a C:\fehqt\Proteus/EWL/lib/armv7e-m\libc.a(exit.o)
 .comment       0x00000000       0x7a C:\fehqt\Proteus/EWL/lib/armv7e-m\libc.a(memcpy.o)
 .comment       0x00000000       0x7a C:\fehqt\Proteus/EWL/lib/armv7e-m\libc.a(memset.o)
 .comment       0x00000000       0x7a C:\fehqt\Proteus/EWL/lib/armv7e-m\libc.a(strlen.o)
 .comment       0x00000000       0x7a C:\fehqt\Proteus/EWL/lib/armv7e-m\libc.a(printformat_.o)
 .comment       0x00000000       0x7a C:\fehqt\Proteus/EWL/lib/armv7e-m\libc.a(scanformat_.o)
 .comment       0x00000000       0x7a C:\fehqt\Proteus/EWL/lib/armv7e-m\libc.a(ctype_aeabi.o)
 .comment       0x00000000       0x7a C:\fehqt\Proteus/EWL/lib/armv7e-m\libc.a(__strtoul.o)
 .comment       0x00000000       0x7a C:\fehqt\Proteus/EWL/lib/armv7e-m\libc.a(__filll_mem.o)
 .comment       0x00000000       0x7a C:\fehqt\Proteus/EWL/lib/armv7e-m\libc.a(memchr.o)
 .comment       0x00000000       0x7a C:\fehqt\Proteus/EWL/lib/armv7e-m\libc.a(strchr.o)
 .comment       0x00000000       0x7a C:\fehqt\Proteus/EWL/lib/armv7e-m\librt.a(gcc_ctor_dtor.o)
 .comment       0x00000000       0x7a C:\fehqt\Proteus/EWL/lib/armv7e-m\librt.a(ROMCopy.o)
 .comment       0x00000000       0x7a C:\fehqt\Proteus/EWL/lib/armv7e-m\librt.a(__arm_eabi_init.o)

.debug_frame    0x00000000     0x2ea0
 .debug_frame   0x00000000      0x1ec ..\main.o
 .debug_frame   0x000001ec       0x98 Startup\__arm_start.o
 .debug_frame   0x00000284       0x2c Startup\__arm_end.o
 .debug_frame   0x000002b0       0x5c Startup\kinetis_sysinit.o
 .debug_frame   0x0000030c       0x94 Libraries\FEHMotor.o
 .debug_frame   0x000003a0       0x88 Drivers\i2c.o
 .debug_frame   0x00000428       0xf8 Drivers\spi.o
 .debug_frame   0x00000520       0x84 Drivers\uart.o
 .debug_frame   0x000005a4      0x5e8 Drivers\ff.o
 .debug_frame   0x00000b8c      0x1e8 Drivers\SDHC.o
 .debug_frame   0x00000d74       0x2c Drivers\lptmr.o
 .debug_frame   0x00000da0       0x4c FEHProteus.o
 .debug_frame   0x00000dec       0xa8 Drivers\FEHPropeller.o
 .debug_frame   0x00000e94       0xf8 Libraries\FEHUtility.o
 .debug_frame   0x00000f8c      0x658 Libraries\FEHIO.o
 .debug_frame   0x000015e4       0x64 Drivers\adc16.o
 .debug_frame   0x00001648      0x1c8 Libraries\FEHBuzzer.o
 .debug_frame   0x00001810      0x9c0 Libraries\FEHLCD.o
 .debug_frame   0x000021d0       0xd8 Libraries\FEHAccel.o
 .debug_frame   0x000022a8       0x8c Libraries\FEHBattery.o
 .debug_frame   0x00002334       0xfc Drivers\FEHXBee.o
 .debug_frame   0x00002430      0x210 Libraries\FEHRPS.o
 .debug_frame   0x00002640       0xf0 Libraries\FEHSD.o
 .debug_frame   0x00002730       0x30 C:\fehqt\Proteus/EWL/lib/armv7e-m\libm.a(s_cos.o)
 .debug_frame   0x00002760       0x30 C:\fehqt\Proteus/EWL/lib/armv7e-m\libm.a(s_sin.o)
 .debug_frame   0x00002790       0x38 C:\fehqt\Proteus/EWL/lib/armv7e-m\libm.a(e_rem_pio2.o)
 .debug_frame   0x000027c8       0x38 C:\fehqt\Proteus/EWL/lib/armv7e-m\libm.a(k_cos.o)
 .debug_frame   0x00002800       0x3c C:\fehqt\Proteus/EWL/lib/armv7e-m\libm.a(k_rem_pio2.o)
 .debug_frame   0x0000283c       0x38 C:\fehqt\Proteus/EWL/lib/armv7e-m\libm.a(k_sin.o)
 .debug_frame   0x00002874       0x34 C:\fehqt\Proteus/EWL/lib/armv7e-m\libm.a(s_floor.o)
 .debug_frame   0x000028a8       0x2c C:\fehqt\Proteus/EWL/lib/armv7e-m\libm.a(scalbn.o)
 .debug_frame   0x000028d4       0x2c C:\fehqt\Proteus/EWL/lib/armv7e-m\libm.a(s_frexp.o)
 .debug_frame   0x00002900       0x34 C:\fehqt\Proteus/EWL/lib/armv7e-m\libm.a(s_ldexp.o)
 .debug_frame   0x00002934       0xd8 C:\fehqt\Proteus/EWL/lib/armv7e-m\libm.a(math_api.o)
 .debug_frame   0x00002a0c       0x34 C:\fehqt\Proteus/EWL/lib/armv7e-m\libc.a(sprintf.o)
 .debug_frame   0x00002a40       0x4c C:\fehqt\Proteus/EWL/lib/armv7e-m\libc.a(vsnprintf.o)
 .debug_frame   0x00002a8c       0x28 C:\fehqt\Proteus/EWL/lib/armv7e-m\libc.a(exit.o)
 .debug_frame   0x00002ab4       0x28 C:\fehqt\Proteus/EWL/lib/armv7e-m\libc.a(memcpy.o)
 .debug_frame   0x00002adc       0x28 C:\fehqt\Proteus/EWL/lib/armv7e-m\libc.a(memset.o)
 .debug_frame   0x00002b04       0x20 C:\fehqt\Proteus/EWL/lib/armv7e-m\libc.a(strlen.o)
 .debug_frame   0x00002b24       0x64 C:\fehqt\Proteus/EWL/lib/armv7e-m\libc.a(printformat_.o)
 .debug_frame   0x00002b88       0x3c C:\fehqt\Proteus/EWL/lib/armv7e-m\libc.a(scanformat_.o)
 .debug_frame   0x00002bc4       0xf0 C:\fehqt\Proteus/EWL/lib/armv7e-m\libc.a(ctype_aeabi.o)
 .debug_frame   0x00002cb4       0x3c C:\fehqt\Proteus/EWL/lib/armv7e-m\libc.a(__strtoul.o)
 .debug_frame   0x00002cf0       0x2c C:\fehqt\Proteus/EWL/lib/armv7e-m\libc.a(__filll_mem.o)
 .debug_frame   0x00002d1c       0x28 C:\fehqt\Proteus/EWL/lib/armv7e-m\libc.a(memchr.o)
 .debug_frame   0x00002d44       0x20 C:\fehqt\Proteus/EWL/lib/armv7e-m\libc.a(strchr.o)
 .debug_frame   0x00002d64       0x48 C:\fehqt\Proteus/EWL/lib/armv7e-m\librt.a(gcc_ctor_dtor.o)
 .debug_frame   0x00002dac       0x48 C:\fehqt\Proteus/EWL/lib/armv7e-m\librt.a(ROMCopy.o)
 .debug_frame   0x00002df4       0xac C:\fehqt\Proteus/EWL/lib/armv7e-m\librt.a(__arm_eabi_init.o)
